<html>
<body>
<pre>
<h1>µVision Build Log</h1>
<h2>Tool Versions:</h2>
IDE-Version: µVision V5.37.0.0
Copyright (C) 2022 ARM Ltd and ARM Germany GmbH. All rights reserved.
License Information: liang qiu, qiu, LIC=ZB4EI-TJLRG-KP0ZY-ISTJK-4NU06-AHAQE
 
Tool Versions:
Toolchain:       MDK-ARM Plus  Version: 5.37.0.0
Toolchain Path:  D:\RoboMaster\SoftWare\MDK537\ARM\ARMCLANG\Bin
C Compiler:      ArmClang.exe V6.18
Assembler:       Armasm.exe V6.18
Linker/Locator:  ArmLink.exe V6.18
Library Manager: ArmAr.exe V6.18
Hex Converter:   FromElf.exe V6.18
CPU DLL:         SARMCM3.DLL V5.37.0.0
Dialog DLL:      DCM.DLL V1.17.5.0
Target DLL:      CMSIS_AGDI.dll V1.33.12.0
Dialog DLL:      TCM.DLL V1.56.1.0
 
<h2>Project:</h2>
D:\RoboMaster\2026\lidar\dachuang\Horizon_frame_f1\MDK-ARM\Horizon_frame_f1.uvprojx
Project File Date:  04/09/2026

<h2>Output:</h2>
*** Using Compiler 'V6.18', folder: 'D:\RoboMaster\SoftWare\MDK537\ARM\ARMCLANG\Bin'
Build target 'Horizon_frame_f1'
../User/App/esp.c(40): warning: passing 'char[48]' to parameter of type 'const uint8_t *' (aka 'const unsigned char *') converts between pointers to integer types where one is of the unique plain 'char' type and the other is not [-Wpointer-sign]
    at_send_nb(header);
               ^~~~~~
../User/App/esp.c(26): note: passing argument to parameter 'cmd' here
static uint8_t at_send_nb(const uint8_t *cmd) {
                                         ^
../User/App/esp.c(74): warning: passing 'char[128]' to parameter of type 'const uint8_t *' (aka 'const unsigned char *') converts between pointers to integer types where one is of the unique plain 'char' type and the other is not [-Wpointer-sign]
            send_data_nb(esp_client_id, json, (uint16_t)strlen(json));
                                        ^~~~
../User/App/esp.c(33): note: passing argument to parameter 'data' here
static void send_data_nb(uint8_t client_id, const uint8_t *data, uint16_t len) {
                                                           ^
../User/App/esp.c(97): warning: passing 'const char *' to parameter of type 'const uint8_t *' (aka 'const unsigned char *') converts between pointers to integer types where one is of the unique plain 'char' type and the other is not [-Wpointer-sign]
            send_data_nb(esp_client_id, html, (uint16_t)strlen(html));
                                        ^~~~
../User/App/esp.c(33): note: passing argument to parameter 'data' here
static void send_data_nb(uint8_t client_id, const uint8_t *data, uint16_t len) {
                                                           ^
3 warnings generated.
compiling esp.c...
linking...
Program Size: Code=47912 RO-data=4324 RW-data=172 ZI-data=10972  
FromELF: creating hex file...
"Horizon_frame_f1\Horizon_frame_f1.axf" - 0 Error(s), 3 Warning(s).

<h2>Software Packages used:</h2>

Package Vendor: ARM
                http://www.keil.com/pack/ARM.CMSIS.5.9.0.pack
                ARM.CMSIS.5.9.0
                CMSIS (Common Microcontroller Software Interface Standard)
   * Component: CORE Version: 5.6.0

Package Vendor: Keil
                http://www.keil.com/pack/Keil.STM32F1xx_DFP.2.3.0.pack
                Keil.STM32F1xx_DFP.2.3.0
                STMicroelectronics STM32F1 Series Device Support, Drivers and Examples

<h2>Collection of Component include folders:</h2>
  ./RTE/_Horizon_frame_f1
  D:/RoboMaster/SoftWare/MDK537/Package/ARM/CMSIS/5.9.0/CMSIS/Core/Include
  D:/RoboMaster/SoftWare/MDK537/Package/Keil/STM32F1xx_DFP/2.3.0/Device/Include

<h2>Collection of Component Files used:</h2>

   * Component: ARM::CMSIS:CORE:5.6.0
      Include file:  CMSIS/Core/Include/tz_context.h
Build Time Elapsed:  00:00:01
</pre>
</body>
</html>
