Component: Arm Compiler for Embedded 6.18 Tool: armlink [5e4cc100]

==============================================================================

Section Cross References

    startup_stm32f103xb.o(STACK) refers (Special) to heapauxi.o(.text) for __use_two_region_memory
    startup_stm32f103xb.o(HEAP) refers (Special) to heapauxi.o(.text) for __use_two_region_memory
    startup_stm32f103xb.o(RESET) refers (Special) to heapauxi.o(.text) for __use_two_region_memory
    startup_stm32f103xb.o(RESET) refers to startup_stm32f103xb.o(STACK) for __initial_sp
    startup_stm32f103xb.o(RESET) refers to startup_stm32f103xb.o(.text) for Reset_Handler
    startup_stm32f103xb.o(RESET) refers to stm32f1xx_it.o(.text.NMI_Handler) for NMI_Handler
    startup_stm32f103xb.o(RESET) refers to stm32f1xx_it.o(.text.HardFault_Handler) for HardFault_Handler
    startup_stm32f103xb.o(RESET) refers to stm32f1xx_it.o(.text.MemManage_Handler) for MemManage_Handler
    startup_stm32f103xb.o(RESET) refers to stm32f1xx_it.o(.text.BusFault_Handler) for BusFault_Handler
    startup_stm32f103xb.o(RESET) refers to stm32f1xx_it.o(.text.UsageFault_Handler) for UsageFault_Handler
    startup_stm32f103xb.o(RESET) refers to port.o(.text.SVC_Handler) for SVC_Handler
    startup_stm32f103xb.o(RESET) refers to stm32f1xx_it.o(.text.DebugMon_Handler) for DebugMon_Handler
    startup_stm32f103xb.o(RESET) refers to port.o(.text.PendSV_Handler) for PendSV_Handler
    startup_stm32f103xb.o(RESET) refers to port.o(.text.SysTick_Handler) for SysTick_Handler
    startup_stm32f103xb.o(RESET) refers to stm32f1xx_it.o(.text.DMA1_Channel3_IRQHandler) for DMA1_Channel3_IRQHandler
    startup_stm32f103xb.o(RESET) refers to stm32f1xx_it.o(.text.DMA1_Channel4_IRQHandler) for DMA1_Channel4_IRQHandler
    startup_stm32f103xb.o(RESET) refers to stm32f1xx_it.o(.text.DMA1_Channel5_IRQHandler) for DMA1_Channel5_IRQHandler
    startup_stm32f103xb.o(RESET) refers to stm32f1xx_it.o(.text.DMA1_Channel6_IRQHandler) for DMA1_Channel6_IRQHandler
    startup_stm32f103xb.o(RESET) refers to stm32f1xx_it.o(.text.DMA1_Channel7_IRQHandler) for DMA1_Channel7_IRQHandler
    startup_stm32f103xb.o(RESET) refers to stm32f1xx_it.o(.text.USB_HP_CAN1_TX_IRQHandler) for USB_HP_CAN1_TX_IRQHandler
    startup_stm32f103xb.o(RESET) refers to stm32f1xx_it.o(.text.USB_LP_CAN1_RX0_IRQHandler) for USB_LP_CAN1_RX0_IRQHandler
    startup_stm32f103xb.o(RESET) refers to stm32f1xx_it.o(.text.TIM1_UP_IRQHandler) for TIM1_UP_IRQHandler
    startup_stm32f103xb.o(RESET) refers to stm32f1xx_it.o(.text.TIM2_IRQHandler) for TIM2_IRQHandler
    startup_stm32f103xb.o(RESET) refers to stm32f1xx_it.o(.text.USART1_IRQHandler) for USART1_IRQHandler
    startup_stm32f103xb.o(RESET) refers to stm32f1xx_it.o(.text.USART2_IRQHandler) for USART2_IRQHandler
    startup_stm32f103xb.o(RESET) refers to stm32f1xx_it.o(.text.USART3_IRQHandler) for USART3_IRQHandler
    startup_stm32f103xb.o(.text) refers (Special) to heapauxi.o(.text) for __use_two_region_memory
    startup_stm32f103xb.o(.text) refers to system_stm32f1xx.o(.text.SystemInit) for SystemInit
    startup_stm32f103xb.o(.text) refers to __main.o(!!!main) for __main
    startup_stm32f103xb.o(.text) refers to startup_stm32f103xb.o(HEAP) for Heap_Mem
    startup_stm32f103xb.o(.text) refers to startup_stm32f103xb.o(STACK) for Stack_Mem
    main.o(.text.main) refers to stm32f1xx_hal.o(.text.HAL_Init) for HAL_Init
    main.o(.text.main) refers to stm32f1xx_hal_rcc.o(.text.HAL_RCC_OscConfig) for HAL_RCC_OscConfig
    main.o(.text.main) refers to stm32f1xx_hal_rcc.o(.text.HAL_RCC_ClockConfig) for HAL_RCC_ClockConfig
    main.o(.text.main) refers to gpio.o(.text.MX_GPIO_Init) for MX_GPIO_Init
    main.o(.text.main) refers to dma.o(.text.MX_DMA_Init) for MX_DMA_Init
    main.o(.text.main) refers to can.o(.text.MX_CAN_Init) for MX_CAN_Init
    main.o(.text.main) refers to tim.o(.text.MX_TIM2_Init) for MX_TIM2_Init
    main.o(.text.main) refers to usart.o(.text.MX_USART2_UART_Init) for MX_USART2_UART_Init
    main.o(.text.main) refers to usart.o(.text.MX_USART3_UART_Init) for MX_USART3_UART_Init
    main.o(.text.main) refers to usart.o(.text.MX_USART1_UART_Init) for MX_USART1_UART_Init
    main.o(.text.main) refers to i2c.o(.text.MX_I2C1_Init) for MX_I2C1_Init
    main.o(.text.main) refers to freertos.o(.text.MX_FREERTOS_Init) for MX_FREERTOS_Init
    main.o(.text.main) refers to cmsis_os.o(.text.osKernelStart) for osKernelStart
    main.o(.ARM.exidx.text.main) refers to main.o(.text.main) for [Anonymous Symbol]
    main.o(.text.SystemClock_Config) refers to stm32f1xx_hal_rcc.o(.text.HAL_RCC_OscConfig) for HAL_RCC_OscConfig
    main.o(.text.SystemClock_Config) refers to stm32f1xx_hal_rcc.o(.text.HAL_RCC_ClockConfig) for HAL_RCC_ClockConfig
    main.o(.ARM.exidx.text.SystemClock_Config) refers to main.o(.text.SystemClock_Config) for [Anonymous Symbol]
    main.o(.ARM.exidx.text.Error_Handler) refers to main.o(.text.Error_Handler) for [Anonymous Symbol]
[...]
    HAL_CAN_TxMailbox0AbortCallback          0x0800361d   Thumb Code     2  stm32f1xx_hal_can.o(.text.HAL_CAN_TxMailbox0AbortCallback)
    HAL_CAN_TxMailbox0CompleteCallback       0x08003621   Thumb Code     2  stm32f1xx_hal_can.o(.text.HAL_CAN_TxMailbox0CompleteCallback)
    HAL_CAN_TxMailbox1AbortCallback          0x08003625   Thumb Code     2  stm32f1xx_hal_can.o(.text.HAL_CAN_TxMailbox1AbortCallback)
    HAL_CAN_TxMailbox1CompleteCallback       0x08003629   Thumb Code     2  stm32f1xx_hal_can.o(.text.HAL_CAN_TxMailbox1CompleteCallback)
    HAL_CAN_TxMailbox2AbortCallback          0x0800362d   Thumb Code     2  stm32f1xx_hal_can.o(.text.HAL_CAN_TxMailbox2AbortCallback)
    HAL_CAN_TxMailbox2CompleteCallback       0x08003631   Thumb Code     2  stm32f1xx_hal_can.o(.text.HAL_CAN_TxMailbox2CompleteCallback)
    HAL_CAN_WakeUpFromRxMsgCallback          0x08003635   Thumb Code     2  stm32f1xx_hal_can.o(.text.HAL_CAN_WakeUpFromRxMsgCallback)
    HAL_DMA_Abort                            0x08003639   Thumb Code    70  stm32f1xx_hal_dma.o(.text.HAL_DMA_Abort)
    HAL_DMA_Abort_IT                         0x08003681   Thumb Code   178  stm32f1xx_hal_dma.o(.text.HAL_DMA_Abort_IT)
    HAL_DMA_IRQHandler                       0x08003735   Thumb Code   416  stm32f1xx_hal_dma.o(.text.HAL_DMA_IRQHandler)
    HAL_DMA_Init                             0x080038d5   Thumb Code   136  stm32f1xx_hal_dma.o(.text.HAL_DMA_Init)
    HAL_DMA_Start_IT                         0x0800395d   Thumb Code   156  stm32f1xx_hal_dma.o(.text.HAL_DMA_Start_IT)
    HAL_Delay                                0x080039f9   Thumb Code    40  stm32f1xx_hal.o(.text.HAL_Delay)
    HAL_GPIO_Init                            0x08003a21   Thumb Code   530  stm32f1xx_hal_gpio.o(.text.HAL_GPIO_Init)
    HAL_GPIO_TogglePin                       0x08003c35   Thumb Code    16  stm32f1xx_hal_gpio.o(.text.HAL_GPIO_TogglePin)
    HAL_GPIO_WritePin                        0x08003c45   Thumb Code    10  stm32f1xx_hal_gpio.o(.text.HAL_GPIO_WritePin)
    HAL_GetTick                              0x08003c51   Thumb Code    12  stm32f1xx_hal.o(.text.HAL_GetTick)
    HAL_I2C_Init                             0x08003c5d   Thumb Code   374  stm32f1xx_hal_i2c.o(.text.HAL_I2C_Init)
    HAL_I2C_Mem_Write                        0x08003dd5   Thumb Code   344  stm32f1xx_hal_i2c.o(.text.HAL_I2C_Mem_Write)
    HAL_I2C_MspInit                          0x08003f2d   Thumb Code    98  i2c.o(.text.HAL_I2C_MspInit)
    HAL_IncTick                              0x08003f91   Thumb Code    26  stm32f1xx_hal.o(.text.HAL_IncTick)
    HAL_Init                                 0x08003fad   Thumb Code    38  stm32f1xx_hal.o(.text.HAL_Init)
    HAL_InitTick                             0x08003fd5   Thumb Code   176  stm32f1xx_hal_timebase_tim.o(.text.HAL_InitTick)
    HAL_MspInit                              0x08004085   Thumb Code    80  stm32f1xx_hal_msp.o(.text.HAL_MspInit)
    HAL_NVIC_EnableIRQ                       0x080040d5   Thumb Code    32  stm32f1xx_hal_cortex.o(.text.HAL_NVIC_EnableIRQ)
    HAL_NVIC_SetPriority                     0x080040f5   Thumb Code    86  stm32f1xx_hal_cortex.o(.text.HAL_NVIC_SetPriority)
    HAL_NVIC_SetPriorityGrouping             0x0800414d   Thumb Code    32  stm32f1xx_hal_cortex.o(.text.HAL_NVIC_SetPriorityGrouping)
    HAL_RCC_ClockConfig                      0x0800416d   Thumb Code   446  stm32f1xx_hal_rcc.o(.text.HAL_RCC_ClockConfig)
    HAL_RCC_GetClockConfig                   0x0800432d   Thumb Code    66  stm32f1xx_hal_rcc.o(.text.HAL_RCC_GetClockConfig)
    HAL_RCC_GetPCLK1Freq                     0x08004371   Thumb Code    38  stm32f1xx_hal_rcc.o(.text.HAL_RCC_GetPCLK1Freq)
    HAL_RCC_GetPCLK2Freq                     0x08004399   Thumb Code    38  stm32f1xx_hal_rcc.o(.text.HAL_RCC_GetPCLK2Freq)
    HAL_RCC_OscConfig                        0x080043c1   Thumb Code   948  stm32f1xx_hal_rcc.o(.text.HAL_RCC_OscConfig)
    HAL_TIMEx_BreakCallback                  0x08004775   Thumb Code     2  stm32f1xx_hal_tim_ex.o(.text.HAL_TIMEx_BreakCallback)
    HAL_TIMEx_CommutCallback                 0x08004779   Thumb Code     2  stm32f1xx_hal_tim_ex.o(.text.HAL_TIMEx_CommutCallback)
    HAL_TIMEx_MasterConfigSynchronization    0x0800477d   Thumb Code   122  stm32f1xx_hal_tim_ex.o(.text.HAL_TIMEx_MasterConfigSynchronization)
    HAL_TIM_Base_Init                        0x080047f9   Thumb Code   250  stm32f1xx_hal_tim.o(.text.HAL_TIM_Base_Init)
    HAL_TIM_Base_MspInit                     0x080048f5   Thumb Code    64  tim.o(.text.HAL_TIM_Base_MspInit)
    HAL_TIM_Base_Start_IT                    0x08004935   Thumb Code   110  stm32f1xx_hal_tim.o(.text.HAL_TIM_Base_Start_IT)
    HAL_TIM_ConfigClockSource                0x080049a5   Thumb Code   412  stm32f1xx_hal_tim.o(.text.HAL_TIM_ConfigClockSource)
    HAL_TIM_IC_CaptureCallback               0x08004b41   Thumb Code     2  stm32f1xx_hal_tim.o(.text.HAL_TIM_IC_CaptureCallback)
    HAL_TIM_IRQHandler                       0x08004b45   Thumb Code   334  stm32f1xx_hal_tim.o(.text.HAL_TIM_IRQHandler)
    HAL_TIM_OC_DelayElapsedCallback          0x08004c95   Thumb Code     2  stm32f1xx_hal_tim.o(.text.HAL_TIM_OC_DelayElapsedCallback)
    HAL_TIM_PWM_PulseFinishedCallback        0x08004c99   Thumb Code     2  stm32f1xx_hal_tim.o(.text.HAL_TIM_PWM_PulseFinishedCallback)
    HAL_TIM_PeriodElapsedCallback            0x08004c9d   Thumb Code    20  main.o(.text.HAL_TIM_PeriodElapsedCallback)
    HAL_TIM_TriggerCallback                  0x08004cb1   Thumb Code     2  stm32f1xx_hal_tim.o(.text.HAL_TIM_TriggerCallback)
    HAL_UARTEx_RxEventCallback               0x08004cb5   Thumb Code     2  stm32f1xx_hal_uart.o(.text.HAL_UARTEx_RxEventCallback)
    HAL_UART_DMAStop                         0x08004cb9   Thumb Code   548  stm32f1xx_hal_uart.o(.text.HAL_UART_DMAStop)
    HAL_UART_ErrorCallback                   0x08004edd   Thumb Code     2  stm32f1xx_hal_uart.o(.text.HAL_UART_ErrorCallback)
    HAL_UART_IRQHandler                      0x08004ee1   Thumb Code  1380  stm32f1xx_hal_uart.o(.text.HAL_UART_IRQHandler)
    HAL_UART_Init                            0x08005445   Thumb Code   222  stm32f1xx_hal_uart.o(.text.HAL_UART_Init)
    HAL_UART_MspInit                         0x08005525   Thumb Code   666  usart.o(.text.HAL_UART_MspInit)
    HAL_UART_Receive_DMA                     0x080057c1   Thumb Code   352  stm32f1xx_hal_uart.o(.text.HAL_UART_Receive_DMA)
    HAL_UART_RxCpltCallback                  0x08005921   Thumb Code     2  irqn.o(.text.HAL_UART_RxCpltCallback)
    HAL_UART_RxHalfCpltCallback              0x08005925   Thumb Code     2  stm32f1xx_hal_uart.o(.text.HAL_UART_RxHalfCpltCallback)
    HAL_UART_Transmit_DMA                    0x08005929   Thumb Code   200  stm32f1xx_hal_uart.o(.text.HAL_UART_Transmit_DMA)
    HAL_UART_TxCpltCallback                  0x080059f1   Thumb Code    30  esp.o(.text.HAL_UART_TxCpltCallback)
    HAL_UART_TxHalfCpltCallback              0x08005a11   Thumb Code     2  stm32f1xx_hal_uart.o(.text.HAL_UART_TxHalfCpltCallback)
    HardFault_Handler                        0x08005a15   Thumb Code     2  stm32f1xx_it.o(.text.HardFault_Handler)
    MOTOR_PID_Gimbal_INIT                    0x08005f15   Thumb Code   262  gimbal_task.o(.text.MOTOR_PID_Gimbal_INIT)
    MX_CAN_Init                              0x0800601d   Thumb Code    68  can.o(.text.MX_CAN_Init)
    MX_DMA_Init                              0x08006061   Thumb Code   116  dma.o(.text.MX_DMA_Init)
    MX_FREERTOS_Init                         0x080060d5   Thumb Code   148  freertos.o(.text.MX_FREERTOS_Init)
    MX_GPIO_Init                             0x08006169   Thumb Code   132  gpio.o(.text.MX_GPIO_Init)
    MX_I2C1_Init                             0x080061ed   Thumb Code    66  i2c.o(.text.MX_I2C1_Init)
    MX_TIM2_Init                             0x08006231   Thumb Code   116  tim.o(.text.MX_TIM2_Init)
    MX_USART1_UART_Init                      0x080062a5   Thumb Code    60  usart.o(.text.MX_USART1_UART_Init)
    MX_USART2_UART_Init                      0x080062e1   Thumb Code    60  usart.o(.text.MX_USART2_UART_Init)
    MX_USART3_UART_Init                      0x0800631d   Thumb Code    72  usart.o(.text.MX_USART3_UART_Init)
    MemManage_Handler                        0x08006365   Thumb Code     2  stm32f1xx_it.o(.text.MemManage_Handler)
    MotorResolve                             0x08006369   Thumb Code    38  dji_motor.o(.text.MotorResolve)
    MotorRoundResolve                        0x08006391   Thumb Code    54  dji_motor.o(.text.MotorRoundResolve)
    NMI_Handler                              0x080063c9   Thumb Code     2  stm32f1xx_it.o(.text.NMI_Handler)
    OLED_Clear                               0x080063cd   Thumb Code   172  oled.o(.text.OLED_Clear)
    OLED_DrawBMP                             0x08006479   Thumb Code   522  oled.o(.text.OLED_DrawBMP)
    OLED_HorizontalShift                     0x08006685   Thumb Code   270  oled.o(.text.OLED_HorizontalShift)
    OLED_Init                                0x08006795   Thumb Code   642  oled.o(.text.OLED_Init)
    OLED_ShowCHinese                         0x08006a19   Thumb Code  2086  oled.o(.text.OLED_ShowCHinese)
    OLED_ShowChar                            0x08007241   Thumb Code  1798  oled.o(.text.OLED_ShowChar)
    OLED_ShowNum                             0x08007949   Thumb Code   284  oled.o(.text.OLED_ShowNum)
    OLED_ShowString                          0x08007a65   Thumb Code   142  oled.o(.text.OLED_ShowString)
    PID_Init                                 0x08007af5   Thumb Code    70  controller.o(.text.PID_Init)
    PendSV_Handler                           0x08007b41   Thumb Code    68  port.o(.text.PendSV_Handler)
    SVC_Handler                              0x08007b91   Thumb Code    36  port.o(.text.SVC_Handler)
    StartDefaultTask                         0x08007bb5   Thumb Code    32  all_task.o(.text.StartDefaultTask)
    StartGimbalTask                          0x08007bd5   Thumb Code    38  all_task.o(.text.StartGimbalTask)
    StartMonitorTask                         0x08007bfd   Thumb Code    32  all_task.o(.text.StartMonitorTask)
    SysTick_Handler                          0x08007c1d   Thumb Code    46  port.o(.text.SysTick_Handler)
    SystemInit                               0x08007c4d   Thumb Code     2  system_stm32f1xx.o(.text.SystemInit)
    TIM1_UP_IRQHandler                       0x08007c51   Thumb Code    12  stm32f1xx_it.o(.text.TIM1_UP_IRQHandler)
    TIM2_IRQHandler                          0x08007c5d   Thumb Code    12  stm32f1xx_it.o(.text.TIM2_IRQHandler)
    USART1_IRQHandler                        0x08008121   Thumb Code    26  stm32f1xx_it.o(.text.USART1_IRQHandler)
    USART2_IRQHandler                        0x0800813d   Thumb Code    26  stm32f1xx_it.o(.text.USART2_IRQHandler)
    USART3_IRQHandler                        0x08008159   Thumb Code    26  stm32f1xx_it.o(.text.USART3_IRQHandler)
    USB_HP_CAN1_TX_IRQHandler                0x08008175   Thumb Code    12  stm32f1xx_it.o(.text.USB_HP_CAN1_TX_IRQHandler)
    USB_LP_CAN1_RX0_IRQHandler               0x08008181   Thumb Code    12  stm32f1xx_it.o(.text.USB_LP_CAN1_RX0_IRQHandler)
    UsageFault_Handler                       0x0800818d   Thumb Code     2  stm32f1xx_it.o(.text.UsageFault_Handler)
    User_IRQHandler                          0x08008191   Thumb Code   142  irqn.o(.text.User_IRQHandler)
    esp_task_entry                           0x08008221   Thumb Code    50  esp.o(.text.esp_task_entry)
    main                                     0x08008255   Thumb Code   138  main.o(.text.main)
    oled_initc                               0x080082e1   Thumb Code   204  print.o(.text.oled_initc)
    osDelay                                  0x080083c9   Thumb Code    16  cmsis_os.o(.text.osDelay)
    osKernelStart                            0x080083d9   Thumb Code    10  cmsis_os.o(.text.osKernelStart)
    osMutexCreate                            0x080083e5   Thumb Code    16  cmsis_os.o(.text.osMutexCreate)
    osThreadCreate                           0x080083f5   Thumb Code    92  cmsis_os.o(.text.osThreadCreate)
    pvPortMalloc                             0x08008b51   Thumb Code   520  heap_4.o(.text.pvPortMalloc)
    pxPortInitialiseStack                    0x08008d59   Thumb Code    32  port.o(.text.pxPortInitialiseStack)
    uxListRemove                             0x08008d79   Thumb Code    36  list.o(.text.uxListRemove)
    vApplicationGetIdleTaskMemory            0x08008d9d   Thumb Code    26  freertos.o(.text.vApplicationGetIdleTaskMemory)
    vApplicationGetTimerTaskMemory           0x08008db9   Thumb Code    28  freertos.o(.text.vApplicationGetTimerTaskMemory)
    vListInitialise                          0x08008dd5   Thumb Code    22  list.o(.text.vListInitialise)
    vListInitialiseItem                      0x08008ded   Thumb Code     6  list.o(.text.vListInitialiseItem)
    vListInsert                              0x08008df5   Thumb Code    98  list.o(.text.vListInsert)
    vListInsertEnd                           0x08008e59   Thumb Code    28  list.o(.text.vListInsertEnd)
    vPortEnterCritical                       0x08008e75   Thumb Code    70  port.o(.text.vPortEnterCritical)
    vPortExitCritical                        0x08008ebd   Thumb Code    46  port.o(.text.vPortExitCritical)
    vPortFree                                0x08008eed   Thumb Code   212  heap_4.o(.text.vPortFree)
    vPortSetupTimerInterrupt                 0x08008fc1   Thumb Code    52  port.o(.text.vPortSetupTimerInterrupt)
    vQueueAddToRegistry                      0x08008ff5   Thumb Code   176  queue.o(.text.vQueueAddToRegistry)
    vQueueWaitForMessageRestricted           0x080090a5   Thumb Code    82  queue.o(.text.vQueueWaitForMessageRestricted)
    vTaskDelay                               0x080090f9   Thumb Code   158  tasks.o(.text.vTaskDelay)
    vTaskInternalSetTimeOutState             0x08009199   Thumb Code    18  tasks.o(.text.vTaskInternalSetTimeOutState)
    vTaskMissedYield                         0x080091ad   Thumb Code    14  tasks.o(.text.vTaskMissedYield)
    vTaskPlaceOnEventList                    0x080091bd   Thumb Code    54  tasks.o(.text.vTaskPlaceOnEventList)
    vTaskPlaceOnEventListRestricted          0x080091f5   Thumb Code   142  tasks.o(.text.vTaskPlaceOnEventListRestricted)
    vTaskStartScheduler                      0x08009285   Thumb Code   232  tasks.o(.text.vTaskStartScheduler)
    vTaskSuspendAll                          0x08009375   Thumb Code    16  tasks.o(.text.vTaskSuspendAll)
    vTaskSwitchContext                       0x08009385   Thumb Code   110  tasks.o(.text.vTaskSwitchContext)
    xPortStartScheduler                      0x080093f5   Thumb Code   300  port.o(.text.xPortStartScheduler)
    xQueueCreateMutex                        0x08009521   Thumb Code   106  queue.o(.text.xQueueCreateMutex)
    xQueueCreateMutexStatic                  0x0800958d   Thumb Code   154  queue.o(.text.xQueueCreateMutexStatic)
    xQueueGenericCreateStatic                0x08009629   Thumb Code   214  queue.o(.text.xQueueGenericCreateStatic)
    xQueueGenericSend                        0x08009701   Thumb Code   554  queue.o(.text.xQueueGenericSend)
    xQueueReceive                            0x0800992d   Thumb Code   426  queue.o(.text.xQueueReceive)
    xTaskCheckForTimeOut                     0x08009ad9   Thumb Code   162  tasks.o(.text.xTaskCheckForTimeOut)
    xTaskCreate                              0x08009b7d   Thumb Code    96  tasks.o(.text.xTaskCreate)
    xTaskCreateStatic                        0x08009bdd   Thumb Code   118  tasks.o(.text.xTaskCreateStatic)
    xTaskGetSchedulerState                   0x08009c55   Thumb Code    30  tasks.o(.text.xTaskGetSchedulerState)
    xTaskGetTickCount                        0x08009c75   Thumb Code    12  tasks.o(.text.xTaskGetTickCount)
    xTaskIncrementTick                       0x08009c81   Thumb Code   262  tasks.o(.text.xTaskIncrementTick)
    xTaskPriorityDisinherit                  0x08009d89   Thumb Code   182  tasks.o(.text.xTaskPriorityDisinherit)
    xTaskRemoveFromEventList                 0x08009e41   Thumb Code   116  tasks.o(.text.xTaskRemoveFromEventList)
    xTaskResumeAll                           0x08009eb5   Thumb Code   234  tasks.o(.text.xTaskResumeAll)
    xTimerCreateTimerTask                    0x08009fa1   Thumb Code   172  timers.o(.text.xTimerCreateTimerTask)
    _btod_d2e                                0x0800a055   Thumb Code    62  btod.o(CL$$btod_d2e)
    _d2e_denorm_low                          0x0800a093   Thumb Code    70  btod.o(CL$$btod_d2e_denorm_low)
    _d2e_norm_op1                            0x0800a0d9   Thumb Code    96  btod.o(CL$$btod_d2e_norm_op1)
    __btod_div_common                        0x0800a139   Thumb Code   696  btod.o(CL$$btod_div_common)
    _e2d                                     0x0800a471   Thumb Code   122  btod.o(CL$$btod_e2d)
    _e2e                                     0x0800a4f5   Thumb Code   220  btod.o(CL$$btod_e2e)
    _btod_ediv                               0x0800a5d1   Thumb Code    42  btod.o(CL$$btod_ediv)
    _btod_edivd                              0x0800a5fb   Thumb Code    42  btod.o(CL$$btod_edivd)
    _btod_emul                               0x0800a625   Thumb Code    42  btod.o(CL$$btod_emul)
    _btod_emuld                              0x0800a64f   Thumb Code    42  btod.o(CL$$btod_emuld)
    __btod_mult_common                       0x0800a679   Thumb Code   580  btod.o(CL$$btod_mult_common)
    __ARM_fpclassify                         0x0800a8bd   Thumb Code    40  fpclassify.o(i.__ARM_fpclassify)
    __mathlib_dbl_overflow                   0x0800a8e5   Thumb Code    14  dunder.o(i.__mathlib_dbl_overflow)
    __mathlib_dbl_underflow                  0x0800a8f5   Thumb Code    10  dunder.o(i.__mathlib_dbl_underflow)
    __mathlib_narrow                         0x0800a905   Thumb Code    16  narrow.o(i.__mathlib_narrow)
    __mathlib_tofloat                        0x0800a915   Thumb Code   184  narrow.o(i.__mathlib_tofloat)
    __support_ldexp                          0x0800a9d1   Thumb Code    22  ldexp.o(i.__support_ldexp)
    _is_digit                                0x0800a9e7   Thumb Code    14  __printf_wp.o(i._is_digit)
    atof                                     0x0800a9f5   Thumb Code    44  atof.o(i.atof)
    frexp                                    0x0800aa21   Thumb Code    80  frexp.o(i.frexp)
    ldexp                                    0x0800aa79   Thumb Code   116  ldexp.o(i.ldexp)
    _get_lc_numeric                          0x0800aaed   Thumb Code    44  lc_numeric_c.o(locale$$code)
    _get_lc_ctype                            0x0800ab19   Thumb Code    44  lc_ctype_c.o(locale$$code)
    __aeabi_d2f                              0x0800ab45   Thumb Code     0  d2f.o(x$fpl$d2f)
    _d2f                                     0x0800ab45   Thumb Code    98  d2f.o(x$fpl$d2f)
    __aeabi_dadd                             0x0800aba9   Thumb Code     0  daddsub_clz.o(x$fpl$dadd)
    _dadd                                    0x0800aba9   Thumb Code   332  daddsub_clz.o(x$fpl$dadd)
    __fpl_dcheck_NaN1                        0x0800acf9   Thumb Code    10  dcheck1.o(x$fpl$dcheck1)
    __fpl_dcmp_Inf                           0x0800ad09   Thumb Code    24  dcmpi.o(x$fpl$dcmpinf)
    __aeabi_ddiv                             0x0800ad21   Thumb Code     0  ddiv.o(x$fpl$ddiv)
    _ddiv                                    0x0800ad21   Thumb Code   556  ddiv.o(x$fpl$ddiv)
    __aeabi_cdcmpeq                          0x0800afd5   Thumb Code     0  deqf.o(x$fpl$deqf)
    _dcmpeq                                  0x0800afd5   Thumb Code   120  deqf.o(x$fpl$deqf)
    __aeabi_d2iz                             0x0800b04d   Thumb Code     0  dfix.o(x$fpl$dfix)
    _dfix                                    0x0800b04d   Thumb Code    94  dfix.o(x$fpl$dfix)
    __aeabi_i2d                              0x0800b0ab   Thumb Code     0  dflt_clz.o(x$fpl$dflt)
    _dflt                                    0x0800b0ab   Thumb Code    46  dflt_clz.o(x$fpl$dflt)
    __aeabi_cdcmple                          0x0800b0d9   Thumb Code     0  dleqf.o(x$fpl$dleqf)
    _dcmple                                  0x0800b0d9   Thumb Code   120  dleqf.o(x$fpl$dleqf)
    __fpl_dcmple_InfNaN                      0x0800b13b   Thumb Code     0  dleqf.o(x$fpl$dleqf)
    __aeabi_dmul                             0x0800b151   Thumb Code     0  dmul.o(x$fpl$dmul)
    _dmul                                    0x0800b151   Thumb Code   332  dmul.o(x$fpl$dmul)
    __fpl_dnaninf                            0x0800b2a5   Thumb Code   156  dnaninf.o(x$fpl$dnaninf)
    __fpl_dretinf                            0x0800b341   Thumb Code    12  dretinf.o(x$fpl$dretinf)
    __aeabi_cdrcmple                         0x0800b34d   Thumb Code     0  drleqf.o(x$fpl$drleqf)
    _drcmple                                 0x0800b34d   Thumb Code   108  drleqf.o(x$fpl$drleqf)
    __aeabi_dsub                             0x0800b3b9   Thumb Code     0  daddsub_clz.o(x$fpl$dsub)
    _dsub                                    0x0800b3b9   Thumb Code   472  daddsub_clz.o(x$fpl$dsub)
    __aeabi_f2d                              0x0800b595   Thumb Code     0  f2d.o(x$fpl$f2d)
    _f2d                                     0x0800b595   Thumb Code    86  f2d.o(x$fpl$f2d)
    __aeabi_fadd                             0x0800b5ed   Thumb Code     0  faddsub_clz.o(x$fpl$fadd)
    _fadd                                    0x0800b5ed   Thumb Code   196  faddsub_clz.o(x$fpl$fadd)
    __aeabi_fdiv                             0x0800b6b1   Thumb Code     0  fdiv.o(x$fpl$fdiv)
    _fdiv                                    0x0800b6b1   Thumb Code   384  fdiv.o(x$fpl$fdiv)
    __aeabi_i2f                              0x0800b835   Thumb Code     0  fflt_clz.o(x$fpl$fflt)
    _fflt                                    0x0800b835   Thumb Code    48  fflt_clz.o(x$fpl$fflt)
    __aeabi_ui2f                             0x0800b865   Thumb Code     0  fflt_clz.o(x$fpl$ffltu)
    _ffltu                                   0x0800b865   Thumb Code    38  fflt_clz.o(x$fpl$ffltu)
    __aeabi_fmul                             0x0800b88d   Thumb Code     0  fmul.o(x$fpl$fmul)
    _fmul                                    0x0800b88d   Thumb Code   258  fmul.o(x$fpl$fmul)
    __fpl_fnaninf                            0x0800b98f   Thumb Code   140  fnaninf.o(x$fpl$fnaninf)
    __fpl_fretinf                            0x0800ba1b   Thumb Code    10  fretinf.o(x$fpl$fretinf)
    __aeabi_fsub                             0x0800ba25   Thumb Code     0  faddsub_clz.o(x$fpl$fsub)
    _fsub                                    0x0800ba25   Thumb Code   234  faddsub_clz.o(x$fpl$fsub)
    __ieee_status                            0x0800bb0f   Thumb Code     6  istatus.o(x$fpl$ieeestatus)
    _printf_fp_dec                           0x0800bb15   Thumb Code     4  printf1.o(x$fpl$printf1)
    __fpl_return_NaN                         0x0800bb19   Thumb Code   100  retnan.o(x$fpl$retnan)
    __ARM_scalbn                             0x0800bb7d   Thumb Code    92  scalbn.o(x$fpl$scalbn)
    _scanf_real                              0x0800bbd9   Thumb Code     4  scanf1.o(x$fpl$scanf1)
    _scanf_hex_real                          0x0800bbdd   Thumb Code     4  scanf2.o(x$fpl$scanf2)
    _scanf_infnan                            0x0800bbe1   Thumb Code     4  scanf2.o(x$fpl$scanf2)
    __fpl_cmpreturn                          0x0800bbe5   Thumb Code    48  trapv.o(x$fpl$trapveneer)
    __I$use$fp                               0x0800bc14   Number         0  usenofp.o(x$fpl$usenofp)
    AHBPrescTable                            0x0800bd2c   Data          16  system_stm32f1xx.o(.rodata.AHBPrescTable)
    APBPrescTable                            0x0800bd3c   Data           8  system_stm32f1xx.o(.rodata.APBPrescTable)
    F6x8                                     0x0800bd44   Data         552  oledfont.o(.rodata.F6x8)
    F8X16                                    0x0800bf6c   Data        1504  oledfont.o(.rodata.F8X16)
    Hzk                                      0x0800c54e   Data         192  oledfont.o(.rodata.Hzk)
    Region$$Table$$Base                      0x0800cab0   Number         0  anon$$obj.o(Region$$Table)
    Region$$Table$$Limit                     0x0800cad0   Number         0  anon$$obj.o(Region$$Table)
    __aeabi_HUGE_VAL                         0x0800cad0   Data           0  fpconst.o(c$$dinf)
    __aeabi_HUGE_VALL                        0x0800cad0   Data           0  fpconst.o(c$$dinf)
    __aeabi_INFINITY                         0x0800cad0   Data           0  fpconst.o(c$$dinf)
    __dInf                                   0x0800cad0   Data           0  fpconst.o(c$$dinf)
    __huge_val                               0x0800cad0   Data           0  fpconst.o(c$$dinf)
    __dbl_max                                0x0800cad8   Data           0  fpconst.o(c$$dmax)
    __ctype                                  0x0800cb09   Data           0  lc_ctype_c.o(locale$$data)
    uwTickFreq                               0x20000000   Data           1  stm32f1xx_hal.o(.data..L_MergedGlobals)
    uwTickPrio                               0x20000004   Data           4  stm32f1xx_hal.o(.data..L_MergedGlobals)
    BMP1                                     0x20000008   Data         128  oledfont.o(.data.BMP1)
    CMD_Data                                 0x20000088   Data          23  oled.o(.data.CMD_Data)
    SystemCoreClock                          0x200000a0   Data           4  system_stm32f1xx.o(.data.SystemCoreClock)
    esp_client_id                            0x200000a4   Data           1  esp.o(.data.esp_client_id)
    __libspace_start                         0x200000b0   Data          96  libspace.o(.bss)
    __temporary_stack_top$libspace           0x20000110   Data           0  libspace.o(.bss)
    motorOfflineHandle                       0x20000110   Data           4  freertos.o(.bss..L_MergedGlobals)
    defaultTaskHandle                        0x20000114   Data           4  freertos.o(.bss..L_MergedGlobals)
    gimbalTaskHandle                         0x20000118   Data           4  freertos.o(.bss..L_MergedGlobals)
    monitorTaskHandle                        0x2000011c   Data           4  freertos.o(.bss..L_MergedGlobals)
    pxCurrentTCB                             0x20000120   Data           4  tasks.o(.bss..L_MergedGlobals)
    VisionRxData                             0x200001f8   Data          52  all_init.o(.bss..L_MergedGlobals)
    ALL_CONTAL                               0x2000022c   Data          56  all_init.o(.bss..L_MergedGlobals)
    esp_state                                0x20000264   Data           1  esp.o(.bss..L_MergedGlobals)
    line_ready                               0x20000265   Data           1  esp.o(.bss..L_MergedGlobals)
    CPU_FREQ_Hz                              0x20000268   Data           4  bsp_dwt.o(.bss..L_MergedGlobals)
    CPU_FREQ_Hz_ms                           0x2000026c   Data           4  bsp_dwt.o(.bss..L_MergedGlobals)
    CPU_FREQ_Hz_us                           0x20000270   Data           4  bsp_dwt.o(.bss..L_MergedGlobals)
    CYCCNT64                                 0x20000280   Data           8  bsp_dwt.o(.bss..L_MergedGlobals)
    SysTime                                  0x20000288   Data           8  bsp_dwt.o(.bss..L_MergedGlobals)
    ALL_MOTOR                                0x20000290   Data        1920  all_init.o(.bss.ALL_MOTOR)
    gps_data                                 0x20000c10   Data          40  gps.o(.bss.gps_data)
    gps_rx_buffer                            0x20000c38   Data         256  gps.o(.bss.gps_rx_buffer)
    hcan                                     0x20000d38   Data          40  can.o(.bss.hcan)
    hdma_usart1_rx                           0x20000d60   Data          68  usart.o(.bss.hdma_usart1_rx)
    hdma_usart1_tx                           0x20000da4   Data          68  usart.o(.bss.hdma_usart1_tx)
    hdma_usart2_rx                           0x20000de8   Data          68  usart.o(.bss.hdma_usart2_rx)
    hdma_usart2_tx                           0x20000e2c   Data          68  usart.o(.bss.hdma_usart2_tx)
    hdma_usart3_rx                           0x20000e70   Data          68  usart.o(.bss.hdma_usart3_rx)
    hi2c1                                    0x20000eb4   Data          84  i2c.o(.bss.hi2c1)
    htim1                                    0x20000f08   Data          72  stm32f1xx_hal_timebase_tim.o(.bss.htim1)
    htim2                                    0x20000f50   Data          72  tim.o(.bss.htim2)
    huart1                                   0x20000f98   Data          72  usart.o(.bss.huart1)
    huart2                                   0x20000fe0   Data          72  usart.o(.bss.huart2)
    huart3                                   0x20001028   Data          72  usart.o(.bss.huart3)
    uwTick                                   0x20001e84   Data           4  stm32f1xx_hal.o(.bss.uwTick)
    xQueueRegistry                           0x200020f0   Data          64  queue.o(.bss.xQueueRegistry)



==============================================================================

Memory Map of the image

  Image Entry point : 0x080000ed

  Load Region LR_IROM1 (Base: 0x08000000, Size: 0x0000ccc0, Max: 0x00010000, ABSOLUTE)

    Execution Region ER_IROM1 (Exec base: 0x08000000, Load base: 0x08000000, Size: 0x0000cc0c, Max: 0x00010000, ABSOLUTE)

    Exec Addr    Load Addr    Size         Type   Attr      Idx    E Section Name        Object

    0x08000000   0x08000000   0x000000ec   Data   RO            3    RESET               startup_stm32f103xb.o
    0x080000ec   0x080000ec   0x00000008   Code   RO         2064  * !!!main             c_w.l(__main.o)
    0x080000f4   0x080000f4   0x00000034   Code   RO         2471    !!!scatter          c_w.l(__scatter.o)
    0x08000128   0x08000128   0x0000001a   Code   RO         2473    !!handler_copy      c_w.l(__scatter_copy.o)
    0x08000142   0x08000142   0x00000002   PAD
    0x08000144   0x08000144   0x0000001c   Code   RO         2475    !!handler_zi        c_w.l(__scatter_zi.o)
    0x08000160   0x08000160   0x00000000   Code   RO         2041    .ARM.Collect$$_printf_percent$$00000000  c_w.l(_printf_percent.o)
    0x08000160   0x08000160   0x00000006   Code   RO         2040    .ARM.Collect$$_printf_percent$$00000003  c_w.l(_printf_f.o)
    0x08000166   0x08000166   0x00000006   Code   RO         2039    .ARM.Collect$$_printf_percent$$00000009  c_w.l(_printf_d.o)
    0x0800016c   0x0800016c   0x00000004   Code   RO         2144    .ARM.Collect$$_printf_percent$$00000017  c_w.l(_printf_percent_end.o)
    0x08000170   0x08000170   0x00000002   Code   RO         2269    .ARM.Collect$$libinit$$00000000  c_w.l(libinit.o)
    0x08000172   0x08000172   0x00000000   Code   RO         2271    .ARM.Collect$$libinit$$00000002  c_w.l(libinit2.o)
    0x08000172   0x08000172   0x00000000   Code   RO         2273    .ARM.Collect$$libinit$$00000004  c_w.l(libinit2.o)
    0x08000172   0x08000172   0x00000000   Code   RO         2275    .ARM.Collect$$libinit$$00000006  c_w.l(libinit2.o)
    0x08000172   0x08000172   0x00000000   Code   RO         2278    .ARM.Collect$$libinit$$0000000C  c_w.l(libinit2.o)
    0x08000172   0x08000172   0x00000000   Code   RO         2280    .ARM.Collect$$libinit$$0000000E  c_w.l(libinit2.o)
    0x08000172   0x08000172   0x00000000   Code   RO         2282    .ARM.Collect$$libinit$$00000010  c_w.l(libinit2.o)
    0x08000172   0x08000172   0x00000006   Code   RO         2283    .ARM.Collect$$libinit$$00000011  c_w.l(libinit2.o)
    0x08000178   0x08000178   0x00000000   Code   RO         2285    .ARM.Collect$$libinit$$00000013  c_w.l(libinit2.o)
    0x08000178   0x08000178   0x0000000c   Code   RO         2286    .ARM.Collect$$libinit$$00000014  c_w.l(libinit2.o)
    0x08000184   0x08000184   0x00000000   Code   RO         2287    .ARM.Collect$$libinit$$00000015  c_w.l(libinit2.o)
    0x08000184   0x08000184   0x00000000   Code   RO         2289    .ARM.Collect$$libinit$$00000017  c_w.l(libinit2.o)
    0x08000184   0x08000184   0x0000000a   Code   RO         2290    .ARM.Collect$$libinit$$00000018  c_w.l(libinit2.o)
    0x0800018e   0x0800018e   0x00000000   Code   RO         2291    .ARM.Collect$$libinit$$00000019  c_w.l(libinit2.o)
    0x0800018e   0x0800018e   0x00000000   Code   RO         2293    .ARM.Collect$$libinit$$0000001B  c_w.l(libinit2.o)
    0x0800018e   0x0800018e   0x00000000   Code   RO         2295    .ARM.Collect$$libinit$$0000001D  c_w.l(libinit2.o)
    0x0800018e   0x0800018e   0x00000000   Code   RO         2297    .ARM.Collect$$libinit$$0000001F  c_w.l(libinit2.o)
    0x0800018e   0x0800018e   0x00000000   Code   RO         2299    .ARM.Collect$$libinit$$00000021  c_w.l(libinit2.o)
    0x0800018e   0x0800018e   0x00000000   Code   RO         2301    .ARM.Collect$$libinit$$00000023  c_w.l(libinit2.o)
    0x0800018e   0x0800018e   0x00000000   Code   RO         2303    .ARM.Collect$$libinit$$00000025  c_w.l(libinit2.o)
    0x0800018e   0x0800018e   0x00000000   Code   RO         2305    .ARM.Collect$$libinit$$00000027  c_w.l(libinit2.o)
    0x0800018e   0x0800018e   0x00000000   Code   RO         2309    .ARM.Collect$$libinit$$0000002E  c_w.l(libinit2.o)
    0x0800018e   0x0800018e   0x00000000   Code   RO         2311    .ARM.Collect$$libinit$$00000030  c_w.l(libinit2.o)
    0x0800018e   0x0800018e   0x00000000   Code   RO         2313    .ARM.Collect$$libinit$$00000032  c_w.l(libinit2.o)
    0x0800018e   0x0800018e   0x00000000   Code   RO         2315    .ARM.Collect$$libinit$$00000034  c_w.l(libinit2.o)
    0x0800018e   0x0800018e   0x00000002   Code   RO         2316    .ARM.Collect$$libinit$$00000035  c_w.l(libinit2.o)
    0x08000190   0x08000190   0x00000002   Code   RO         2404    .ARM.Collect$$libshutdown$$00000000  c_w.l(libshutdown.o)
    0x08000192   0x08000192   0x00000000   Code   RO         2434    .ARM.Collect$$libshutdown$$00000002  c_w.l(libshutdown2.o)
    0x08000192   0x08000192   0x00000000   Code   RO         2436    .ARM.Collect$$libshutdown$$00000004  c_w.l(libshutdown2.o)
    0x08000192   0x08000192   0x00000000   Code   RO         2439    .ARM.Collect$$libshutdown$$00000007  c_w.l(libshutdown2.o)
    0x08000192   0x08000192   0x00000000   Code   RO         2442    .ARM.Collect$$libshutdown$$0000000A  c_w.l(libshutdown2.o)
    0x08000192   0x08000192   0x00000000   Code   RO         2444    .ARM.Collect$$libshutdown$$0000000C  c_w.l(libshutdown2.o)
    0x08000192   0x08000192   0x00000000   Code   RO         2447    .ARM.Collect$$libshutdown$$0000000F  c_w.l(libshutdown2.o)
    0x08000192   0x08000192   0x00000002   Code   RO         2448    .ARM.Collect$$libshutdown$$00000010  c_w.l(libshutdown2.o)
    0x08000194   0x08000194   0x00000000   Code   RO         2122    .ARM.Collect$$rtentry$$00000000  c_w.l(__rtentry.o)
    0x08000194   0x08000194   0x00000000   Code   RO         2170    .ARM.Collect$$rtentry$$00000002  c_w.l(__rtentry2.o)
    0x08000194   0x08000194   0x00000006   Code   RO         2182    .ARM.Collect$$rtentry$$00000004  c_w.l(__rtentry4.o)
    0x0800019a   0x0800019a   0x00000000   Code   RO         2172    .ARM.Collect$$rtentry$$00000009  c_w.l(__rtentry2.o)
    0x0800019a   0x0800019a   0x00000004   Code   RO         2173    .ARM.Collect$$rtentry$$0000000A  c_w.l(__rtentry2.o)
    0x0800019e   0x0800019e   0x00000000   Code   RO         2175    .ARM.Collect$$rtentry$$0000000C  c_w.l(__rtentry2.o)
    0x0800019e   0x0800019e   0x00000008   Code   RO         2176    .ARM.Collect$$rtentry$$0000000D  c_w.l(__rtentry2.o)
    0x080001a6   0x080001a6   0x00000002   Code   RO         2317    .ARM.Collect$$rtexit$$00000000  c_w.l(rtexit.o)
    0x080001a8   0x080001a8   0x00000000   Code   RO         2357    .ARM.Collect$$rtexit$$00000002  c_w.l(rtexit2.o)
    0x080001a8   0x080001a8   0x00000004   Code   RO         2358    .ARM.Collect$$rtexit$$00000003  c_w.l(rtexit2.o)
    0x080001ac   0x080001ac   0x00000006   Code   RO         2359    .ARM.Collect$$rtexit$$00000004  c_w.l(rtexit2.o)
    0x080001b2   0x080001b2   0x00000002   PAD
    0x080001b4   0x080001b4   0x00000040   Code   RO            4    .text               startup_stm32f103xb.o
    0x080001f4   0x080001f4   0x000000f0   Code   RO         2009    .text               c_w.l(lludivv7m.o)
    0x080002e4   0x080002e4   0x00000040   Code   RO         2011    .text               c_w.l(__2snprintf.o)
    0x08000324   0x08000324   0x00000078   Code   RO         2017    .text               c_w.l(_printf_dec.o)
    0x0800039c   0x0800039c   0x0000010e   Code   RO         2027    .text               c_w.l(__printf_wp.o)
    0x080004aa   0x080004aa   0x0000001a   Code   RO         2042    .text               c_w.l(atoi.o)
    0x080004c4   0x080004c4   0x0000001a   Code   RO         2044    .text               c_w.l(atol.o)
    0x080004de   0x080004de   0x00000014   Code   RO         2046    .text               c_w.l(strchr.o)
    0x080004f2   0x080004f2   0x00000024   Code   RO         2048    .text               c_w.l(strstr.o)
    0x08000516   0x08000516   0x00000058   Code   RO         2050    .text               c_w.l(memcmp.o)
    0x0800056e   0x0800056e   0x0000003e   Code   RO         2052    .text               c_w.l(strlen.o)
    0x080005ac   0x080005ac   0x0000008a   Code   RO         2054    .text               c_w.l(rt_memcpy_v6.o)
    0x08000636   0x08000636   0x00000044   Code   RO         2058    .text               c_w.l(rt_memclr.o)
    0x0800067a   0x0800067a   0x0000004e   Code   RO         2060    .text               c_w.l(rt_memclr_w.o)
    0x080006c8   0x080006c8   0x00000006   Code   RO         2062    .text               c_w.l(heapauxi.o)
    0x080006ce   0x080006ce   0x00000002   PAD
    0x080006d0   0x080006d0   0x00000008   Code   RO         2130    .text               c_w.l(rt_errno_addr_intlibspace.o)
    0x080006d8   0x080006d8   0x00000016   Code   RO         2132    .text               c_w.l(_rserrno.o)
    0x080006ee   0x080006ee   0x000000b2   Code   RO         2134    .text               c_w.l(_printf_intcommon.o)
    0x080007a0   0x080007a0   0x0000041c   Code   RO         2136    .text               c_w.l(_printf_fp_dec.o)
    0x08000bbc   0x08000bbc   0x00000030   Code   RO         2140    .text               c_w.l(_printf_char_common.o)
    0x08000bec   0x08000bec   0x00000010   Code   RO         2142    .text               c_w.l(_snputc.o)
    0x08000bfc   0x08000bfc   0x000000b0   Code   RO         2145    .text               c_w.l(strtod.o)
    0x08000cac   0x08000cac   0x00000070   Code   RO         2147    .text               c_w.l(strtol.o)
    0x08000d1c   0x08000d1c   0x00000064   Code   RO         2149    .text               c_w.l(rt_memcpy_w.o)
    0x08000d80   0x08000d80   0x00000008   Code   RO         2166    .text               c_w.l(libspace.o)
    0x08000d88   0x08000d88   0x00000010   Code   RO         2184    .text               c_w.l(rt_ctype_table.o)
    0x08000d98   0x08000d98   0x00000008   Code   RO         2191    .text               c_w.l(rt_locale_intlibspace.o)
    0x08000da0   0x08000da0   0x0000008a   Code   RO         2193    .text               c_w.l(lludiv10.o)
    0x08000e2a   0x08000e2a   0x00000012   Code   RO         2195    .text               c_w.l(isspace.o)
    0x08000e3c   0x08000e3c   0x00000080   Code   RO         2197    .text               c_w.l(_printf_fp_infnan.o)
    0x08000ebc   0x08000ebc   0x00000040   Code   RO         2201    .text               c_w.l(_sgetc.o)
    0x08000efc   0x08000efc   0x0000009e   Code   RO         2203    .text               c_w.l(_strtoul.o)
    0x08000f9a   0x08000f9a   0x00000002   PAD
    0x08000f9c   0x08000f9c   0x000000e4   Code   RO         2205    .text               c_w.l(bigflt0.o)
    0x08001080   0x08001080   0x0000004a   Code   RO         2243    .text               c_w.l(sys_stackheap_outer.o)
    0x080010ca   0x080010ca   0x0000001c   Code   RO         2245    .text               c_w.l(_chval.o)
    0x080010e6   0x080010e6   0x00000002   PAD
    0x080010e8   0x080010e8   0x000004f8   Code   RO         2247    .text               c_w.l(scanf_fp.o)
    0x080015e0   0x080015e0   0x00000012   Code   RO         2256    .text               c_w.l(exit.o)
    0x080015f2   0x080015f2   0x00000002   PAD
    0x080015f4   0x080015f4   0x00000080   Code   RO         2262    .text               c_w.l(strcmpv7m.o)
    0x08001674   0x08001674   0x00000026   Code   RO         2321    .text               c_w.l(llshl.o)
    0x0800169a   0x0800169a   0x00000002   PAD
    0x0800169c   0x0800169c   0x0000000c   Code   RO         2352    .text               c_w.l(sys_exit.o)
    0x080016a8   0x080016a8   0x00000320   Code   RO         2363    .text               c_w.l(scanf_hexfp.o)
    0x080019c8   0x080019c8   0x00000134   Code   RO         2365    .text               c_w.l(scanf_infnan.o)
    0x08001afc   0x08001afc   0x00000002   Code   RO         2391    .text               c_w.l(use_no_semi.o)
    0x08001afe   0x08001afe   0x00000000   Code   RO         2393    .text               c_w.l(indicate_semi.o)
    0x08001afe   0x08001afe   0x00000002   PAD
    0x08001b00   0x08001b00   0x00000088   Code   RO         1703    .text.All_Init      all_init.o
    0x08001b88   0x08001b88   0x00000002   Code   RO          152    .text.BusFault_Handler  stm32f1xx_it.o
    0x08001b8a   0x08001b8a   0x00000002   PAD
    0x08001b8c   0x08001b8c   0x00000040   Code   RO         1943    .text.CAN_Filter_Init  can_bsp.o
    0x08001bcc   0x08001bcc   0x0000000c   Code   RO          158    .text.DMA1_Channel3_IRQHandler  stm32f1xx_it.o
    0x08001bd8   0x08001bd8   0x0000000c   Code   RO          160    .text.DMA1_Channel4_IRQHandler  stm32f1xx_it.o
    0x08001be4   0x08001be4   0x0000000c   Code   RO          162    .text.DMA1_Channel5_IRQHandler  stm32f1xx_it.o
    0x08001bf0   0x08001bf0   0x0000000c   Code   RO          164    .text.DMA1_Channel6_IRQHandler  stm32f1xx_it.o
    0x08001bfc   0x08001bfc   0x0000000c   Code   RO          166    .text.DMA1_Channel7_IRQHandler  stm32f1xx_it.o
    0x08001c08   0x08001c08   0x00000052   Code   RO         1920    .text.DWT_GetDeltaT  bsp_dwt.o
    0x08001c5a   0x08001c5a   0x00000002   PAD
    0x08001c5c   0x08001c5c   0x000000c2   Code   RO         1928    .text.DWT_GetTimeline_ms  bsp_dwt.o
    0x08001d1e   0x08001d1e   0x00000002   PAD
    0x08001d20   0x08001d20   0x00000064   Code   RO         1918    .text.DWT_Init      bsp_dwt.o
    0x08001d84   0x08001d84   0x00000002   Code   RO          156    .text.DebugMon_Handler  stm32f1xx_it.o
    0x08001d86   0x08001d86   0x00000002   PAD
    0x08001d88   0x08001d88   0x0000037c   Code   RO         1833    .text.ESP_UART_IdleCallback  esp.o
    0x08002104   0x08002104   0x0000000a   Code   RO           15    .text.Error_Handler  main.o
    0x0800210e   0x0800210e   0x00000002   PAD
    0x08002110   0x08002110   0x00000e00   Code   RO         1821    .text.GPS_ParseBuffer  gps.o
    0x08002f10   0x08002f10   0x0000002e   Code   RO          581    .text.HAL_CAN_ActivateNotification  stm32f1xx_hal_can.o
    0x08002f3e   0x08002f3e   0x00000002   PAD
    0x08002f40   0x08002f40   0x000000ea   Code   RO          557    .text.HAL_CAN_ConfigFilter  stm32f1xx_hal_can.o
    0x0800302a   0x0800302a   0x00000002   PAD
    0x0800302c   0x0800302c   0x00000002   Code   RO          611    .text.HAL_CAN_ErrorCallback  stm32f1xx_hal_can.o
    0x0800302e   0x0800302e   0x00000002   PAD
    0x08003030   0x08003030   0x00000134   Code   RO          577    .text.HAL_CAN_GetRxMessage  stm32f1xx_hal_can.o
    0x08003164   0x08003164   0x0000025e   Code   RO          585    .text.HAL_CAN_IRQHandler  stm32f1xx_hal_can.o
    0x080033c2   0x080033c2   0x00000002   PAD
    0x080033c4   0x080033c4   0x000000f4   Code   RO          547    .text.HAL_CAN_Init  stm32f1xx_hal_can.o
    0x080034b8   0x080034b8   0x0000009c   Code   RO           68    .text.HAL_CAN_MspInit  can.o
    0x08003554   0x08003554   0x00000002   Code   RO          599    .text.HAL_CAN_RxFifo0FullCallback  stm32f1xx_hal_can.o
    0x08003556   0x08003556   0x00000002   PAD
    0x08003558   0x08003558   0x0000005a   Code   RO         1728    .text.HAL_CAN_RxFifo0MsgPendingCallback  irqn.o
    0x080035b2   0x080035b2   0x00000002   PAD
    0x080035b4   0x080035b4   0x00000002   Code   RO          603    .text.HAL_CAN_RxFifo1FullCallback  stm32f1xx_hal_can.o
    0x080035b6   0x080035b6   0x00000002   PAD
    0x080035b8   0x080035b8   0x00000002   Code   RO          605    .text.HAL_CAN_RxFifo1MsgPendingCallback  stm32f1xx_hal_can.o
    0x080035ba   0x080035ba   0x00000002   PAD
    0x080035bc   0x080035bc   0x00000002   Code   RO          607    .text.HAL_CAN_SleepCallback  stm32f1xx_hal_can.o
    0x080035be   0x080035be   0x00000002   PAD
    0x080035c0   0x080035c0   0x0000005a   Code   RO          559    .text.HAL_CAN_Start  stm32f1xx_hal_can.o
    0x0800361a   0x0800361a   0x00000002   PAD
    0x0800361c   0x0800361c   0x00000002   Code   RO          589    .text.HAL_CAN_TxMailbox0AbortCallback  stm32f1xx_hal_can.o
    0x0800361e   0x0800361e   0x00000002   PAD
    0x08003620   0x08003620   0x00000002   Code   RO          587    .text.HAL_CAN_TxMailbox0CompleteCallback  stm32f1xx_hal_can.o
    0x08003622   0x08003622   0x00000002   PAD
    0x08003624   0x08003624   0x00000002   Code   RO          593    .text.HAL_CAN_TxMailbox1AbortCallback  stm32f1xx_hal_can.o
    0x08003626   0x08003626   0x00000002   PAD
    0x08003628   0x08003628   0x00000002   Code   RO          591    .text.HAL_CAN_TxMailbox1CompleteCallback  stm32f1xx_hal_can.o
    0x0800362a   0x0800362a   0x00000002   PAD
    0x0800362c   0x0800362c   0x00000002   Code   RO          597    .text.HAL_CAN_TxMailbox2AbortCallback  stm32f1xx_hal_can.o
    0x0800362e   0x0800362e   0x00000002   PAD
    0x08003630   0x08003630   0x00000002   Code   RO          595    .text.HAL_CAN_TxMailbox2CompleteCallback  stm32f1xx_hal_can.o
    0x08003632   0x08003632   0x00000002   PAD
    0x08003634   0x08003634   0x00000002   Code   RO          609    .text.HAL_CAN_WakeUpFromRxMsgCallback  stm32f1xx_hal_can.o
    0x08003636   0x08003636   0x00000002   PAD
    0x08003638   0x08003638   0x00000046   Code   RO          771    .text.HAL_DMA_Abort  stm32f1xx_hal_dma.o
    0x0800367e   0x0800367e   0x00000002   PAD
    0x08003680   0x08003680   0x000000b2   Code   RO          773    .text.HAL_DMA_Abort_IT  stm32f1xx_hal_dma.o
    0x08003732   0x08003732   0x00000002   PAD
    0x08003734   0x08003734   0x000001a0   Code   RO          777    .text.HAL_DMA_IRQHandler  stm32f1xx_hal_dma.o
    0x080038d4   0x080038d4   0x00000088   Code   RO          763    .text.HAL_DMA_Init  stm32f1xx_hal_dma.o
    0x0800395c   0x0800395c   0x0000009c   Code   RO          769    .text.HAL_DMA_Start_IT  stm32f1xx_hal_dma.o
    0x080039f8   0x080039f8   0x00000028   Code   RO          647    .text.HAL_Delay     stm32f1xx_hal.o
    0x08003a20   0x08003a20   0x00000212   Code   RO          739    .text.HAL_GPIO_Init  stm32f1xx_hal_gpio.o
    0x08003c32   0x08003c32   0x00000002   PAD
    0x08003c34   0x08003c34   0x00000010   Code   RO          747    .text.HAL_GPIO_TogglePin  stm32f1xx_hal_gpio.o
    0x08003c44   0x08003c44   0x0000000a   Code   RO          745    .text.HAL_GPIO_WritePin  stm32f1xx_hal_gpio.o
    0x08003c4e   0x08003c4e   0x00000002   PAD
    0x08003c50   0x08003c50   0x0000000c   Code   RO          639    .text.HAL_GetTick   stm32f1xx_hal.o
    0x08003c5c   0x08003c5c   0x00000176   Code   RO          960    .text.HAL_I2C_Init  stm32f1xx_hal_i2c.o
    0x08003dd2   0x08003dd2   0x00000002   PAD
    0x08003dd4   0x08003dd4   0x00000158   Code   RO         1004    .text.HAL_I2C_Mem_Write  stm32f1xx_hal_i2c.o
    0x08003f2c   0x08003f2c   0x00000062   Code   RO           92    .text.HAL_I2C_MspInit  i2c.o
    0x08003f8e   0x08003f8e   0x00000002   PAD
    0x08003f90   0x08003f90   0x0000001a   Code   RO          637    .text.HAL_IncTick   stm32f1xx_hal.o
    0x08003faa   0x08003faa   0x00000002   PAD
    0x08003fac   0x08003fac   0x00000026   Code   RO          627    .text.HAL_Init      stm32f1xx_hal.o
    0x08003fd2   0x08003fd2   0x00000002   PAD
    0x08003fd4   0x08003fd4   0x000000b0   Code   RO          199    .text.HAL_InitTick  stm32f1xx_hal_timebase_tim.o
    0x08004084   0x08004084   0x00000050   Code   RO          189    .text.HAL_MspInit   stm32f1xx_hal_msp.o
    0x080040d4   0x080040d4   0x00000020   Code   RO          799    .text.HAL_NVIC_EnableIRQ  stm32f1xx_hal_cortex.o
    0x080040f4   0x080040f4   0x00000056   Code   RO          797    .text.HAL_NVIC_SetPriority  stm32f1xx_hal_cortex.o
    0x0800414a   0x0800414a   0x00000002   PAD
    0x0800414c   0x0800414c   0x00000020   Code   RO          795    .text.HAL_NVIC_SetPriorityGrouping  stm32f1xx_hal_cortex.o
    0x0800416c   0x0800416c   0x000001be   Code   RO          691    .text.HAL_RCC_ClockConfig  stm32f1xx_hal_rcc.o
    0x0800432a   0x0800432a   0x00000002   PAD
    0x0800432c   0x0800432c   0x00000042   Code   RO          709    .text.HAL_RCC_GetClockConfig  stm32f1xx_hal_rcc.o
    0x0800436e   0x0800436e   0x00000002   PAD
    0x08004370   0x08004370   0x00000026   Code   RO          703    .text.HAL_RCC_GetPCLK1Freq  stm32f1xx_hal_rcc.o
    0x08004396   0x08004396   0x00000002   PAD
    0x08004398   0x08004398   0x00000026   Code   RO          705    .text.HAL_RCC_GetPCLK2Freq  stm32f1xx_hal_rcc.o
    0x080043be   0x080043be   0x00000002   PAD
    0x080043c0   0x080043c0   0x000003b4   Code   RO          689    .text.HAL_RCC_OscConfig  stm32f1xx_hal_rcc.o
    0x08004774   0x08004774   0x00000002   Code   RO          533    .text.HAL_TIMEx_BreakCallback  stm32f1xx_hal_tim_ex.o
    0x08004776   0x08004776   0x00000002   PAD
    0x08004778   0x08004778   0x00000002   Code   RO          529    .text.HAL_TIMEx_CommutCallback  stm32f1xx_hal_tim_ex.o
    0x0800477a   0x0800477a   0x00000002   PAD
    0x0800477c   0x0800477c   0x0000007a   Code   RO          523    .text.HAL_TIMEx_MasterConfigSynchronization  stm32f1xx_hal_tim_ex.o
    0x080047f6   0x080047f6   0x00000002   PAD
    0x080047f8   0x080047f8   0x000000fa   Code   RO          228    .text.HAL_TIM_Base_Init  stm32f1xx_hal_tim.o
    0x080048f2   0x080048f2   0x00000002   PAD
    0x080048f4   0x080048f4   0x00000040   Code   RO          107    .text.HAL_TIM_Base_MspInit  tim.o
    0x08004934   0x08004934   0x0000006e   Code   RO          242    .text.HAL_TIM_Base_Start_IT  stm32f1xx_hal_tim.o
    0x080049a2   0x080049a2   0x00000002   PAD
    0x080049a4   0x080049a4   0x0000019c   Code   RO          408    .text.HAL_TIM_ConfigClockSource  stm32f1xx_hal_tim.o
    0x08004b40   0x08004b40   0x00000002   Code   RO          364    .text.HAL_TIM_IC_CaptureCallback  stm32f1xx_hal_tim.o
    0x08004b42   0x08004b42   0x00000002   PAD
    0x08004b44   0x08004b44   0x0000014e   Code   RO          362    .text.HAL_TIM_IRQHandler  stm32f1xx_hal_tim.o
    0x08004c92   0x08004c92   0x00000002   PAD
    0x08004c94   0x08004c94   0x00000002   Code   RO          366    .text.HAL_TIM_OC_DelayElapsedCallback  stm32f1xx_hal_tim.o
    0x08004c96   0x08004c96   0x00000002   PAD
    0x08004c98   0x08004c98   0x00000002   Code   RO          368    .text.HAL_TIM_PWM_PulseFinishedCallback  stm32f1xx_hal_tim.o
    0x08004c9a   0x08004c9a   0x00000002   PAD
    0x08004c9c   0x08004c9c   0x00000014   Code   RO           17    .text.HAL_TIM_PeriodElapsedCallback  main.o
    0x08004cb0   0x08004cb0   0x00000002   Code   RO          372    .text.HAL_TIM_TriggerCallback  stm32f1xx_hal_tim.o
    0x08004cb2   0x08004cb2   0x00000002   PAD
    0x08004cb4   0x08004cb4   0x00000002   Code   RO         1182    .text.HAL_UARTEx_RxEventCallback  stm32f1xx_hal_uart.o
    0x08004cb6   0x08004cb6   0x00000002   PAD
    0x08004cb8   0x08004cb8   0x00000224   Code   RO         1138    .text.HAL_UART_DMAStop  stm32f1xx_hal_uart.o
    0x08004edc   0x08004edc   0x00000002   Code   RO         1180    .text.HAL_UART_ErrorCallback  stm32f1xx_hal_uart.o
    0x08004ede   0x08004ede   0x00000002   PAD
    0x08004ee0   0x08004ee0   0x00000564   Code   RO         1174    .text.HAL_UART_IRQHandler  stm32f1xx_hal_uart.o
    0x08005444   0x08005444   0x000000de   Code   RO         1098    .text.HAL_UART_Init  stm32f1xx_hal_uart.o
    0x08005522   0x08005522   0x00000002   PAD
    0x08005524   0x08005524   0x0000029a   Code   RO          126    .text.HAL_UART_MspInit  usart.o
    0x080057be   0x080057be   0x00000002   PAD
    0x080057c0   0x080057c0   0x00000160   Code   RO         1130    .text.HAL_UART_Receive_DMA  stm32f1xx_hal_uart.o
    0x08005920   0x08005920   0x00000002   Code   RO         1730    .text.HAL_UART_RxCpltCallback  irqn.o
    0x08005922   0x08005922   0x00000002   PAD
    0x08005924   0x08005924   0x00000002   Code   RO         1190    .text.HAL_UART_RxHalfCpltCallback  stm32f1xx_hal_uart.o
    0x08005926   0x08005926   0x00000002   PAD
    0x08005928   0x08005928   0x000000c8   Code   RO         1122    .text.HAL_UART_Transmit_DMA  stm32f1xx_hal_uart.o
    0x080059f0   0x080059f0   0x0000001e   Code   RO         1835    .text.HAL_UART_TxCpltCallback  esp.o
    0x08005a0e   0x08005a0e   0x00000002   PAD
    0x08005a10   0x08005a10   0x00000002   Code   RO         1186    .text.HAL_UART_TxHalfCpltCallback  stm32f1xx_hal_uart.o
    0x08005a12   0x08005a12   0x00000002   PAD
    0x08005a14   0x08005a14   0x00000002   Code   RO          148    .text.HardFault_Handler  stm32f1xx_it.o
    0x08005a16   0x08005a16   0x00000002   PAD
    0x08005a18   0x08005a18   0x000000c8   Code   RO         1006    .text.I2C_RequestMemoryWrite  stm32f1xx_hal_i2c.o
    0x08005ae0   0x08005ae0   0x000000be   Code   RO          974    .text.I2C_WaitOnBTFFlagUntilTimeout  stm32f1xx_hal_i2c.o
    0x08005b9e   0x08005b9e   0x00000002   PAD
    0x08005ba0   0x08005ba0   0x000001d2   Code   RO          970    .text.I2C_WaitOnFlagUntilTimeout  stm32f1xx_hal_i2c.o
    0x08005d72   0x08005d72   0x00000002   PAD
    0x08005d74   0x08005d74   0x000000e0   Code   RO         1088    .text.I2C_WaitOnMasterAddressFlagUntilTimeout  stm32f1xx_hal_i2c.o
    0x08005e54   0x08005e54   0x000000be   Code   RO          972    .text.I2C_WaitOnTXEFlagUntilTimeout  stm32f1xx_hal_i2c.o
    0x08005f12   0x08005f12   0x00000002   PAD
    0x08005f14   0x08005f14   0x00000106   Code   RO         1794    .text.MOTOR_PID_Gimbal_INIT  gimbal_task.o
    0x0800601a   0x0800601a   0x00000002   PAD
    0x0800601c   0x0800601c   0x00000044   Code   RO           66    .text.MX_CAN_Init   can.o
    0x08006060   0x08006060   0x00000074   Code   RO           81    .text.MX_DMA_Init   dma.o
    0x080060d4   0x080060d4   0x00000094   Code   RO           41    .text.MX_FREERTOS_Init  freertos.o
    0x08006168   0x08006168   0x00000084   Code   RO           28    .text.MX_GPIO_Init  gpio.o
    0x080061ec   0x080061ec   0x00000042   Code   RO           90    .text.MX_I2C1_Init  i2c.o
    0x0800622e   0x0800622e   0x00000002   PAD
    0x08006230   0x08006230   0x00000074   Code   RO          105    .text.MX_TIM2_Init  tim.o
    0x080062a4   0x080062a4   0x0000003c   Code   RO          120    .text.MX_USART1_UART_Init  usart.o
    0x080062e0   0x080062e0   0x0000003c   Code   RO          122    .text.MX_USART2_UART_Init  usart.o
    0x0800631c   0x0800631c   0x00000048   Code   RO          124    .text.MX_USART3_UART_Init  usart.o
    0x08006364   0x08006364   0x00000002   Code   RO          150    .text.MemManage_Handler  stm32f1xx_it.o
    0x08006366   0x08006366   0x00000002   PAD
    0x08006368   0x08006368   0x00000026   Code   RO         1959    .text.MotorResolve  dji_motor.o
    0x0800638e   0x0800638e   0x00000002   PAD
    0x08006390   0x08006390   0x00000036   Code   RO         1961    .text.MotorRoundResolve  dji_motor.o
    0x080063c6   0x080063c6   0x00000002   PAD
    0x080063c8   0x080063c8   0x00000002   Code   RO          146    .text.NMI_Handler   stm32f1xx_it.o
    0x080063ca   0x080063ca   0x00000002   PAD
    0x080063cc   0x080063cc   0x000000ac   Code   RO         1860    .text.OLED_Clear    oled.o
    0x08006478   0x08006478   0x0000020a   Code   RO         1880    .text.OLED_DrawBMP  oled.o
    0x08006682   0x08006682   0x00000002   PAD
    0x08006684   0x08006684   0x0000010e   Code   RO         1882    .text.OLED_HorizontalShift  oled.o
    0x08006792   0x08006792   0x00000002   PAD
    0x08006794   0x08006794   0x00000282   Code   RO         1852    .text.OLED_Init     oled.o
    0x08006a16   0x08006a16   0x00000002   PAD
    0x08006a18   0x08006a18   0x00000826   Code   RO         1878    .text.OLED_ShowCHinese  oled.o
    0x0800723e   0x0800723e   0x00000002   PAD
    0x08007240   0x08007240   0x00000706   Code   RO         1870    .text.OLED_ShowChar  oled.o
    0x08007946   0x08007946   0x00000002   PAD
    0x08007948   0x08007948   0x0000011c   Code   RO         1874    .text.OLED_ShowNum  oled.o
    0x08007a64   0x08007a64   0x0000008e   Code   RO         1872    .text.OLED_ShowString  oled.o
    0x08007af2   0x08007af2   0x00000002   PAD
    0x08007af4   0x08007af4   0x00000046   Code   RO         1763    .text.PID_Init      controller.o
    0x08007b3a   0x08007b3a   0x00000006   PAD
    0x08007b40   0x08007b40   0x00000044   Code   RO         1687    .text.PendSV_Handler  port.o
    0x08007b84   0x08007b84   0x0000000c   PAD
    0x08007b90   0x08007b90   0x00000024   Code   RO         1673    .text.SVC_Handler   port.o
    0x08007bb4   0x08007bb4   0x00000020   Code   RO         1715    .text.StartDefaultTask  all_task.o
    0x08007bd4   0x08007bd4   0x00000026   Code   RO         1717    .text.StartGimbalTask  all_task.o
    0x08007bfa   0x08007bfa   0x00000002   PAD
    0x08007bfc   0x08007bfc   0x00000020   Code   RO         1719    .text.StartMonitorTask  all_task.o
    0x08007c1c   0x08007c1c   0x0000002e   Code   RO         1689    .text.SysTick_Handler  port.o
    0x08007c4a   0x08007c4a   0x00000002   PAD
    0x08007c4c   0x08007c4c   0x00000002   Code   RO         1218    .text.SystemInit    system_stm32f1xx.o
    0x08007c4e   0x08007c4e   0x00000002   PAD
    0x08007c50   0x08007c50   0x0000000c   Code   RO          172    .text.TIM1_UP_IRQHandler  stm32f1xx_it.o
    0x08007c5c   0x08007c5c   0x0000000c   Code   RO          174    .text.TIM2_IRQHandler  stm32f1xx_it.o
    0x08007c68   0x08007c68   0x0000000c   Code   RO         1178    .text.UART_DMAAbortOnError  stm32f1xx_hal_uart.o
    0x08007c74   0x08007c74   0x0000017c   Code   RO         1128    .text.UART_DMAError  stm32f1xx_hal_uart.o
    0x08007df0   0x08007df0   0x0000015e   Code   RO         1206    .text.UART_DMAReceiveCplt  stm32f1xx_hal_uart.o
    0x08007f4e   0x08007f4e   0x00000002   PAD
    0x08007f50   0x08007f50   0x00000018   Code   RO         1208    .text.UART_DMARxHalfCplt  stm32f1xx_hal_uart.o
    0x08007f68   0x08007f68   0x000000b0   Code   RO         1124    .text.UART_DMATransmitCplt  stm32f1xx_hal_uart.o
    0x08008018   0x08008018   0x00000006   Code   RO         1126    .text.UART_DMATxHalfCplt  stm32f1xx_hal_uart.o
    0x0800801e   0x0800801e   0x00000002   PAD
    0x08008020   0x08008020   0x000000fe   Code   RO         1176    .text.UART_Receive_IT  stm32f1xx_hal_uart.o
    0x0800811e   0x0800811e   0x00000002   PAD
    0x08008120   0x08008120   0x0000001a   Code   RO          176    .text.USART1_IRQHandler  stm32f1xx_it.o
    0x0800813a   0x0800813a   0x00000002   PAD
    0x0800813c   0x0800813c   0x0000001a   Code   RO          178    .text.USART2_IRQHandler  stm32f1xx_it.o
    0x08008156   0x08008156   0x00000002   PAD
    0x08008158   0x08008158   0x0000001a   Code   RO          180    .text.USART3_IRQHandler  stm32f1xx_it.o
    0x08008172   0x08008172   0x00000002   PAD
    0x08008174   0x08008174   0x0000000c   Code   RO          168    .text.USB_HP_CAN1_TX_IRQHandler  stm32f1xx_it.o
    0x08008180   0x08008180   0x0000000c   Code   RO          170    .text.USB_LP_CAN1_RX0_IRQHandler  stm32f1xx_it.o
    0x0800818c   0x0800818c   0x00000002   Code   RO          154    .text.UsageFault_Handler  stm32f1xx_it.o
    0x0800818e   0x0800818e   0x00000002   PAD
    0x08008190   0x08008190   0x0000008e   Code   RO         1732    .text.User_IRQHandler  irqn.o
    0x0800821e   0x0800821e   0x00000002   PAD
    0x08008220   0x08008220   0x00000032   Code   RO         1837    .text.esp_task_entry  esp.o
    0x08008252   0x08008252   0x00000002   PAD
    0x08008254   0x08008254   0x0000008a   Code   RO           11    .text.main          main.o
    0x080082de   0x080082de   0x00000002   PAD
    0x080082e0   0x080082e0   0x000000e8   Code   RO         1910    .text.oled_initc    print.o
    0x080083c8   0x080083c8   0x00000010   Code   RO         1550    .text.osDelay       cmsis_os.o
    0x080083d8   0x080083d8   0x0000000a   Code   RO         1532    .text.osKernelStart  cmsis_os.o
    0x080083e2   0x080083e2   0x00000002   PAD
    0x080083e4   0x080083e4   0x00000010   Code   RO         1564    .text.osMutexCreate  cmsis_os.o
    0x080083f4   0x080083f4   0x0000005c   Code   RO         1538    .text.osThreadCreate  cmsis_os.o
    0x08008450   0x08008450   0x0000007e   Code   RO         1401    .text.prvAddCurrentTaskToDelayedList  tasks.o
    0x080084ce   0x080084ce   0x00000002   PAD
    0x080084d0   0x080084d0   0x000000f4   Code   RO         1393    .text.prvAddNewTaskToReadyList  tasks.o
    0x080085c4   0x080085c4   0x00000026   Code   RO         1417    .text.prvIdleTask   tasks.o
    0x080085ea   0x080085ea   0x00000002   PAD
    0x080085ec   0x080085ec   0x00000118   Code   RO         1391    .text.prvInitialiseNewTask  tasks.o
    0x08008704   0x08008704   0x00000020   Code   RO         1679    .text.prvPortStartFirstTask  port.o
    0x08008724   0x08008724   0x0000003e   Code   RO         1671    .text.prvTaskExitError  port.o
    0x08008762   0x08008762   0x00000002   PAD
    0x08008764   0x08008764   0x00000376   Code   RO         1492    .text.prvTimerTask  timers.o
    0x08008ada   0x08008ada   0x00000002   PAD
    0x08008adc   0x08008adc   0x00000074   Code   RO         1302    .text.prvUnlockQueue  queue.o
    0x08008b50   0x08008b50   0x00000208   Code   RO         1647    .text.pvPortMalloc  heap_4.o
    0x08008d58   0x08008d58   0x00000020   Code   RO         1669    .text.pxPortInitialiseStack  port.o
    0x08008d78   0x08008d78   0x00000024   Code   RO         1270    .text.uxListRemove  list.o
    0x08008d9c   0x08008d9c   0x0000001a   Code   RO           37    .text.vApplicationGetIdleTaskMemory  freertos.o
    0x08008db6   0x08008db6   0x00000002   PAD
    0x08008db8   0x08008db8   0x0000001c   Code   RO           39    .text.vApplicationGetTimerTaskMemory  freertos.o
    0x08008dd4   0x08008dd4   0x00000016   Code   RO         1262    .text.vListInitialise  list.o
    0x08008dea   0x08008dea   0x00000002   PAD
    0x08008dec   0x08008dec   0x00000006   Code   RO         1264    .text.vListInitialiseItem  list.o
    0x08008df2   0x08008df2   0x00000002   PAD
    0x08008df4   0x08008df4   0x00000062   Code   RO         1268    .text.vListInsert   list.o
    0x08008e56   0x08008e56   0x00000002   PAD
    0x08008e58   0x08008e58   0x0000001c   Code   RO         1266    .text.vListInsertEnd  list.o
    0x08008e74   0x08008e74   0x00000046   Code   RO         1683    .text.vPortEnterCritical  port.o
    0x08008eba   0x08008eba   0x00000002   PAD
    0x08008ebc   0x08008ebc   0x0000002e   Code   RO         1685    .text.vPortExitCritical  port.o
    0x08008eea   0x08008eea   0x00000002   PAD
    0x08008eec   0x08008eec   0x000000d4   Code   RO         1649    .text.vPortFree     heap_4.o
    0x08008fc0   0x08008fc0   0x00000034   Code   RO         1677    .text.vPortSetupTimerInterrupt  port.o
    0x08008ff4   0x08008ff4   0x000000b0   Code   RO         1330    .text.vQueueAddToRegistry  queue.o
    0x080090a4   0x080090a4   0x00000052   Code   RO         1334    .text.vQueueWaitForMessageRestricted  queue.o
    0x080090f6   0x080090f6   0x00000002   PAD
    0x080090f8   0x080090f8   0x0000009e   Code   RO         1405    .text.vTaskDelay    tasks.o
    0x08009196   0x08009196   0x00000002   PAD
    0x08009198   0x08009198   0x00000012   Code   RO         1445    .text.vTaskInternalSetTimeOutState  tasks.o
    0x080091aa   0x080091aa   0x00000002   PAD
    0x080091ac   0x080091ac   0x0000000e   Code   RO         1449    .text.vTaskMissedYield  tasks.o
    0x080091ba   0x080091ba   0x00000002   PAD
    0x080091bc   0x080091bc   0x00000036   Code   RO         1433    .text.vTaskPlaceOnEventList  tasks.o
    0x080091f2   0x080091f2   0x00000002   PAD
    0x080091f4   0x080091f4   0x0000008e   Code   RO         1437    .text.vTaskPlaceOnEventListRestricted  tasks.o
    0x08009282   0x08009282   0x00000002   PAD
    0x08009284   0x08009284   0x000000f0   Code   RO         1415    .text.vTaskStartScheduler  tasks.o
    0x08009374   0x08009374   0x00000010   Code   RO         1399    .text.vTaskSuspendAll  tasks.o
    0x08009384   0x08009384   0x0000006e   Code   RO         1409    .text.vTaskSwitchContext  tasks.o
    0x080093f2   0x080093f2   0x00000002   PAD
    0x080093f4   0x080093f4   0x0000012c   Code   RO         1675    .text.xPortStartScheduler  port.o
    0x08009520   0x08009520   0x0000006a   Code   RO         1286    .text.xQueueCreateMutex  queue.o
    0x0800958a   0x0800958a   0x00000002   PAD
    0x0800958c   0x0800958c   0x0000009a   Code   RO         1288    .text.xQueueCreateMutexStatic  queue.o
    0x08009626   0x08009626   0x00000002   PAD
    0x08009628   0x08009628   0x000000d6   Code   RO         1282    .text.xQueueGenericCreateStatic  queue.o
    0x080096fe   0x080096fe   0x00000002   PAD
    0x08009700   0x08009700   0x0000022a   Code   RO         1292    .text.xQueueGenericSend  queue.o
    0x0800992a   0x0800992a   0x00000002   PAD
    0x0800992c   0x0800992c   0x000001aa   Code   RO         1308    .text.xQueueReceive  queue.o
    0x08009ad6   0x08009ad6   0x00000002   PAD
    0x08009ad8   0x08009ad8   0x000000a2   Code   RO         1447    .text.xTaskCheckForTimeOut  tasks.o
    0x08009b7a   0x08009b7a   0x00000002   PAD
    0x08009b7c   0x08009b7c   0x00000060   Code   RO         1395    .text.xTaskCreate   tasks.o
    0x08009bdc   0x08009bdc   0x00000076   Code   RO         1389    .text.xTaskCreateStatic  tasks.o
    0x08009c52   0x08009c52   0x00000002   PAD
    0x08009c54   0x08009c54   0x0000001e   Code   RO         1453    .text.xTaskGetSchedulerState  tasks.o
    0x08009c72   0x08009c72   0x00000002   PAD
    0x08009c74   0x08009c74   0x0000000c   Code   RO         1423    .text.xTaskGetTickCount  tasks.o
    0x08009c80   0x08009c80   0x00000106   Code   RO         1421    .text.xTaskIncrementTick  tasks.o
    0x08009d86   0x08009d86   0x00000002   PAD
    0x08009d88   0x08009d88   0x000000b6   Code   RO         1457    .text.xTaskPriorityDisinherit  tasks.o
    0x08009e3e   0x08009e3e   0x00000002   PAD
    0x08009e40   0x08009e40   0x00000074   Code   RO         1439    .text.xTaskRemoveFromEventList  tasks.o
    0x08009eb4   0x08009eb4   0x000000ea   Code   RO         1403    .text.xTaskResumeAll  tasks.o
    0x08009f9e   0x08009f9e   0x00000002   PAD
    0x08009fa0   0x08009fa0   0x000000b4   Code   RO         1490    .text.xTimerCreateTimerTask  timers.o
    0x0800a054   0x0800a054   0x0000003e   Code   RO         2208    CL$$btod_d2e        c_w.l(btod.o)
    0x0800a092   0x0800a092   0x00000046   Code   RO         2210    CL$$btod_d2e_denorm_low  c_w.l(btod.o)
    0x0800a0d8   0x0800a0d8   0x00000060   Code   RO         2209    CL$$btod_d2e_norm_op1  c_w.l(btod.o)
    0x0800a138   0x0800a138   0x00000338   Code   RO         2218    CL$$btod_div_common  c_w.l(btod.o)
    0x0800a470   0x0800a470   0x00000084   Code   RO         2216    CL$$btod_e2d        c_w.l(btod.o)
    0x0800a4f4   0x0800a4f4   0x000000dc   Code   RO         2215    CL$$btod_e2e        c_w.l(btod.o)
    0x0800a5d0   0x0800a5d0   0x0000002a   Code   RO         2212    CL$$btod_ediv       c_w.l(btod.o)
    0x0800a5fa   0x0800a5fa   0x0000002a   Code   RO         2214    CL$$btod_edivd      c_w.l(btod.o)
    0x0800a624   0x0800a624   0x0000002a   Code   RO         2211    CL$$btod_emul       c_w.l(btod.o)
    0x0800a64e   0x0800a64e   0x0000002a   Code   RO         2213    CL$$btod_emuld      c_w.l(btod.o)
    0x0800a678   0x0800a678   0x00000244   Code   RO         2217    CL$$btod_mult_common  c_w.l(btod.o)
    0x0800a8bc   0x0800a8bc   0x00000028   Code   RO         2241    i.__ARM_fpclassify  m_ws.l(fpclassify.o)
    0x0800a8e4   0x0800a8e4   0x0000000e   Code   RO         2455    i.__mathlib_dbl_overflow  m_ws.l(dunder.o)
    0x0800a8f2   0x0800a8f2   0x00000002   PAD
    0x0800a8f4   0x0800a8f4   0x00000010   Code   RO         2457    i.__mathlib_dbl_underflow  m_ws.l(dunder.o)
    0x0800a904   0x0800a904   0x00000010   Code   RO         2346    i.__mathlib_narrow  m_ws.l(narrow.o)
    0x0800a914   0x0800a914   0x000000bc   Code   RO         2347    i.__mathlib_tofloat  m_ws.l(narrow.o)
    0x0800a9d0   0x0800a9d0   0x00000016   Code   RO         2412    i.__support_ldexp   m_ws.l(ldexp.o)
    0x0800a9e6   0x0800a9e6   0x0000000e   Code   RO         2029    i._is_digit         c_w.l(__printf_wp.o)
    0x0800a9f4   0x0800a9f4   0x0000002c   Code   RO         2119    i.atof              m_ws.l(atof.o)
    0x0800aa20   0x0800aa20   0x00000058   Code   RO         2380    i.frexp             m_ws.l(frexp.o)
    0x0800aa78   0x0800aa78   0x00000074   Code   RO         2413    i.ldexp             m_ws.l(ldexp.o)
    0x0800aaec   0x0800aaec   0x0000002c   Code   RO         2233    locale$$code        c_w.l(lc_numeric_c.o)
    0x0800ab18   0x0800ab18   0x0000002c   Code   RO         2254    locale$$code        c_w.l(lc_ctype_c.o)
    0x0800ab44   0x0800ab44   0x00000062   Code   RO         2066    x$fpl$d2f           fz_ws.l(d2f.o)
    0x0800aba6   0x0800aba6   0x00000002   PAD
    0x0800aba8   0x0800aba8   0x00000150   Code   RO         2068    x$fpl$dadd          fz_ws.l(daddsub_clz.o)
    0x0800acf8   0x0800acf8   0x00000010   Code   RO         2449    x$fpl$dcheck1       fz_ws.l(dcheck1.o)
    0x0800ad08   0x0800ad08   0x00000018   Code   RO         2405    x$fpl$dcmpinf       fz_ws.l(dcmpi.o)
    0x0800ad20   0x0800ad20   0x000002b4   Code   RO         2075    x$fpl$ddiv          fz_ws.l(ddiv.o)
    0x0800afd4   0x0800afd4   0x00000078   Code   RO         2375    x$fpl$deqf          fz_ws.l(deqf.o)
    0x0800b04c   0x0800b04c   0x0000005e   Code   RO         2078    x$fpl$dfix          fz_ws.l(dfix.o)
    0x0800b0aa   0x0800b0aa   0x0000002e   Code   RO         2083    x$fpl$dflt          fz_ws.l(dflt_clz.o)
    0x0800b0d8   0x0800b0d8   0x00000078   Code   RO         2407    x$fpl$dleqf         fz_ws.l(dleqf.o)
    0x0800b150   0x0800b150   0x00000154   Code   RO         2088    x$fpl$dmul          fz_ws.l(dmul.o)
    0x0800b2a4   0x0800b2a4   0x0000009c   Code   RO         2151    x$fpl$dnaninf       fz_ws.l(dnaninf.o)
    0x0800b340   0x0800b340   0x0000000c   Code   RO         2153    x$fpl$dretinf       fz_ws.l(dretinf.o)
    0x0800b34c   0x0800b34c   0x0000006c   Code   RO         2377    x$fpl$drleqf        fz_ws.l(drleqf.o)
    0x0800b3b8   0x0800b3b8   0x000001dc   Code   RO         2070    x$fpl$dsub          fz_ws.l(daddsub_clz.o)
    0x0800b594   0x0800b594   0x00000056   Code   RO         2090    x$fpl$f2d           fz_ws.l(f2d.o)
    0x0800b5ea   0x0800b5ea   0x00000002   PAD
    0x0800b5ec   0x0800b5ec   0x000000c4   Code   RO         2092    x$fpl$fadd          fz_ws.l(faddsub_clz.o)
    0x0800b6b0   0x0800b6b0   0x00000184   Code   RO         2101    x$fpl$fdiv          fz_ws.l(fdiv.o)
    0x0800b834   0x0800b834   0x00000030   Code   RO         2109    x$fpl$fflt          fz_ws.l(fflt_clz.o)
    0x0800b864   0x0800b864   0x00000026   Code   RO         2108    x$fpl$ffltu         fz_ws.l(fflt_clz.o)
    0x0800b88a   0x0800b88a   0x00000002   PAD
    0x0800b88c   0x0800b88c   0x00000102   Code   RO         2114    x$fpl$fmul          fz_ws.l(fmul.o)
    0x0800b98e   0x0800b98e   0x0000008c   Code   RO         2161    x$fpl$fnaninf       fz_ws.l(fnaninf.o)
    0x0800ba1a   0x0800ba1a   0x0000000a   Code   RO         2163    x$fpl$fretinf       fz_ws.l(fretinf.o)
    0x0800ba24   0x0800ba24   0x000000ea   Code   RO         2094    x$fpl$fsub          fz_ws.l(faddsub_clz.o)
    0x0800bb0e   0x0800bb0e   0x00000006   Code   RO         2237    x$fpl$ieeestatus    fz_ws.l(istatus.o)
    0x0800bb14   0x0800bb14   0x00000004   Code   RO         2116    x$fpl$printf1       fz_ws.l(printf1.o)
    0x0800bb18   0x0800bb18   0x00000064   Code   RO         2465    x$fpl$retnan        fz_ws.l(retnan.o)
    0x0800bb7c   0x0800bb7c   0x0000005c   Code   RO         2409    x$fpl$scalbn        fz_ws.l(scalbn.o)
    0x0800bbd8   0x0800bbd8   0x00000004   Code   RO         2239    x$fpl$scanf1        fz_ws.l(scanf1.o)
    0x0800bbdc   0x0800bbdc   0x00000008   Code   RO         2340    x$fpl$scanf2        fz_ws.l(scanf2.o)
    0x0800bbe4   0x0800bbe4   0x00000030   Code   RO         2467    x$fpl$trapveneer    fz_ws.l(trapv.o)
    0x0800bc14   0x0800bc14   0x00000000   Code   RO         2165    x$fpl$usenofp       fz_ws.l(usenofp.o)
    0x0800bc14   0x0800bc14   0x00000094   Data   RO         2206    .constdata          c_w.l(bigflt0.o)
    0x0800bca8   0x0800bca8   0x0000000c   Data   RO         1801    .rodata..L__const.MOTOR_PID_Gimbal_INIT.PID_P_Pitch  gimbal_task.o
    0x0800bcb4   0x0800bcb4   0x0000000c   Data   RO         1803    .rodata..L__const.MOTOR_PID_Gimbal_INIT.PID_P_Yaw  gimbal_task.o
    0x0800bcc0   0x0800bcc0   0x0000000c   Data   RO         1800    .rodata..L__const.MOTOR_PID_Gimbal_INIT.PID_S_Pitch  gimbal_task.o
    0x0800bccc   0x0800bccc   0x0000000c   Data   RO         1802    .rodata..L__const.MOTOR_PID_Gimbal_INIT.PID_S_Yaw  gimbal_task.o
    0x0800bcd8   0x0800bcd8   0x0000001c   Data   RO           54    .rodata..L__const.MX_FREERTOS_Init.os_thread_def_defaultTask  freertos.o
    0x0800bcf4   0x0800bcf4   0x0000001c   Data   RO           55    .rodata..L__const.MX_FREERTOS_Init.os_thread_def_gimbalTask  freertos.o
    0x0800bd10   0x0800bd10   0x0000001c   Data   RO           56    .rodata..L__const.MX_FREERTOS_Init.os_thread_def_monitorTask  freertos.o
    0x0800bd2c   0x0800bd2c   0x00000010   Data   RO         1223    .rodata.AHBPrescTable  system_stm32f1xx.o
    0x0800bd3c   0x0800bd3c   0x00000008   Data   RO         1224    .rodata.APBPrescTable  system_stm32f1xx.o
    0x0800bd44   0x0800bd44   0x00000228   Data   RO         1901    .rodata.F6x8        oledfont.o
    0x0800bf6c   0x0800bf6c   0x000005e0   Data   RO         1902    .rodata.F8X16       oledfont.o
    0x0800c54c   0x0800c54c   0x00000002   Data   RO          716    .rodata.HAL_RCC_GetSysClockFreq.aPredivFactorTable  stm32f1xx_hal_rcc.o
    0x0800c54e   0x0800c54e   0x000000c0   Data   RO         1903    .rodata.Hzk         oledfont.o
    0x0800c60e   0x0800c60e   0x00000010   Data   RO          715    .rodata.cst16       stm32f1xx_hal_rcc.o
    0x0800c61e   0x0800c61e   0x00000023   Data   RO           53    .rodata.str1.1      freertos.o
    0x0800c641   0x0800c641   0x00000005   Data   RO         1522    .rodata.str1.1      timers.o
    0x0800c646   0x0800c646   0x0000046a   Data   RO         1842    .rodata.str1.1      esp.o
    0x0800cab0   0x0800cab0   0x00000020   Data   RO         2470    Region$$Table       anon$$obj.o
    0x0800cad0   0x0800cad0   0x00000008   Data   RO         2334    c$$dinf             fz_ws.l(fpconst.o)
    0x0800cad8   0x0800cad8   0x00000008   Data   RO         2337    c$$dmax             fz_ws.l(fpconst.o)
    0x0800cae0   0x0800cae0   0x0000001c   Data   RO         2232    locale$$data        c_w.l(lc_numeric_c.o)
    0x0800cafc   0x0800cafc   0x00000110   Data   RO         2253    locale$$data        c_w.l(lc_ctype_c.o)


    Execution Region RW_IRAM1 (Exec base: 0x20000000, Load base: 0x0800cc10, Size: 0x00002b88, Max: 0x00005000, ABSOLUTE)

    Exec Addr    Load Addr    Size         Type   Attr      Idx    E Section Name        Object

    0x20000000   0x0800cc10   0x00000008   Data   RW          678    .data..L_MergedGlobals  stm32f1xx_hal.o
    0x20000008   0x0800cc18   0x00000080   Data   RW         1904    .data.BMP1          oledfont.o
    0x20000088   0x0800cc98   0x00000017   Data   RW         1892    .data.CMD_Data      oled.o
    0x2000009f   0x0800ccaf   0x00000001   PAD
    0x200000a0   0x0800ccb0   0x00000004   Data   RW         1222    .data.SystemCoreClock  system_stm32f1xx.o
    0x200000a4   0x0800ccb4   0x00000001   Data   RW         1839    .data.esp_client_id  esp.o
    0x200000a5   0x0800ccb5   0x00000003   PAD
    0x200000a8   0x0800ccb8   0x00000004   Data   RW         1693    .data.uxCriticalNesting  port.o
    0x200000ac   0x0800ccbc   0x00000004   PAD
    0x200000b0        -       0x00000060   Zero   RW         2167    .bss                c_w.l(libspace.o)
    0x20000110        -       0x00000010   Zero   RW           57    .bss..L_MergedGlobals  freertos.o
    0x20000120        -       0x00000074   Zero   RW         1481    .bss..L_MergedGlobals  tasks.o
    0x20000194        -       0x0000003c   Zero   RW         1523    .bss..L_MergedGlobals  timers.o
    0x200001d0        -       0x00000020   Zero   RW         1660    .bss..L_MergedGlobals  heap_4.o
    0x200001f0        -       0x00000008   Zero   RW         1694    .bss..L_MergedGlobals  port.o
    0x200001f8        -       0x0000006c   Zero   RW         1708    .bss..L_MergedGlobals  all_init.o
    0x20000264        -       0x00000004   Zero   RW         1843    .bss..L_MergedGlobals  esp.o
    0x20000268        -       0x00000028   Zero   RW         1934    .bss..L_MergedGlobals  bsp_dwt.o
    0x20000290        -       0x00000780   Zero   RW         1707    .bss.ALL_MOTOR      all_init.o
    0x20000a10        -       0x00000200   Zero   RW         1840    .bss.esp_rx_buf     esp.o
    0x20000c10        -       0x00000028   Zero   RW         1823    .bss.gps_data       gps.o
    0x20000c38        -       0x00000100   Zero   RW         1824    .bss.gps_rx_buffer  gps.o
    0x20000d38        -       0x00000028   Zero   RW           72    .bss.hcan           can.o
    0x20000d60        -       0x00000044   Zero   RW          133    .bss.hdma_usart1_rx  usart.o
    0x20000da4        -       0x00000044   Zero   RW          134    .bss.hdma_usart1_tx  usart.o
    0x20000de8        -       0x00000044   Zero   RW          136    .bss.hdma_usart2_rx  usart.o
    0x20000e2c        -       0x00000044   Zero   RW          135    .bss.hdma_usart2_tx  usart.o
    0x20000e70        -       0x00000044   Zero   RW          137    .bss.hdma_usart3_rx  usart.o
    0x20000eb4        -       0x00000054   Zero   RW           96    .bss.hi2c1          i2c.o
    0x20000f08        -       0x00000048   Zero   RW          205    .bss.htim1          stm32f1xx_hal_timebase_tim.o
    0x20000f50        -       0x00000048   Zero   RW          111    .bss.htim2          tim.o
    0x20000f98        -       0x00000048   Zero   RW          130    .bss.huart1         usart.o
    0x20000fe0        -       0x00000048   Zero   RW          131    .bss.huart2         usart.o
    0x20001028        -       0x00000048   Zero   RW          132    .bss.huart3         usart.o
    0x20001070        -       0x000000c8   Zero   RW         1841    .bss.line_buf       esp.o
    0x20001138        -       0x00000078   Zero   RW         1521    .bss.prvCheckForValidListAndQueue.ucStaticTimerQueueStorage  timers.o
    0x200011b0        -       0x00000048   Zero   RW         1520    .bss.prvCheckForValidListAndQueue.xStaticTimerQueue  timers.o
    0x200011f8        -       0x0000008c   Zero   RW         1479    .bss.pxReadyTasksLists  tasks.o
    0x20001284        -       0x00000c00   Zero   RW         1659    .bss.ucHeap         heap_4.o
    0x20001e84        -       0x00000004   Zero   RW          677    .bss.uwTick         stm32f1xx_hal.o
    0x20001e88        -       0x00000014   Zero   RW         1480    .bss.xDelayedTaskList2  tasks.o
    0x20001e9c        -       0x00000200   Zero   RW           50    .bss.xIdleStack     freertos.o
    0x2000209c        -       0x00000054   Zero   RW           49    .bss.xIdleTaskTCBBuffer  freertos.o
    0x200020f0        -       0x00000040   Zero   RW         1336    .bss.xQueueRegistry  queue.o
    0x20002130        -       0x00000400   Zero   RW           52    .bss.xTimerStack    freertos.o
    0x20002530        -       0x00000054   Zero   RW           51    .bss.xTimerTaskTCBBuffer  freertos.o
    0x20002584   0x0800ccbc   0x00000004   PAD
    0x20002588        -       0x00000200   Zero   RW            2    HEAP                startup_stm32f103xb.o
    0x20002788        -       0x00000400   Zero   RW            1    STACK               startup_stm32f103xb.o


==============================================================================

Image component sizes


      Code (inc. data)   RO Data    RW Data    ZI Data      Debug   Object Name

       136          0          0          0       2028       5919   all_init.o
       102          0          0          0          0       1498   all_task.o
       376          0          0          0         40       4669   bsp_dwt.o
       224          0          0          0         40       4938   can.o
        64          0          0          0          0       4131   can_bsp.o
       134          0          0          0          0      26767   cmsis_os.o
        70          0          0          0          0       6663   controller.o
        92          0          0          0          0       5322   dji_motor.o
       116          0          0          0          0       2204   dma.o
       972        100       1130          1        716       6357   esp.o
       202          0        119          0       1720       4796   freertos.o
       262          0         48          0          0       4542   gimbal_task.o
       132          0          0          0          0       1584   gpio.o
      3584         24          0          0        296      12429   gps.o
       732          0          0          0       3104       5730   heap_4.o
       164          0          0          0         84       4455   i2c.o
       234          0          0          0          0       5858   irqn.o
       190          0          0          0          0       2352   list.o
       168          0          0          0          0       5345   main.o
      5916          0          0         23          0      23381   oled.o
         0          0       2248        128          0        526   oledfont.o
       744         12          0          4          8       3918   port.o
       232         28          0          0          0        645   print.o
      1828          0          0          0         64      27204   queue.o
        64         26        236          0       1536        804   startup_stm32f103xb.o
       116          0          0          8          4       5770   stm32f1xx_hal.o
      1552          6          0          0          0      13623   stm32f1xx_hal_can.o
       150          0          0          0          0       8496   stm32f1xx_hal_cortex.o
       956          0          0          0          0       8449   stm32f1xx_hal_dma.o
       556         22          0          0          0       4637   stm32f1xx_hal_gpio.o
      1988          0          0          0          0      42648   stm32f1xx_hal_i2c.o
        80          0          0          0          0       2399   stm32f1xx_hal_msp.o
      1536          0         18          0          0       7679   stm32f1xx_hal_rcc.o
      1114          0          0          0          0      55273   stm32f1xx_hal_tim.o
       126          0          0          0          0      20686   stm32f1xx_hal_tim_ex.o
       176          0          0          0         72       5805   stm32f1xx_hal_timebase_tim.o
      3912          0          0          0          0      32551   stm32f1xx_hal_uart.o
       198          0          0          0          0       7996   stm32f1xx_it.o
         2          0         24          4          0       1650   system_stm32f1xx.o
      2652          8          0          0        276      27722   tasks.o
       180          0          0          0         72       5809   tim.o
      1066         18          5          0        252      14628   timers.o
       858          0          0          0        556       6508   usart.o

    ----------------------------------------------------------------------
     34196        256       3860        172      10876     444366   Object Totals
         0          0         32          0          0          0   (incl. Generated)
       240         12          0          4          8          0   (incl. Padding)

    ----------------------------------------------------------------------

      Code (inc. data)   RO Data    RW Data    ZI Data      Debug   Library Member Name

        64          6          0          0          0         84   __2snprintf.o
         8          0          0          0          0         68   __main.o
       284          0          0          0          0        156   __printf_wp.o
         0          0          0          0          0          0   __rtentry.o
        12          0          0          0          0          0   __rtentry2.o
         6          0          0          0          0          0   __rtentry4.o
        52          8          0          0          0          0   __scatter.o
        26          0          0          0          0          0   __scatter_copy.o
        28          0          0          0          0          0   __scatter_zi.o
        28          0          0          0          0         68   _chval.o
        48          6          0          0          0         96   _printf_char_common.o
         6          0          0          0          0          0   _printf_d.o
       120         16          0          0          0         92   _printf_dec.o
         6          0          0          0          0          0   _printf_f.o
      1052          0          0          0          0        148   _printf_fp_dec.o
       128         16          0          0          0         84   _printf_fp_infnan.o
       178          0          0          0          0         88   _printf_intcommon.o
         0          0          0          0          0          0   _printf_percent.o
         4          0          0          0          0          0   _printf_percent_end.o
        22          0          0          0          0        100   _rserrno.o
        64          0          0          0          0         84   _sgetc.o
        16          0          0          0          0         68   _snputc.o
       158          0          0          0          0         92   _strtoul.o
        26          0          0          0          0         80   atoi.o
        26          0          0          0          0         80   atol.o
       228          4        148          0          0         96   bigflt0.o
      2152        136          0          0          0        956   btod.o
        18          0          0          0          0         80   exit.o
         6          0          0          0          0        152   heapauxi.o
         0          0          0          0          0          0   indicate_semi.o
        18          0          0          0          0         76   isspace.o
        44         10        272          0          0         76   lc_ctype_c.o
        44         10         28          0          0         76   lc_numeric_c.o
         2          0          0          0          0          0   libinit.o
        30          0          0          0          0          0   libinit2.o
         2          0          0          0          0          0   libshutdown.o
         2          0          0          0          0          0   libshutdown2.o
         8          4          0          0         96         68   libspace.o
        38          0          0          0          0         68   llshl.o
       138          0          0          0          0         80   lludiv10.o
       240          0          0          0          0        100   lludivv7m.o
        88          0          0          0          0         76   memcmp.o
        16          4          0          0          0         76   rt_ctype_table.o
         8          4          0          0          0         68   rt_errno_addr_intlibspace.o
         8          4          0          0          0         68   rt_locale_intlibspace.o
        68          0          0          0          0         68   rt_memclr.o
        78          0          0          0          0         80   rt_memclr_w.o
       138          0          0          0          0         68   rt_memcpy_v6.o
       100          0          0          0          0         80   rt_memcpy_w.o
         2          0          0          0          0          0   rtexit.o
        10          0          0          0          0          0   rtexit2.o
      1272         16          0          0          0        168   scanf_fp.o
       800         14          0          0          0        100   scanf_hexfp.o
       308         16          0          0          0        100   scanf_infnan.o
        20          0          0          0          0         68   strchr.o
       128          0          0          0          0         68   strcmpv7m.o
        62          0          0          0          0         76   strlen.o
        36          0          0          0          0         80   strstr.o
       176         14          0          0          0        124   strtod.o
       112          0          0          0          0         88   strtol.o
        12          4          0          0          0         68   sys_exit.o
        74          0          0          0          0         80   sys_stackheap_outer.o
         2          0          0          0          0         68   use_no_semi.o
        98          4          0          0          0         92   d2f.o
       812         16          0          0          0        296   daddsub_clz.o
        16          4          0          0          0         68   dcheck1.o
        24          0          0          0          0         68   dcmpi.o
       692        140          0          0          0        216   ddiv.o
       120          4          0          0          0         92   deqf.o
        94          4          0          0          0         92   dfix.o
        46          0          0          0          0         68   dflt_clz.o
       120          4          0          0          0         92   dleqf.o
       340         12          0          0          0        104   dmul.o
       156          4          0          0          0         92   dnaninf.o
        12          0          0          0          0         68   dretinf.o
       108          0          0          0          0         80   drleqf.o
        86          4          0          0          0         84   f2d.o
       430          8          0          0          0        168   faddsub_clz.o
       388         76          0          0          0         96   fdiv.o
        86          0          0          0          0        136   fflt_clz.o
       258          4          0          0          0         84   fmul.o
       140          4          0          0          0         84   fnaninf.o
         0          0         16          0          0          0   fpconst.o
        10          0          0          0          0         68   fretinf.o
         6          0          0          0          0         68   istatus.o
         4          0          0          0          0         68   printf1.o
       100          0          0          0          0         68   retnan.o
        92          0          0          0          0         68   scalbn.o
         4          0          0          0          0         68   scanf1.o
         8          0          0          0          0         84   scanf2.o
        48          0          0          0          0         68   trapv.o
         0          0          0          0          0          0   usenofp.o
        44          0          0          0          0         84   atof.o
        30          6          0          0          0        136   dunder.o
        40          0          0          0          0         68   fpclassify.o
        88          8          0          0          0         76   frexp.o
       138          0          0          0          0        160   ldexp.o
       204          4          0          0          0        168   narrow.o

    ----------------------------------------------------------------------
     13716        598        464          0         96       8220   Library Totals
        24          0          0          0          0          0   (incl. Padding)

    ----------------------------------------------------------------------

      Code (inc. data)   RO Data    RW Data    ZI Data      Debug   Library Name

      8850        292        448          0         96       4888   c_w.l
      4298        288         16          0          0       2640   fz_ws.l
       544         18          0          0          0        692   m_ws.l

    ----------------------------------------------------------------------
     13716        598        464          0         96       8220   Library Totals

    ----------------------------------------------------------------------

==============================================================================


      Code (inc. data)   RO Data    RW Data    ZI Data      Debug   

     47912        854       4324        172      10972     447050   Grand Totals
     47912        854       4324        172      10972     447050   ELF Image Totals
     47912        854       4324        172          0          0   ROM Totals

==============================================================================

    Total RO  Size (Code + RO Data)                52236 (  51.01kB)
    Total RW  Size (RW Data + ZI Data)             11144 (  10.88kB)
    Total ROM Size (Code + RO Data + RW Data)      52408 (  51.18kB)

==============================================================================

