<html>
<body>
<pre>
<h1>�Vision Build Log</h1>
<h2>Tool Versions:</h2>
IDE-Version: �Vision V5.37.0.0
Copyright (C) 2022 ARM Ltd and ARM Germany GmbH. All rights reserved.
License Information: liang qiu, qiu, LIC=ZB4EI-TJLRG-KP0ZY-ISTJK-4NU06-AHAQE
 
Tool Versions:
Toolchain:       MDK-ARM Plus  Version: 5.37.0.0
Toolchain Path:  D:\RoboMaster\SoftWare\MDK537\ARM\ARMCLANG\Bin
C Compiler:      ArmClang.exe V6.18
Assembler:       Armasm.exe V6.18
Linker/Locator:  ArmLink.exe V6.18
Library Manager: ArmAr.exe V6.18
Hex Converter:   FromElf.exe V6.18
CPU DLL:         SARMCM3.DLL V5.37.0.0
Dialog DLL:      DCM.DLL V1.17.5.0
Target DLL:      CMSIS_AGDI.dll V1.33.12.0
Dialog DLL:      TCM.DLL V1.56.1.0
 
<h2>Project:</h2>
D:\RoboMaster\2026\lidar\dachuang\Horizon_frame_f1\MDK-ARM\Horizon_frame_f1.uvprojx
Project File Date:  04/09/2026

<h2>Output:</h2>
*** Using Compiler 'V6.18', folder: 'D:\RoboMaster\SoftWare\MDK537\ARM\ARMCLANG\Bin'
Build target 'Horizon_frame_f1'
../User/App/print.c(32): warning: implicitly declaring library function 'sin' with type 'double (double)' [-Wimplicit-function-declaration]
        uint8_t y = (uint8_t)(32 + 16 * sin(x * 0.1)); // 简单正弦波
                                        ^
../User/App/print.c(32): note: include the header <math.h> or explicitly provide a declaration for 'sin'
../User/App/print.c(53): warning: implicit declaration of function 'osDelay' is invalid in C99 [-Wimplicit-function-declaration]
                osDelay(10); // 防抖
                ^
../User/App/print.c(61): warning: implicit declaration of function 'osDelay' is invalid in C99 [-Wimplicit-function-declaration]
                osDelay(10); // 防抖
                ^
../User/App/print.c(65): warning: implicit declaration of function 'osDelay' is invalid in C99 [-Wimplicit-function-declaration]
        osDelay(10); // 任务延时
        ^
4 warnings generated.
compiling print.c...
compiling All_Task.c...
linking...
Program Size: Code=45772 RO-data=3504 RW-data=168 ZI-data=10112  
FromELF: creating hex file...
"Horizon_frame_f1\Horizon_frame_f1.axf" - 0 Error(s), 4 Warning(s).

<h2>Software Packages used:</h2>

Package Vendor: ARM
                http://www.keil.com/pack/ARM.CMSIS.5.9.0.pack
                ARM.CMSIS.5.9.0
                CMSIS (Common Microcontroller Software Interface Standard)
   * Component: CORE Version: 5.6.0

Package Vendor: Keil
                http://www.keil.com/pack/Keil.STM32F1xx_DFP.2.3.0.pack
                Keil.STM32F1xx_DFP.2.3.0
                STMicroelectronics STM32F1 Series Device Support, Drivers and Examples

<h2>Collection of Component include folders:</h2>
  ./RTE/_Horizon_frame_f1
  D:/RoboMaster/SoftWare/MDK537/Package/ARM/CMSIS/5.9.0/CMSIS/Core/Include
  D:/RoboMaster/SoftWare/MDK537/Package/Keil/STM32F1xx_DFP/2.3.0/Device/Include

<h2>Collection of Component Files used:</h2>

   * Component: ARM::CMSIS:CORE:5.6.0
      Include file:  CMSIS/Core/Include/tz_context.h
Build Time Elapsed:  00:00:02
</pre>
</body>
</html>
