Component: Arm Compiler for Embedded 6.18 Tool: armlink [5e4cc100]

==============================================================================

Section Cross References

    startup_stm32f103xb.o(STACK) refers (Special) to heapauxi.o(.text) for __use_two_region_memory
    startup_stm32f103xb.o(HEAP) refers (Special) to heapauxi.o(.text) for __use_two_region_memory
    startup_stm32f103xb.o(RESET) refers (Special) to heapauxi.o(.text) for __use_two_region_memory
    startup_stm32f103xb.o(RESET) refers to startup_stm32f103xb.o(STACK) for __initial_sp
    startup_stm32f103xb.o(RESET) refers to startup_stm32f103xb.o(.text) for Reset_Handler
    startup_stm32f103xb.o(RESET) refers to stm32f1xx_it.o(.text.NMI_Handler) for NMI_Handler
    startup_stm32f103xb.o(RESET) refers to stm32f1xx_it.o(.text.HardFault_Handler) for HardFault_Handler
    startup_stm32f103xb.o(RESET) refers to stm32f1xx_it.o(.text.MemManage_Handler) for MemManage_Handler
    startup_stm32f103xb.o(RESET) refers to stm32f1xx_it.o(.text.BusFault_Handler) for BusFault_Handler
    startup_stm32f103xb.o(RESET) refers to stm32f1xx_it.o(.text.UsageFault_Handler) for UsageFault_Handler
    startup_stm32f103xb.o(RESET) refers to port.o(.text.SVC_Handler) for SVC_Handler
    startup_stm32f103xb.o(RESET) refers to stm32f1xx_it.o(.text.DebugMon_Handler) for DebugMon_Handler
    startup_stm32f103xb.o(RESET) refers to port.o(.text.PendSV_Handler) for PendSV_Handler
    startup_stm32f103xb.o(RESET) refers to port.o(.text.SysTick_Handler) for SysTick_Handler
    startup_stm32f103xb.o(RESET) refers to stm32f1xx_it.o(.text.DMA1_Channel4_IRQHandler) for DMA1_Channel4_IRQHandler
    startup_stm32f103xb.o(RESET) refers to stm32f1xx_it.o(.text.DMA1_Channel5_IRQHandler) for DMA1_Channel5_IRQHandler
    startup_stm32f103xb.o(RESET) refers to stm32f1xx_it.o(.text.DMA1_Channel6_IRQHandler) for DMA1_Channel6_IRQHandler
    startup_stm32f103xb.o(RESET) refers to stm32f1xx_it.o(.text.DMA1_Channel7_IRQHandler) for DMA1_Channel7_IRQHandler
    startup_stm32f103xb.o(RESET) refers to stm32f1xx_it.o(.text.USB_HP_CAN1_TX_IRQHandler) for USB_HP_CAN1_TX_IRQHandler
    startup_stm32f103xb.o(RESET) refers to stm32f1xx_it.o(.text.USB_LP_CAN1_RX0_IRQHandler) for USB_LP_CAN1_RX0_IRQHandler
    startup_stm32f103xb.o(RESET) refers to stm32f1xx_it.o(.text.TIM1_UP_IRQHandler) for TIM1_UP_IRQHandler
    startup_stm32f103xb.o(RESET) refers to stm32f1xx_it.o(.text.TIM2_IRQHandler) for TIM2_IRQHandler
    startup_stm32f103xb.o(RESET) refers to stm32f1xx_it.o(.text.USART1_IRQHandler) for USART1_IRQHandler
    startup_stm32f103xb.o(RESET) refers to stm32f1xx_it.o(.text.USART2_IRQHandler) for USART2_IRQHandler
    startup_stm32f103xb.o(.text) refers (Special) to heapauxi.o(.text) for __use_two_region_memory
    startup_stm32f103xb.o(.text) refers to system_stm32f1xx.o(.text.SystemInit) for SystemInit
    startup_stm32f103xb.o(.text) refers to __main.o(!!!main) for __main
    startup_stm32f103xb.o(.text) refers to startup_stm32f103xb.o(HEAP) for Heap_Mem
    startup_stm32f103xb.o(.text) refers to startup_stm32f103xb.o(STACK) for Stack_Mem
    main.o(.text.main) refers to stm32f1xx_hal.o(.text.HAL_Init) for HAL_Init
    main.o(.text.main) refers to stm32f1xx_hal_rcc.o(.text.HAL_RCC_OscConfig) for HAL_RCC_OscConfig
    main.o(.text.main) refers to stm32f1xx_hal_rcc.o(.text.HAL_RCC_ClockConfig) for HAL_RCC_ClockConfig
    main.o(.text.main) refers to gpio.o(.text.MX_GPIO_Init) for MX_GPIO_Init
    main.o(.text.main) refers to dma.o(.text.MX_DMA_Init) for MX_DMA_Init
    main.o(.text.main) refers to can.o(.text.MX_CAN_Init) for MX_CAN_Init
    main.o(.text.main) refers to tim.o(.text.MX_TIM2_Init) for MX_TIM2_Init
    main.o(.text.main) refers to usart.o(.text.MX_USART2_UART_Init) for MX_USART2_UART_Init
    main.o(.text.main) refers to usart.o(.text.MX_USART1_UART_Init) for MX_USART1_UART_Init
    main.o(.text.main) refers to i2c.o(.text.MX_I2C1_Init) for MX_I2C1_Init
    main.o(.text.main) refers to freertos.o(.text.MX_FREERTOS_Init) for MX_FREERTOS_Init
    main.o(.text.main) refers to cmsis_os.o(.text.osKernelStart) for osKernelStart
    main.o(.ARM.exidx.text.main) refers to main.o(.text.main) for [Anonymous Symbol]
    main.o(.text.SystemClock_Config) refers to stm32f1xx_hal_rcc.o(.text.HAL_RCC_OscConfig) for HAL_RCC_OscConfig
    main.o(.text.SystemClock_Config) refers to stm32f1xx_hal_rcc.o(.text.HAL_RCC_ClockConfig) for HAL_RCC_ClockConfig
    main.o(.ARM.exidx.text.SystemClock_Config) refers to main.o(.text.SystemClock_Config) for [Anonymous Symbol]
    main.o(.ARM.exidx.text.Error_Handler) refers to main.o(.text.Error_Handler) for [Anonymous Symbol]
    main.o(.text.HAL_TIM_PeriodElapsedCallback) refers to stm32f1xx_hal.o(.text.HAL_IncTick) for HAL_IncTick
    main.o(.ARM.exidx.text.HAL_TIM_PeriodElapsedCallback) refers to main.o(.text.HAL_TIM_PeriodElapsedCallback) for [Anonymous Symbol]
[...]
    HAL_TIM_TriggerCallback                  0x0800479d   Thumb Code     2  stm32f1xx_hal_tim.o(.text.HAL_TIM_TriggerCallback)
    HAL_UARTEx_RxEventCallback               0x080047a1   Thumb Code     2  stm32f1xx_hal_uart.o(.text.HAL_UARTEx_RxEventCallback)
    HAL_UART_DMAStop                         0x080047a5   Thumb Code   548  stm32f1xx_hal_uart.o(.text.HAL_UART_DMAStop)
    HAL_UART_ErrorCallback                   0x080049c9   Thumb Code     2  stm32f1xx_hal_uart.o(.text.HAL_UART_ErrorCallback)
    HAL_UART_IRQHandler                      0x080049cd   Thumb Code  1380  stm32f1xx_hal_uart.o(.text.HAL_UART_IRQHandler)
    HAL_UART_Init                            0x08004f31   Thumb Code   222  stm32f1xx_hal_uart.o(.text.HAL_UART_Init)
    HAL_UART_MspInit                         0x08005011   Thumb Code   480  usart.o(.text.HAL_UART_MspInit)
    HAL_UART_Receive_DMA                     0x080051f1   Thumb Code   352  stm32f1xx_hal_uart.o(.text.HAL_UART_Receive_DMA)
    HAL_UART_RxCpltCallback                  0x08005351   Thumb Code     2  irqn.o(.text.HAL_UART_RxCpltCallback)
    HAL_UART_RxHalfCpltCallback              0x08005355   Thumb Code     2  stm32f1xx_hal_uart.o(.text.HAL_UART_RxHalfCpltCallback)
    HAL_UART_TxCpltCallback                  0x08005359   Thumb Code     2  stm32f1xx_hal_uart.o(.text.HAL_UART_TxCpltCallback)
    HardFault_Handler                        0x0800535d   Thumb Code     2  stm32f1xx_it.o(.text.HardFault_Handler)
    MOTOR_PID_Gimbal_INIT                    0x0800585d   Thumb Code   262  gimbal_task.o(.text.MOTOR_PID_Gimbal_INIT)
    MX_CAN_Init                              0x08005965   Thumb Code    68  can.o(.text.MX_CAN_Init)
    MX_DMA_Init                              0x080059a9   Thumb Code   100  dma.o(.text.MX_DMA_Init)
    MX_FREERTOS_Init                         0x08005a0d   Thumb Code   148  freertos.o(.text.MX_FREERTOS_Init)
    MX_GPIO_Init                             0x08005aa1   Thumb Code   156  gpio.o(.text.MX_GPIO_Init)
    MX_I2C1_Init                             0x08005b3d   Thumb Code    66  i2c.o(.text.MX_I2C1_Init)
    MX_TIM2_Init                             0x08005b81   Thumb Code   116  tim.o(.text.MX_TIM2_Init)
    MX_USART1_UART_Init                      0x08005bf5   Thumb Code    60  usart.o(.text.MX_USART1_UART_Init)
    MX_USART2_UART_Init                      0x08005c31   Thumb Code    60  usart.o(.text.MX_USART2_UART_Init)
    MemManage_Handler                        0x08005c6d   Thumb Code     2  stm32f1xx_it.o(.text.MemManage_Handler)
    MotorResolve                             0x08005c71   Thumb Code    38  dji_motor.o(.text.MotorResolve)
    MotorRoundResolve                        0x08005c99   Thumb Code    54  dji_motor.o(.text.MotorRoundResolve)
    NMI_Handler                              0x08005cd1   Thumb Code     2  stm32f1xx_it.o(.text.NMI_Handler)
    OLED_Clear                               0x08005cd5   Thumb Code   172  oled.o(.text.OLED_Clear)
    OLED_DrawBMP                             0x08005d81   Thumb Code   522  oled.o(.text.OLED_DrawBMP)
    OLED_Init                                0x08005f8d   Thumb Code   642  oled.o(.text.OLED_Init)
    OLED_Set_Pos                             0x08006211   Thumb Code   114  oled.o(.text.OLED_Set_Pos)
    OLED_ShowAfraidWaveform                  0x08006285   Thumb Code   346  print.o(.text.OLED_ShowAfraidWaveform)
    OLED_ShowCHinese                         0x080063e1   Thumb Code  2086  oled.o(.text.OLED_ShowCHinese)
    OLED_ShowChar                            0x08006c09   Thumb Code  1798  oled.o(.text.OLED_ShowChar)
    OLED_ShowNum                             0x08007311   Thumb Code   284  oled.o(.text.OLED_ShowNum)
    OLED_ShowRelaxedWaveform                 0x0800742d   Thumb Code   292  print.o(.text.OLED_ShowRelaxedWaveform)
    OLED_ShowSadMoodWaveform                 0x08007551   Thumb Code   364  print.o(.text.OLED_ShowSadMoodWaveform)
    OLED_ShowString                          0x080076bd   Thumb Code   142  oled.o(.text.OLED_ShowString)
    OLED_ShowSurprisedWaveform               0x0800774d   Thumb Code   338  print.o(.text.OLED_ShowSurprisedWaveform)
    OLED_ShowWaveform                        0x080078a1   Thumb Code   362  print.o(.text.OLED_ShowWaveform)
    OLED_WR_DATA                             0x08007a0d   Thumb Code    48  oled.o(.text.OLED_WR_DATA)
    PID_Init                                 0x08007a3d   Thumb Code    70  controller.o(.text.PID_Init)
    PendSV_Handler                           0x08007a91   Thumb Code    68  port.o(.text.PendSV_Handler)
    SVC_Handler                              0x08007ae1   Thumb Code    36  port.o(.text.SVC_Handler)
    StartDefaultTask                         0x08007b05   Thumb Code    32  all_task.o(.text.StartDefaultTask)
    StartDisplayTask                         0x08007b25   Thumb Code   638  print.o(.text.StartDisplayTask)
    StartGimbalTask                          0x08007da5   Thumb Code    16  all_task.o(.text.StartGimbalTask)
    StartKeyTask                             0x08007db5   Thumb Code   570  print.o(.text.StartKeyTask)
    StartMonitorTask                         0x08007ff1   Thumb Code    12  all_task.o(.text.StartMonitorTask)
    SysTick_Handler                          0x08007ffd   Thumb Code    46  port.o(.text.SysTick_Handler)
    SystemInit                               0x0800802d   Thumb Code     2  system_stm32f1xx.o(.text.SystemInit)
    TIM1_UP_IRQHandler                       0x08008031   Thumb Code    12  stm32f1xx_it.o(.text.TIM1_UP_IRQHandler)
    TIM2_IRQHandler                          0x0800803d   Thumb Code    12  stm32f1xx_it.o(.text.TIM2_IRQHandler)
    USART1_IRQHandler                        0x08008449   Thumb Code    26  stm32f1xx_it.o(.text.USART1_IRQHandler)
    USART2_IRQHandler                        0x08008465   Thumb Code    26  stm32f1xx_it.o(.text.USART2_IRQHandler)
    USB_HP_CAN1_TX_IRQHandler                0x08008481   Thumb Code    12  stm32f1xx_it.o(.text.USB_HP_CAN1_TX_IRQHandler)
    USB_LP_CAN1_RX0_IRQHandler               0x0800848d   Thumb Code    12  stm32f1xx_it.o(.text.USB_LP_CAN1_RX0_IRQHandler)
    UsageFault_Handler                       0x08008499   Thumb Code     2  stm32f1xx_it.o(.text.UsageFault_Handler)
    User_IRQHandler                          0x0800849d   Thumb Code   122  irqn.o(.text.User_IRQHandler)
    main                                     0x08008519   Thumb Code   134  main.o(.text.main)
    oled_initc                               0x080085a1   Thumb Code   196  print.o(.text.oled_initc)
    osDelay                                  0x08008681   Thumb Code    16  cmsis_os.o(.text.osDelay)
    osKernelStart                            0x08008691   Thumb Code    10  cmsis_os.o(.text.osKernelStart)
    osMutexCreate                            0x0800869d   Thumb Code    16  cmsis_os.o(.text.osMutexCreate)
    osThreadCreate                           0x080086ad   Thumb Code    92  cmsis_os.o(.text.osThreadCreate)
    pvPortMalloc                             0x08008e09   Thumb Code   520  heap_4.o(.text.pvPortMalloc)
    pxPortInitialiseStack                    0x08009011   Thumb Code    32  port.o(.text.pxPortInitialiseStack)
    uxListRemove                             0x08009031   Thumb Code    36  list.o(.text.uxListRemove)
    vApplicationGetIdleTaskMemory            0x08009055   Thumb Code    26  freertos.o(.text.vApplicationGetIdleTaskMemory)
    vApplicationGetTimerTaskMemory           0x08009071   Thumb Code    28  freertos.o(.text.vApplicationGetTimerTaskMemory)
    vListInitialise                          0x0800908d   Thumb Code    22  list.o(.text.vListInitialise)
    vListInitialiseItem                      0x080090a5   Thumb Code     6  list.o(.text.vListInitialiseItem)
    vListInsert                              0x080090ad   Thumb Code    98  list.o(.text.vListInsert)
    vListInsertEnd                           0x08009111   Thumb Code    28  list.o(.text.vListInsertEnd)
    vPortEnterCritical                       0x0800912d   Thumb Code    70  port.o(.text.vPortEnterCritical)
    vPortExitCritical                        0x08009175   Thumb Code    46  port.o(.text.vPortExitCritical)
    vPortFree                                0x080091a5   Thumb Code   212  heap_4.o(.text.vPortFree)
    vPortSetupTimerInterrupt                 0x08009279   Thumb Code    52  port.o(.text.vPortSetupTimerInterrupt)
    vQueueAddToRegistry                      0x080092ad   Thumb Code   176  queue.o(.text.vQueueAddToRegistry)
    vQueueWaitForMessageRestricted           0x0800935d   Thumb Code    82  queue.o(.text.vQueueWaitForMessageRestricted)
    vTaskDelay                               0x080093b1   Thumb Code   158  tasks.o(.text.vTaskDelay)
    vTaskInternalSetTimeOutState             0x08009451   Thumb Code    18  tasks.o(.text.vTaskInternalSetTimeOutState)
    vTaskMissedYield                         0x08009465   Thumb Code    14  tasks.o(.text.vTaskMissedYield)
    vTaskPlaceOnEventList                    0x08009475   Thumb Code    54  tasks.o(.text.vTaskPlaceOnEventList)
    vTaskPlaceOnEventListRestricted          0x080094ad   Thumb Code   142  tasks.o(.text.vTaskPlaceOnEventListRestricted)
    vTaskStartScheduler                      0x0800953d   Thumb Code   232  tasks.o(.text.vTaskStartScheduler)
    vTaskSuspendAll                          0x0800962d   Thumb Code    16  tasks.o(.text.vTaskSuspendAll)
    vTaskSwitchContext                       0x0800963d   Thumb Code   110  tasks.o(.text.vTaskSwitchContext)
    xPortStartScheduler                      0x080096ad   Thumb Code   300  port.o(.text.xPortStartScheduler)
    xQueueCreateMutex                        0x080097d9   Thumb Code   106  queue.o(.text.xQueueCreateMutex)
    xQueueCreateMutexStatic                  0x08009845   Thumb Code   154  queue.o(.text.xQueueCreateMutexStatic)
    xQueueGenericCreateStatic                0x080098e1   Thumb Code   214  queue.o(.text.xQueueGenericCreateStatic)
    xQueueGenericSend                        0x080099b9   Thumb Code   554  queue.o(.text.xQueueGenericSend)
    xQueueReceive                            0x08009be5   Thumb Code   426  queue.o(.text.xQueueReceive)
    xTaskCheckForTimeOut                     0x08009d91   Thumb Code   162  tasks.o(.text.xTaskCheckForTimeOut)
    xTaskCreate                              0x08009e35   Thumb Code    96  tasks.o(.text.xTaskCreate)
    xTaskCreateStatic                        0x08009e95   Thumb Code   118  tasks.o(.text.xTaskCreateStatic)
    xTaskGetSchedulerState                   0x08009f0d   Thumb Code    30  tasks.o(.text.xTaskGetSchedulerState)
    xTaskGetTickCount                        0x08009f2d   Thumb Code    12  tasks.o(.text.xTaskGetTickCount)
    xTaskIncrementTick                       0x08009f39   Thumb Code   262  tasks.o(.text.xTaskIncrementTick)
    xTaskPriorityDisinherit                  0x0800a041   Thumb Code   182  tasks.o(.text.xTaskPriorityDisinherit)
    xTaskRemoveFromEventList                 0x0800a0f9   Thumb Code   116  tasks.o(.text.xTaskRemoveFromEventList)
    xTaskResumeAll                           0x0800a16d   Thumb Code   234  tasks.o(.text.xTaskResumeAll)
    xTimerCreateTimerTask                    0x0800a259   Thumb Code   172  timers.o(.text.xTimerCreateTimerTask)
    _btod_d2e                                0x0800a30d   Thumb Code    62  btod.o(CL$$btod_d2e)
    _d2e_denorm_low                          0x0800a34b   Thumb Code    70  btod.o(CL$$btod_d2e_denorm_low)
    _d2e_norm_op1                            0x0800a391   Thumb Code    96  btod.o(CL$$btod_d2e_norm_op1)
    __btod_div_common                        0x0800a3f1   Thumb Code   696  btod.o(CL$$btod_div_common)
    _e2d                                     0x0800a729   Thumb Code   122  btod.o(CL$$btod_e2d)
    _e2e                                     0x0800a7ad   Thumb Code   220  btod.o(CL$$btod_e2e)
    _btod_ediv                               0x0800a889   Thumb Code    42  btod.o(CL$$btod_ediv)
    _btod_edivd                              0x0800a8b3   Thumb Code    42  btod.o(CL$$btod_edivd)
    _btod_emul                               0x0800a8dd   Thumb Code    42  btod.o(CL$$btod_emul)
    _btod_emuld                              0x0800a907   Thumb Code    42  btod.o(CL$$btod_emuld)
    __btod_mult_common                       0x0800a931   Thumb Code   580  btod.o(CL$$btod_mult_common)
    __ARM_fpclassify                         0x0800ab75   Thumb Code    40  fpclassify.o(i.__ARM_fpclassify)
    __ARM_fpclassifyf                        0x0800ab9d   Thumb Code    38  fpclassifyf.o(i.__ARM_fpclassifyf)
    __mathlib_dbl_overflow                   0x0800abc3   Thumb Code    14  dunder.o(i.__mathlib_dbl_overflow)
    __mathlib_dbl_underflow                  0x0800abd1   Thumb Code    10  dunder.o(i.__mathlib_dbl_underflow)
    __mathlib_flt_infnan                     0x0800abe1   Thumb Code     6  funder.o(i.__mathlib_flt_infnan)
    __mathlib_flt_invalid                    0x0800abe7   Thumb Code     8  funder.o(i.__mathlib_flt_invalid)
    __mathlib_flt_underflow                  0x0800abef   Thumb Code    10  funder.o(i.__mathlib_flt_underflow)
    __mathlib_narrow                         0x0800abf9   Thumb Code    16  narrow.o(i.__mathlib_narrow)
    __mathlib_rredf2                         0x0800ac09   Thumb Code   344  rredf.o(i.__mathlib_rredf2)
    __mathlib_tofloat                        0x0800ad71   Thumb Code   184  narrow.o(i.__mathlib_tofloat)
    __support_ldexp                          0x0800ae2d   Thumb Code    22  ldexp.o(i.__support_ldexp)
    _is_digit                                0x0800ae43   Thumb Code    14  __printf_wp.o(i._is_digit)
    atof                                     0x0800ae51   Thumb Code    44  atof.o(i.atof)
    frexp                                    0x0800ae7d   Thumb Code    80  frexp.o(i.frexp)
    ldexp                                    0x0800aed5   Thumb Code   116  ldexp.o(i.ldexp)
    sinf                                     0x0800af49   Thumb Code   338  sinf.o(i.sinf)
    _get_lc_numeric                          0x0800b0d1   Thumb Code    44  lc_numeric_c.o(locale$$code)
    _get_lc_ctype                            0x0800b0fd   Thumb Code    44  lc_ctype_c.o(locale$$code)
    __aeabi_d2f                              0x0800b129   Thumb Code     0  d2f.o(x$fpl$d2f)
    _d2f                                     0x0800b129   Thumb Code    98  d2f.o(x$fpl$d2f)
    __aeabi_dadd                             0x0800b18d   Thumb Code     0  daddsub_clz.o(x$fpl$dadd)
    _dadd                                    0x0800b18d   Thumb Code   332  daddsub_clz.o(x$fpl$dadd)
    __fpl_dcheck_NaN1                        0x0800b2dd   Thumb Code    10  dcheck1.o(x$fpl$dcheck1)
    __fpl_dcmp_Inf                           0x0800b2ed   Thumb Code    24  dcmpi.o(x$fpl$dcmpinf)
    __aeabi_ddiv                             0x0800b305   Thumb Code     0  ddiv.o(x$fpl$ddiv)
    _ddiv                                    0x0800b305   Thumb Code   556  ddiv.o(x$fpl$ddiv)
    __aeabi_cdcmpeq                          0x0800b5b9   Thumb Code     0  deqf.o(x$fpl$deqf)
    _dcmpeq                                  0x0800b5b9   Thumb Code   120  deqf.o(x$fpl$deqf)
    __aeabi_d2iz                             0x0800b631   Thumb Code     0  dfix.o(x$fpl$dfix)
    _dfix                                    0x0800b631   Thumb Code    94  dfix.o(x$fpl$dfix)
    __aeabi_i2d                              0x0800b68f   Thumb Code     0  dflt_clz.o(x$fpl$dflt)
    _dflt                                    0x0800b68f   Thumb Code    46  dflt_clz.o(x$fpl$dflt)
    __aeabi_cdcmple                          0x0800b6bd   Thumb Code     0  dleqf.o(x$fpl$dleqf)
    _dcmple                                  0x0800b6bd   Thumb Code   120  dleqf.o(x$fpl$dleqf)
    __fpl_dcmple_InfNaN                      0x0800b71f   Thumb Code     0  dleqf.o(x$fpl$dleqf)
    __aeabi_dmul                             0x0800b735   Thumb Code     0  dmul.o(x$fpl$dmul)
    _dmul                                    0x0800b735   Thumb Code   332  dmul.o(x$fpl$dmul)
    __fpl_dnaninf                            0x0800b889   Thumb Code   156  dnaninf.o(x$fpl$dnaninf)
    __fpl_dretinf                            0x0800b925   Thumb Code    12  dretinf.o(x$fpl$dretinf)
    __aeabi_cdrcmple                         0x0800b931   Thumb Code     0  drleqf.o(x$fpl$drleqf)
    _drcmple                                 0x0800b931   Thumb Code   108  drleqf.o(x$fpl$drleqf)
    __aeabi_dsub                             0x0800b99d   Thumb Code     0  daddsub_clz.o(x$fpl$dsub)
    _dsub                                    0x0800b99d   Thumb Code   472  daddsub_clz.o(x$fpl$dsub)
    __aeabi_f2d                              0x0800bb79   Thumb Code     0  f2d.o(x$fpl$f2d)
    _f2d                                     0x0800bb79   Thumb Code    86  f2d.o(x$fpl$f2d)
    __aeabi_fadd                             0x0800bbd1   Thumb Code     0  faddsub_clz.o(x$fpl$fadd)
    _fadd                                    0x0800bbd1   Thumb Code   196  faddsub_clz.o(x$fpl$fadd)
    __fpl_fcheck_NaN1                        0x0800bc95   Thumb Code     6  fcheck1.o(x$fpl$fcheck1)
    __aeabi_fcmpeq                           0x0800bca1   Thumb Code     0  fcmp.o(x$fpl$fcmp)
    _feq                                     0x0800bca1   Thumb Code    14  fcmp.o(x$fpl$fcmp)
    _fneq                                    0x0800bcaf   Thumb Code    14  fcmp.o(x$fpl$fcmp)
    __aeabi_fcmpgt                           0x0800bcbd   Thumb Code     0  fcmp.o(x$fpl$fcmp)
    _fgr                                     0x0800bcbd   Thumb Code    14  fcmp.o(x$fpl$fcmp)
    __aeabi_fcmpge                           0x0800bccb   Thumb Code     0  fcmp.o(x$fpl$fcmp)
    _fgeq                                    0x0800bccb   Thumb Code    14  fcmp.o(x$fpl$fcmp)
    __aeabi_fcmple                           0x0800bcd9   Thumb Code     0  fcmp.o(x$fpl$fcmp)
    _fleq                                    0x0800bcd9   Thumb Code    14  fcmp.o(x$fpl$fcmp)
    __aeabi_fcmplt                           0x0800bce7   Thumb Code     0  fcmp.o(x$fpl$fcmp)
    _fls                                     0x0800bce7   Thumb Code    14  fcmp.o(x$fpl$fcmp)
    __fpl_fcmp_Inf                           0x0800bcf5   Thumb Code    24  fcmpi.o(x$fpl$fcmpinf)
    __aeabi_fdiv                             0x0800bd0d   Thumb Code     0  fdiv.o(x$fpl$fdiv)
    _fdiv                                    0x0800bd0d   Thumb Code   384  fdiv.o(x$fpl$fdiv)
    __aeabi_cfcmpeq                          0x0800be91   Thumb Code     0  feqf.o(x$fpl$feqf)
    _fcmpeq                                  0x0800be91   Thumb Code   104  feqf.o(x$fpl$feqf)
    __aeabi_f2iz                             0x0800bef9   Thumb Code     0  ffix.o(x$fpl$ffix)
    _ffix                                    0x0800bef9   Thumb Code    54  ffix.o(x$fpl$ffix)
    __aeabi_i2f                              0x0800bf31   Thumb Code     0  fflt_clz.o(x$fpl$fflt)
    _fflt                                    0x0800bf31   Thumb Code    48  fflt_clz.o(x$fpl$fflt)
    __aeabi_ui2f                             0x0800bf61   Thumb Code     0  fflt_clz.o(x$fpl$ffltu)
    _ffltu                                   0x0800bf61   Thumb Code    38  fflt_clz.o(x$fpl$ffltu)
    _fcmpge                                  0x0800bf89   Thumb Code   104  fgeqf.o(x$fpl$fgeqf)
    __aeabi_cfcmple                          0x0800bff1   Thumb Code     0  fleqf.o(x$fpl$fleqf)
    _fcmple                                  0x0800bff1   Thumb Code   104  fleqf.o(x$fpl$fleqf)
    __fpl_fcmple_InfNaN                      0x0800c043   Thumb Code     0  fleqf.o(x$fpl$fleqf)
    __aeabi_fmul                             0x0800c059   Thumb Code     0  fmul.o(x$fpl$fmul)
    _fmul                                    0x0800c059   Thumb Code   258  fmul.o(x$fpl$fmul)
    __fpl_fnaninf                            0x0800c15b   Thumb Code   140  fnaninf.o(x$fpl$fnaninf)
    __fpl_fretinf                            0x0800c1e7   Thumb Code    10  fretinf.o(x$fpl$fretinf)
    _frnd                                    0x0800c1f1   Thumb Code    96  frnd.o(x$fpl$frnd)
    __aeabi_frsub                            0x0800c251   Thumb Code     0  faddsub_clz.o(x$fpl$frsb)
    _frsb                                    0x0800c251   Thumb Code    20  faddsub_clz.o(x$fpl$frsb)
    __aeabi_fsub                             0x0800c265   Thumb Code     0  faddsub_clz.o(x$fpl$fsub)
    _fsub                                    0x0800c265   Thumb Code   234  faddsub_clz.o(x$fpl$fsub)
    __ieee_status                            0x0800c34f   Thumb Code     6  istatus.o(x$fpl$ieeestatus)
    _printf_fp_dec                           0x0800c355   Thumb Code     4  printf1.o(x$fpl$printf1)
    __fpl_return_NaN                         0x0800c359   Thumb Code   100  retnan.o(x$fpl$retnan)
    __ARM_scalbn                             0x0800c3bd   Thumb Code    92  scalbn.o(x$fpl$scalbn)
    __ARM_scalbnf                            0x0800c419   Thumb Code    76  scalbnf.o(x$fpl$scalbnf)
    _scanf_real                              0x0800c465   Thumb Code     4  scanf1.o(x$fpl$scanf1)
    _scanf_hex_real                          0x0800c469   Thumb Code     4  scanf2.o(x$fpl$scanf2)
    _scanf_infnan                            0x0800c46d   Thumb Code     4  scanf2.o(x$fpl$scanf2)
    __fpl_cmpreturn                          0x0800c471   Thumb Code    48  trapv.o(x$fpl$trapveneer)
    __I$use$fp                               0x0800c4a0   Number         0  usenofp.o(x$fpl$usenofp)
    AHBPrescTable                            0x0800c5d8   Data          16  system_stm32f1xx.o(.rodata.AHBPrescTable)
    APBPrescTable                            0x0800c5e8   Data           8  system_stm32f1xx.o(.rodata.APBPrescTable)
    F6x8                                     0x0800c5f0   Data         552  oledfont.o(.rodata.F6x8)
    F8X16                                    0x0800c818   Data        1504  oledfont.o(.rodata.F8X16)
    Hzk                                      0x0800cdfa   Data         192  oledfont.o(.rodata.Hzk)
    Region$$Table$$Base                      0x0800cfcc   Number         0  anon$$obj.o(Region$$Table)
    Region$$Table$$Limit                     0x0800cfec   Number         0  anon$$obj.o(Region$$Table)
    __aeabi_HUGE_VAL                         0x0800cfec   Data           0  fpconst.o(c$$dinf)
    __aeabi_HUGE_VALL                        0x0800cfec   Data           0  fpconst.o(c$$dinf)
    __aeabi_INFINITY                         0x0800cfec   Data           0  fpconst.o(c$$dinf)
    __dInf                                   0x0800cfec   Data           0  fpconst.o(c$$dinf)
    __huge_val                               0x0800cfec   Data           0  fpconst.o(c$$dinf)
    __dbl_max                                0x0800cff4   Data           0  fpconst.o(c$$dmax)
    __ctype                                  0x0800d025   Data           0  lc_ctype_c.o(locale$$data)
    uwTickFreq                               0x20000000   Data           1  stm32f1xx_hal.o(.data..L_MergedGlobals)
    uwTickPrio                               0x20000004   Data           4  stm32f1xx_hal.o(.data..L_MergedGlobals)
    last_mode                                0x20000008   Data           1  print.o(.data..L_MergedGlobals)
    current_mood                             0x20000010   Data          16  print.o(.data..L_MergedGlobals)
    BMP1                                     0x20000020   Data         128  oledfont.o(.data.BMP1)
    CMD_Data                                 0x200000a0   Data          23  oled.o(.data.CMD_Data)
    SystemCoreClock                          0x200000b8   Data           4  system_stm32f1xx.o(.data.SystemCoreClock)
    _random_number_data                      0x200000c0   Data         228  rand.o(.bss)
    __libspace_start                         0x200001a4   Data          96  libspace.o(.bss)
    __temporary_stack_top$libspace           0x20000204   Data           0  libspace.o(.bss)
    motorOfflineHandle                       0x20000204   Data           4  freertos.o(.bss..L_MergedGlobals)
    defaultTaskHandle                        0x20000208   Data           4  freertos.o(.bss..L_MergedGlobals)
    gimbalTaskHandle                         0x2000020c   Data           4  freertos.o(.bss..L_MergedGlobals)
    monitorTaskHandle                        0x20000210   Data           4  freertos.o(.bss..L_MergedGlobals)
    pxCurrentTCB                             0x20000214   Data           4  tasks.o(.bss..L_MergedGlobals)
    VisionRxData                             0x200002ec   Data          52  all_init.o(.bss..L_MergedGlobals)
    ALL_CONTAL                               0x20000320   Data          56  all_init.o(.bss..L_MergedGlobals)
    CPU_FREQ_Hz                              0x20000358   Data           4  bsp_dwt.o(.bss..L_MergedGlobals)
    CPU_FREQ_Hz_ms                           0x2000035c   Data           4  bsp_dwt.o(.bss..L_MergedGlobals)
    CPU_FREQ_Hz_us                           0x20000360   Data           4  bsp_dwt.o(.bss..L_MergedGlobals)
    CYCCNT64                                 0x20000370   Data           8  bsp_dwt.o(.bss..L_MergedGlobals)
    SysTime                                  0x20000378   Data           8  bsp_dwt.o(.bss..L_MergedGlobals)
    mode                                     0x20000381   Data           1  print.o(.bss..L_MergedGlobals.29)
    menu_index                               0x20000382   Data           1  print.o(.bss..L_MergedGlobals.29)
    flag                                     0x20000383   Data           1  print.o(.bss..L_MergedGlobals.29)
    runtime                                  0x2000038c   Data           4  print.o(.bss..L_MergedGlobals.29)
    ALL_MOTOR                                0x200003a0   Data        1920  all_init.o(.bss.ALL_MOTOR)
    gps_data                                 0x20000da0   Data          40  gps.o(.bss.gps_data)
    gps_rx_buffer                            0x20000dc8   Data         256  gps.o(.bss.gps_rx_buffer)
    hcan                                     0x20000ec8   Data          40  can.o(.bss.hcan)
    hdma_usart1_rx                           0x20000ef0   Data          68  usart.o(.bss.hdma_usart1_rx)
    hdma_usart1_tx                           0x20000f34   Data          68  usart.o(.bss.hdma_usart1_tx)
    hdma_usart2_rx                           0x20000f78   Data          68  usart.o(.bss.hdma_usart2_rx)
    hdma_usart2_tx                           0x20000fbc   Data          68  usart.o(.bss.hdma_usart2_tx)
    hi2c1                                    0x20001000   Data          84  i2c.o(.bss.hi2c1)
    htim1                                    0x20001054   Data          72  stm32f1xx_hal_timebase_tim.o(.bss.htim1)
    htim2                                    0x2000109c   Data          72  tim.o(.bss.htim2)
    huart1                                   0x200010e4   Data          72  usart.o(.bss.huart1)
    huart2                                   0x2000112c   Data          72  usart.o(.bss.huart2)
    uwTick                                   0x20001ec0   Data           4  stm32f1xx_hal.o(.bss.uwTick)
    xQueueRegistry                           0x2000212c   Data          64  queue.o(.bss.xQueueRegistry)



==============================================================================

Memory Map of the image

  Image Entry point : 0x080000ed

  Load Region LR_IROM1 (Base: 0x08000000, Size: 0x0000d1e8, Max: 0x00010000, ABSOLUTE)

    Execution Region ER_IROM1 (Exec base: 0x08000000, Load base: 0x08000000, Size: 0x0000d128, Max: 0x00010000, ABSOLUTE)

    Exec Addr    Load Addr    Size         Type   Attr      Idx    E Section Name        Object

    0x08000000   0x08000000   0x000000ec   Data   RO            3    RESET               startup_stm32f103xb.o
    0x080000ec   0x080000ec   0x00000008   Code   RO         2067  * !!!main             c_w.l(__main.o)
    0x080000f4   0x080000f4   0x00000034   Code   RO         2503    !!!scatter          c_w.l(__scatter.o)
    0x08000128   0x08000128   0x0000001a   Code   RO         2505    !!handler_copy      c_w.l(__scatter_copy.o)
    0x08000142   0x08000142   0x00000002   PAD
    0x08000144   0x08000144   0x0000001c   Code   RO         2507    !!handler_zi        c_w.l(__scatter_zi.o)
    0x08000160   0x08000160   0x00000000   Code   RO         2045    .ARM.Collect$$_printf_percent$$00000000  c_w.l(_printf_percent.o)
    0x08000160   0x08000160   0x00000006   Code   RO         2044    .ARM.Collect$$_printf_percent$$00000003  c_w.l(_printf_f.o)
    0x08000166   0x08000166   0x00000004   Code   RO         2149    .ARM.Collect$$_printf_percent$$00000017  c_w.l(_printf_percent_end.o)
    0x0800016a   0x0800016a   0x00000002   Code   RO         2352    .ARM.Collect$$libinit$$00000000  c_w.l(libinit.o)
    0x0800016c   0x0800016c   0x00000000   Code   RO         2157    .ARM.Collect$$libinit$$00000002  c_w.l(libinit2.o)
    0x0800016c   0x0800016c   0x00000000   Code   RO         2159    .ARM.Collect$$libinit$$00000004  c_w.l(libinit2.o)
    0x0800016c   0x0800016c   0x00000000   Code   RO         2161    .ARM.Collect$$libinit$$00000006  c_w.l(libinit2.o)
    0x0800016c   0x0800016c   0x00000000   Code   RO         2164    .ARM.Collect$$libinit$$0000000C  c_w.l(libinit2.o)
    0x0800016c   0x0800016c   0x00000000   Code   RO         2166    .ARM.Collect$$libinit$$0000000E  c_w.l(libinit2.o)
    0x0800016c   0x0800016c   0x00000004   Code   RO         2167    .ARM.Collect$$libinit$$0000000F  c_w.l(libinit2.o)
    0x08000170   0x08000170   0x00000000   Code   RO         2168    .ARM.Collect$$libinit$$00000010  c_w.l(libinit2.o)
    0x08000170   0x08000170   0x00000006   Code   RO         2169    .ARM.Collect$$libinit$$00000011  c_w.l(libinit2.o)
    0x08000176   0x08000176   0x00000000   Code   RO         2171    .ARM.Collect$$libinit$$00000013  c_w.l(libinit2.o)
    0x08000176   0x08000176   0x0000000c   Code   RO         2172    .ARM.Collect$$libinit$$00000014  c_w.l(libinit2.o)
    0x08000182   0x08000182   0x00000000   Code   RO         2173    .ARM.Collect$$libinit$$00000015  c_w.l(libinit2.o)
    0x08000182   0x08000182   0x00000000   Code   RO         2175    .ARM.Collect$$libinit$$00000017  c_w.l(libinit2.o)
    0x08000182   0x08000182   0x0000000a   Code   RO         2176    .ARM.Collect$$libinit$$00000018  c_w.l(libinit2.o)
    0x0800018c   0x0800018c   0x00000000   Code   RO         2177    .ARM.Collect$$libinit$$00000019  c_w.l(libinit2.o)
    0x0800018c   0x0800018c   0x00000000   Code   RO         2179    .ARM.Collect$$libinit$$0000001B  c_w.l(libinit2.o)
    0x0800018c   0x0800018c   0x00000000   Code   RO         2181    .ARM.Collect$$libinit$$0000001D  c_w.l(libinit2.o)
    0x0800018c   0x0800018c   0x00000000   Code   RO         2183    .ARM.Collect$$libinit$$0000001F  c_w.l(libinit2.o)
    0x0800018c   0x0800018c   0x00000000   Code   RO         2185    .ARM.Collect$$libinit$$00000021  c_w.l(libinit2.o)
    0x0800018c   0x0800018c   0x00000000   Code   RO         2187    .ARM.Collect$$libinit$$00000023  c_w.l(libinit2.o)
    0x0800018c   0x0800018c   0x00000000   Code   RO         2189    .ARM.Collect$$libinit$$00000025  c_w.l(libinit2.o)
    0x0800018c   0x0800018c   0x00000000   Code   RO         2191    .ARM.Collect$$libinit$$00000027  c_w.l(libinit2.o)
    0x0800018c   0x0800018c   0x00000000   Code   RO         2195    .ARM.Collect$$libinit$$0000002E  c_w.l(libinit2.o)
    0x0800018c   0x0800018c   0x00000000   Code   RO         2197    .ARM.Collect$$libinit$$00000030  c_w.l(libinit2.o)
    0x0800018c   0x0800018c   0x00000000   Code   RO         2199    .ARM.Collect$$libinit$$00000032  c_w.l(libinit2.o)
    0x0800018c   0x0800018c   0x00000000   Code   RO         2201    .ARM.Collect$$libinit$$00000034  c_w.l(libinit2.o)
    0x0800018c   0x0800018c   0x00000002   Code   RO         2202    .ARM.Collect$$libinit$$00000035  c_w.l(libinit2.o)
    0x0800018e   0x0800018e   0x00000002   Code   RO         2442    .ARM.Collect$$libshutdown$$00000000  c_w.l(libshutdown.o)
    0x08000190   0x08000190   0x00000000   Code   RO         2470    .ARM.Collect$$libshutdown$$00000002  c_w.l(libshutdown2.o)
    0x08000190   0x08000190   0x00000000   Code   RO         2472    .ARM.Collect$$libshutdown$$00000004  c_w.l(libshutdown2.o)
    0x08000190   0x08000190   0x00000000   Code   RO         2475    .ARM.Collect$$libshutdown$$00000007  c_w.l(libshutdown2.o)
    0x08000190   0x08000190   0x00000000   Code   RO         2478    .ARM.Collect$$libshutdown$$0000000A  c_w.l(libshutdown2.o)
    0x08000190   0x08000190   0x00000000   Code   RO         2480    .ARM.Collect$$libshutdown$$0000000C  c_w.l(libshutdown2.o)
    0x08000190   0x08000190   0x00000000   Code   RO         2483    .ARM.Collect$$libshutdown$$0000000F  c_w.l(libshutdown2.o)
    0x08000190   0x08000190   0x00000002   Code   RO         2484    .ARM.Collect$$libshutdown$$00000010  c_w.l(libshutdown2.o)
    0x08000192   0x08000192   0x00000000   Code   RO         2129    .ARM.Collect$$rtentry$$00000000  c_w.l(__rtentry.o)
    0x08000192   0x08000192   0x00000000   Code   RO         2243    .ARM.Collect$$rtentry$$00000002  c_w.l(__rtentry2.o)
    0x08000192   0x08000192   0x00000006   Code   RO         2255    .ARM.Collect$$rtentry$$00000004  c_w.l(__rtentry4.o)
    0x08000198   0x08000198   0x00000000   Code   RO         2245    .ARM.Collect$$rtentry$$00000009  c_w.l(__rtentry2.o)
    0x08000198   0x08000198   0x00000004   Code   RO         2246    .ARM.Collect$$rtentry$$0000000A  c_w.l(__rtentry2.o)
    0x0800019c   0x0800019c   0x00000000   Code   RO         2248    .ARM.Collect$$rtentry$$0000000C  c_w.l(__rtentry2.o)
    0x0800019c   0x0800019c   0x00000008   Code   RO         2249    .ARM.Collect$$rtentry$$0000000D  c_w.l(__rtentry2.o)
    0x080001a4   0x080001a4   0x00000002   Code   RO         2359    .ARM.Collect$$rtexit$$00000000  c_w.l(rtexit.o)
    0x080001a6   0x080001a6   0x00000000   Code   RO         2408    .ARM.Collect$$rtexit$$00000002  c_w.l(rtexit2.o)
    0x080001a6   0x080001a6   0x00000004   Code   RO         2409    .ARM.Collect$$rtexit$$00000003  c_w.l(rtexit2.o)
    0x080001aa   0x080001aa   0x00000006   Code   RO         2410    .ARM.Collect$$rtexit$$00000004  c_w.l(rtexit2.o)
    0x080001b0   0x080001b0   0x00000034   Code   RO         2050    .emb_text           c_w.l(rand.o)
    0x080001e4   0x080001e4   0x00000040   Code   RO            4    .text               startup_stm32f103xb.o
    0x08000224   0x08000224   0x000000f0   Code   RO         2016    .text               c_w.l(lludivv7m.o)
    0x08000314   0x08000314   0x00000040   Code   RO         2020    .text               c_w.l(noretval__2snprintf.o)
    0x08000354   0x08000354   0x0000010e   Code   RO         2032    .text               c_w.l(__printf_wp.o)
    0x08000462   0x08000462   0x0000001a   Code   RO         2046    .text               c_w.l(atoi.o)
    0x0800047c   0x0800047c   0x0000001a   Code   RO         2048    .text               c_w.l(atol.o)
    0x08000496   0x08000496   0x00000002   PAD
    0x08000498   0x08000498   0x0000003c   Code   RO         2051    .text               c_w.l(rand.o)
    0x080004d4   0x080004d4   0x00000058   Code   RO         2055    .text               c_w.l(memcmp.o)
    0x0800052c   0x0800052c   0x0000008a   Code   RO         2057    .text               c_w.l(rt_memcpy_v6.o)
    0x080005b6   0x080005b6   0x00000044   Code   RO         2061    .text               c_w.l(rt_memclr.o)
    0x080005fa   0x080005fa   0x0000004e   Code   RO         2063    .text               c_w.l(rt_memclr_w.o)
    0x08000648   0x08000648   0x00000006   Code   RO         2065    .text               c_w.l(heapauxi.o)
    0x0800064e   0x0800064e   0x00000002   PAD
    0x08000650   0x08000650   0x00000008   Code   RO         2137    .text               c_w.l(rt_errno_addr_intlibspace.o)
    0x08000658   0x08000658   0x00000016   Code   RO         2139    .text               c_w.l(_rserrno.o)
    0x0800066e   0x0800066e   0x0000041c   Code   RO         2141    .text               c_w.l(_printf_fp_dec.o)
    0x08000a8a   0x08000a8a   0x00000002   PAD
    0x08000a8c   0x08000a8c   0x00000030   Code   RO         2145    .text               c_w.l(_printf_char_common.o)
    0x08000abc   0x08000abc   0x00000010   Code   RO         2147    .text               c_w.l(_snputc.o)
    0x08000acc   0x08000acc   0x000000b0   Code   RO         2150    .text               c_w.l(strtod.o)
    0x08000b7c   0x08000b7c   0x00000070   Code   RO         2152    .text               c_w.l(strtol.o)
    0x08000bec   0x08000bec   0x00000064   Code   RO         2154    .text               c_w.l(rt_memcpy_w.o)
    0x08000c50   0x08000c50   0x00000008   Code   RO         2239    .text               c_w.l(libspace.o)
    0x08000c58   0x08000c58   0x00000010   Code   RO         2257    .text               c_w.l(rt_ctype_table.o)
    0x08000c68   0x08000c68   0x00000008   Code   RO         2264    .text               c_w.l(rt_locale_intlibspace.o)
    0x08000c70   0x08000c70   0x0000008a   Code   RO         2266    .text               c_w.l(lludiv10.o)
    0x08000cfa   0x08000cfa   0x00000012   Code   RO         2268    .text               c_w.l(isspace.o)
    0x08000d0c   0x08000d0c   0x00000080   Code   RO         2270    .text               c_w.l(_printf_fp_infnan.o)
    0x08000d8c   0x08000d8c   0x00000040   Code   RO         2274    .text               c_w.l(_sgetc.o)
    0x08000dcc   0x08000dcc   0x0000009e   Code   RO         2276    .text               c_w.l(_strtoul.o)
    0x08000e6a   0x08000e6a   0x00000002   PAD
    0x08000e6c   0x08000e6c   0x000000e4   Code   RO         2278    .text               c_w.l(bigflt0.o)
    0x08000f50   0x08000f50   0x0000004a   Code   RO         2322    .text               c_w.l(sys_stackheap_outer.o)
    0x08000f9a   0x08000f9a   0x0000001c   Code   RO         2324    .text               c_w.l(_chval.o)
    0x08000fb6   0x08000fb6   0x00000002   PAD
    0x08000fb8   0x08000fb8   0x000004f8   Code   RO         2326    .text               c_w.l(scanf_fp.o)
    0x080014b0   0x080014b0   0x00000012   Code   RO         2335    .text               c_w.l(exit.o)
    0x080014c2   0x080014c2   0x00000002   PAD
    0x080014c4   0x080014c4   0x00000080   Code   RO         2341    .text               c_w.l(strcmpv7m.o)
    0x08001544   0x08001544   0x00000026   Code   RO         2365    .text               c_w.l(llshl.o)
    0x0800156a   0x0800156a   0x00000002   PAD
    0x0800156c   0x0800156c   0x0000000c   Code   RO         2400    .text               c_w.l(sys_exit.o)
    0x08001578   0x08001578   0x00000002   Code   RO         2404    .text               c_w.l(use_no_semi.o)
    0x0800157a   0x0800157a   0x00000000   Code   RO         2406    .text               c_w.l(indicate_semi.o)
    0x0800157a   0x0800157a   0x00000002   PAD
    0x0800157c   0x0800157c   0x00000320   Code   RO         2414    .text               c_w.l(scanf_hexfp.o)
    0x0800189c   0x0800189c   0x00000134   Code   RO         2416    .text               c_w.l(scanf_infnan.o)
    0x080019d0   0x080019d0   0x00000088   Code   RO         1695    .text.All_Init      all_init.o
    0x08001a58   0x08001a58   0x00000002   Code   RO          148    .text.BusFault_Handler  stm32f1xx_it.o
    0x08001a5a   0x08001a5a   0x00000002   PAD
    0x08001a5c   0x08001a5c   0x00000040   Code   RO         1950    .text.CAN_Filter_Init  can_bsp.o
    0x08001a9c   0x08001a9c   0x0000000c   Code   RO          154    .text.DMA1_Channel4_IRQHandler  stm32f1xx_it.o
    0x08001aa8   0x08001aa8   0x0000000c   Code   RO          156    .text.DMA1_Channel5_IRQHandler  stm32f1xx_it.o
    0x08001ab4   0x08001ab4   0x0000000c   Code   RO          158    .text.DMA1_Channel6_IRQHandler  stm32f1xx_it.o
    0x08001ac0   0x08001ac0   0x0000000c   Code   RO          160    .text.DMA1_Channel7_IRQHandler  stm32f1xx_it.o
    0x08001acc   0x08001acc   0x000000d6   Code   RO         1933    .text.DWT_GetTimeline_s  bsp_dwt.o
    0x08001ba2   0x08001ba2   0x00000002   PAD
    0x08001ba4   0x08001ba4   0x00000064   Code   RO         1925    .text.DWT_Init      bsp_dwt.o
    0x08001c08   0x08001c08   0x00000002   Code   RO          152    .text.DebugMon_Handler  stm32f1xx_it.o
    0x08001c0a   0x08001c0a   0x00000002   PAD
    0x08001c0c   0x08001c0c   0x0000000a   Code   RO           15    .text.Error_Handler  main.o
    0x08001c16   0x08001c16   0x00000002   PAD
    0x08001c18   0x08001c18   0x00000e00   Code   RO         1813    .text.GPS_ParseBuffer  gps.o
    0x08002a18   0x08002a18   0x0000002e   Code   RO          573    .text.HAL_CAN_ActivateNotification  stm32f1xx_hal_can.o
    0x08002a46   0x08002a46   0x00000002   PAD
    0x08002a48   0x08002a48   0x000000ea   Code   RO          549    .text.HAL_CAN_ConfigFilter  stm32f1xx_hal_can.o
    0x08002b32   0x08002b32   0x00000002   PAD
    0x08002b34   0x08002b34   0x00000002   Code   RO          603    .text.HAL_CAN_ErrorCallback  stm32f1xx_hal_can.o
    0x08002b36   0x08002b36   0x00000002   PAD
    0x08002b38   0x08002b38   0x00000134   Code   RO          569    .text.HAL_CAN_GetRxMessage  stm32f1xx_hal_can.o
    0x08002c6c   0x08002c6c   0x0000025e   Code   RO          577    .text.HAL_CAN_IRQHandler  stm32f1xx_hal_can.o
    0x08002eca   0x08002eca   0x00000002   PAD
    0x08002ecc   0x08002ecc   0x000000f4   Code   RO          539    .text.HAL_CAN_Init  stm32f1xx_hal_can.o
    0x08002fc0   0x08002fc0   0x0000009c   Code   RO           68    .text.HAL_CAN_MspInit  can.o
    0x0800305c   0x0800305c   0x00000002   Code   RO          591    .text.HAL_CAN_RxFifo0FullCallback  stm32f1xx_hal_can.o
    0x0800305e   0x0800305e   0x00000002   PAD
    0x08003060   0x08003060   0x0000005a   Code   RO         1720    .text.HAL_CAN_RxFifo0MsgPendingCallback  irqn.o
    0x080030ba   0x080030ba   0x00000002   PAD
    0x080030bc   0x080030bc   0x00000002   Code   RO          595    .text.HAL_CAN_RxFifo1FullCallback  stm32f1xx_hal_can.o
    0x080030be   0x080030be   0x00000002   PAD
    0x080030c0   0x080030c0   0x00000002   Code   RO          597    .text.HAL_CAN_RxFifo1MsgPendingCallback  stm32f1xx_hal_can.o
    0x080030c2   0x080030c2   0x00000002   PAD
    0x080030c4   0x080030c4   0x00000002   Code   RO          599    .text.HAL_CAN_SleepCallback  stm32f1xx_hal_can.o
    0x080030c6   0x080030c6   0x00000002   PAD
    0x080030c8   0x080030c8   0x0000005a   Code   RO          551    .text.HAL_CAN_Start  stm32f1xx_hal_can.o
    0x08003122   0x08003122   0x00000002   PAD
    0x08003124   0x08003124   0x00000002   Code   RO          581    .text.HAL_CAN_TxMailbox0AbortCallback  stm32f1xx_hal_can.o
    0x08003126   0x08003126   0x00000002   PAD
    0x08003128   0x08003128   0x00000002   Code   RO          579    .text.HAL_CAN_TxMailbox0CompleteCallback  stm32f1xx_hal_can.o
    0x0800312a   0x0800312a   0x00000002   PAD
    0x0800312c   0x0800312c   0x00000002   Code   RO          585    .text.HAL_CAN_TxMailbox1AbortCallback  stm32f1xx_hal_can.o
    0x0800312e   0x0800312e   0x00000002   PAD
    0x08003130   0x08003130   0x00000002   Code   RO          583    .text.HAL_CAN_TxMailbox1CompleteCallback  stm32f1xx_hal_can.o
    0x08003132   0x08003132   0x00000002   PAD
    0x08003134   0x08003134   0x00000002   Code   RO          589    .text.HAL_CAN_TxMailbox2AbortCallback  stm32f1xx_hal_can.o
    0x08003136   0x08003136   0x00000002   PAD
    0x08003138   0x08003138   0x00000002   Code   RO          587    .text.HAL_CAN_TxMailbox2CompleteCallback  stm32f1xx_hal_can.o
    0x0800313a   0x0800313a   0x00000002   PAD
    0x0800313c   0x0800313c   0x00000002   Code   RO          601    .text.HAL_CAN_WakeUpFromRxMsgCallback  stm32f1xx_hal_can.o
    0x0800313e   0x0800313e   0x00000002   PAD
    0x08003140   0x08003140   0x00000046   Code   RO          763    .text.HAL_DMA_Abort  stm32f1xx_hal_dma.o
    0x08003186   0x08003186   0x00000002   PAD
    0x08003188   0x08003188   0x000000b2   Code   RO          765    .text.HAL_DMA_Abort_IT  stm32f1xx_hal_dma.o
    0x0800323a   0x0800323a   0x00000002   PAD
    0x0800323c   0x0800323c   0x000001a0   Code   RO          769    .text.HAL_DMA_IRQHandler  stm32f1xx_hal_dma.o
    0x080033dc   0x080033dc   0x00000088   Code   RO          755    .text.HAL_DMA_Init  stm32f1xx_hal_dma.o
    0x08003464   0x08003464   0x0000009c   Code   RO          761    .text.HAL_DMA_Start_IT  stm32f1xx_hal_dma.o
    0x08003500   0x08003500   0x00000212   Code   RO          731    .text.HAL_GPIO_Init  stm32f1xx_hal_gpio.o
    0x08003712   0x08003712   0x00000002   PAD
    0x08003714   0x08003714   0x0000000a   Code   RO          735    .text.HAL_GPIO_ReadPin  stm32f1xx_hal_gpio.o
    0x0800371e   0x0800371e   0x00000002   PAD
    0x08003720   0x08003720   0x00000010   Code   RO          739    .text.HAL_GPIO_TogglePin  stm32f1xx_hal_gpio.o
    0x08003730   0x08003730   0x0000000a   Code   RO          737    .text.HAL_GPIO_WritePin  stm32f1xx_hal_gpio.o
    0x0800373a   0x0800373a   0x00000002   PAD
    0x0800373c   0x0800373c   0x0000000c   Code   RO          631    .text.HAL_GetTick   stm32f1xx_hal.o
    0x08003748   0x08003748   0x00000176   Code   RO          952    .text.HAL_I2C_Init  stm32f1xx_hal_i2c.o
    0x080038be   0x080038be   0x00000002   PAD
    0x080038c0   0x080038c0   0x00000158   Code   RO          996    .text.HAL_I2C_Mem_Write  stm32f1xx_hal_i2c.o
    0x08003a18   0x08003a18   0x00000062   Code   RO           92    .text.HAL_I2C_MspInit  i2c.o
    0x08003a7a   0x08003a7a   0x00000002   PAD
    0x08003a7c   0x08003a7c   0x0000001a   Code   RO          629    .text.HAL_IncTick   stm32f1xx_hal.o
    0x08003a96   0x08003a96   0x00000002   PAD
    0x08003a98   0x08003a98   0x00000026   Code   RO          619    .text.HAL_Init      stm32f1xx_hal.o
    0x08003abe   0x08003abe   0x00000002   PAD
    0x08003ac0   0x08003ac0   0x000000b0   Code   RO          191    .text.HAL_InitTick  stm32f1xx_hal_timebase_tim.o
    0x08003b70   0x08003b70   0x00000050   Code   RO          181    .text.HAL_MspInit   stm32f1xx_hal_msp.o
    0x08003bc0   0x08003bc0   0x00000020   Code   RO          791    .text.HAL_NVIC_EnableIRQ  stm32f1xx_hal_cortex.o
    0x08003be0   0x08003be0   0x00000056   Code   RO          789    .text.HAL_NVIC_SetPriority  stm32f1xx_hal_cortex.o
    0x08003c36   0x08003c36   0x00000002   PAD
    0x08003c38   0x08003c38   0x00000020   Code   RO          787    .text.HAL_NVIC_SetPriorityGrouping  stm32f1xx_hal_cortex.o
    0x08003c58   0x08003c58   0x000001be   Code   RO          683    .text.HAL_RCC_ClockConfig  stm32f1xx_hal_rcc.o
    0x08003e16   0x08003e16   0x00000002   PAD
    0x08003e18   0x08003e18   0x00000042   Code   RO          701    .text.HAL_RCC_GetClockConfig  stm32f1xx_hal_rcc.o
    0x08003e5a   0x08003e5a   0x00000002   PAD
    0x08003e5c   0x08003e5c   0x00000026   Code   RO          695    .text.HAL_RCC_GetPCLK1Freq  stm32f1xx_hal_rcc.o
    0x08003e82   0x08003e82   0x00000002   PAD
    0x08003e84   0x08003e84   0x00000026   Code   RO          697    .text.HAL_RCC_GetPCLK2Freq  stm32f1xx_hal_rcc.o
    0x08003eaa   0x08003eaa   0x00000002   PAD
    0x08003eac   0x08003eac   0x000003b4   Code   RO          681    .text.HAL_RCC_OscConfig  stm32f1xx_hal_rcc.o
    0x08004260   0x08004260   0x00000002   Code   RO          525    .text.HAL_TIMEx_BreakCallback  stm32f1xx_hal_tim_ex.o
    0x08004262   0x08004262   0x00000002   PAD
    0x08004264   0x08004264   0x00000002   Code   RO          521    .text.HAL_TIMEx_CommutCallback  stm32f1xx_hal_tim_ex.o
    0x08004266   0x08004266   0x00000002   PAD
    0x08004268   0x08004268   0x0000007a   Code   RO          515    .text.HAL_TIMEx_MasterConfigSynchronization  stm32f1xx_hal_tim_ex.o
    0x080042e2   0x080042e2   0x00000002   PAD
    0x080042e4   0x080042e4   0x000000fa   Code   RO          220    .text.HAL_TIM_Base_Init  stm32f1xx_hal_tim.o
    0x080043de   0x080043de   0x00000002   PAD
    0x080043e0   0x080043e0   0x00000040   Code   RO          107    .text.HAL_TIM_Base_MspInit  tim.o
    0x08004420   0x08004420   0x0000006e   Code   RO          234    .text.HAL_TIM_Base_Start_IT  stm32f1xx_hal_tim.o
    0x0800448e   0x0800448e   0x00000002   PAD
    0x08004490   0x08004490   0x0000019c   Code   RO          400    .text.HAL_TIM_ConfigClockSource  stm32f1xx_hal_tim.o
    0x0800462c   0x0800462c   0x00000002   Code   RO          356    .text.HAL_TIM_IC_CaptureCallback  stm32f1xx_hal_tim.o
    0x0800462e   0x0800462e   0x00000002   PAD
    0x08004630   0x08004630   0x0000014e   Code   RO          354    .text.HAL_TIM_IRQHandler  stm32f1xx_hal_tim.o
    0x0800477e   0x0800477e   0x00000002   PAD
    0x08004780   0x08004780   0x00000002   Code   RO          358    .text.HAL_TIM_OC_DelayElapsedCallback  stm32f1xx_hal_tim.o
    0x08004782   0x08004782   0x00000002   PAD
    0x08004784   0x08004784   0x00000002   Code   RO          360    .text.HAL_TIM_PWM_PulseFinishedCallback  stm32f1xx_hal_tim.o
    0x08004786   0x08004786   0x00000002   PAD
    0x08004788   0x08004788   0x00000014   Code   RO           17    .text.HAL_TIM_PeriodElapsedCallback  main.o
    0x0800479c   0x0800479c   0x00000002   Code   RO          364    .text.HAL_TIM_TriggerCallback  stm32f1xx_hal_tim.o
    0x0800479e   0x0800479e   0x00000002   PAD
    0x080047a0   0x080047a0   0x00000002   Code   RO         1174    .text.HAL_UARTEx_RxEventCallback  stm32f1xx_hal_uart.o
    0x080047a2   0x080047a2   0x00000002   PAD
    0x080047a4   0x080047a4   0x00000224   Code   RO         1130    .text.HAL_UART_DMAStop  stm32f1xx_hal_uart.o
    0x080049c8   0x080049c8   0x00000002   Code   RO         1172    .text.HAL_UART_ErrorCallback  stm32f1xx_hal_uart.o
    0x080049ca   0x080049ca   0x00000002   PAD
    0x080049cc   0x080049cc   0x00000564   Code   RO         1166    .text.HAL_UART_IRQHandler  stm32f1xx_hal_uart.o
    0x08004f30   0x08004f30   0x000000de   Code   RO         1090    .text.HAL_UART_Init  stm32f1xx_hal_uart.o
    0x0800500e   0x0800500e   0x00000002   PAD
    0x08005010   0x08005010   0x000001e0   Code   RO          124    .text.HAL_UART_MspInit  usart.o
    0x080051f0   0x080051f0   0x00000160   Code   RO         1122    .text.HAL_UART_Receive_DMA  stm32f1xx_hal_uart.o
    0x08005350   0x08005350   0x00000002   Code   RO         1722    .text.HAL_UART_RxCpltCallback  irqn.o
    0x08005352   0x08005352   0x00000002   PAD
    0x08005354   0x08005354   0x00000002   Code   RO         1182    .text.HAL_UART_RxHalfCpltCallback  stm32f1xx_hal_uart.o
    0x08005356   0x08005356   0x00000002   PAD
    0x08005358   0x08005358   0x00000002   Code   RO         1176    .text.HAL_UART_TxCpltCallback  stm32f1xx_hal_uart.o
    0x0800535a   0x0800535a   0x00000002   PAD
    0x0800535c   0x0800535c   0x00000002   Code   RO          144    .text.HardFault_Handler  stm32f1xx_it.o
    0x0800535e   0x0800535e   0x00000002   PAD
    0x08005360   0x08005360   0x000000c8   Code   RO          998    .text.I2C_RequestMemoryWrite  stm32f1xx_hal_i2c.o
    0x08005428   0x08005428   0x000000be   Code   RO          966    .text.I2C_WaitOnBTFFlagUntilTimeout  stm32f1xx_hal_i2c.o
    0x080054e6   0x080054e6   0x00000002   PAD
    0x080054e8   0x080054e8   0x000001d2   Code   RO          962    .text.I2C_WaitOnFlagUntilTimeout  stm32f1xx_hal_i2c.o
    0x080056ba   0x080056ba   0x00000002   PAD
    0x080056bc   0x080056bc   0x000000e0   Code   RO         1080    .text.I2C_WaitOnMasterAddressFlagUntilTimeout  stm32f1xx_hal_i2c.o
    0x0800579c   0x0800579c   0x000000be   Code   RO          964    .text.I2C_WaitOnTXEFlagUntilTimeout  stm32f1xx_hal_i2c.o
    0x0800585a   0x0800585a   0x00000002   PAD
    0x0800585c   0x0800585c   0x00000106   Code   RO         1786    .text.MOTOR_PID_Gimbal_INIT  gimbal_task.o
    0x08005962   0x08005962   0x00000002   PAD
    0x08005964   0x08005964   0x00000044   Code   RO           66    .text.MX_CAN_Init   can.o
    0x080059a8   0x080059a8   0x00000064   Code   RO           81    .text.MX_DMA_Init   dma.o
    0x08005a0c   0x08005a0c   0x00000094   Code   RO           41    .text.MX_FREERTOS_Init  freertos.o
    0x08005aa0   0x08005aa0   0x0000009c   Code   RO           28    .text.MX_GPIO_Init  gpio.o
    0x08005b3c   0x08005b3c   0x00000042   Code   RO           90    .text.MX_I2C1_Init  i2c.o
    0x08005b7e   0x08005b7e   0x00000002   PAD
    0x08005b80   0x08005b80   0x00000074   Code   RO          105    .text.MX_TIM2_Init  tim.o
    0x08005bf4   0x08005bf4   0x0000003c   Code   RO          120    .text.MX_USART1_UART_Init  usart.o
    0x08005c30   0x08005c30   0x0000003c   Code   RO          122    .text.MX_USART2_UART_Init  usart.o
    0x08005c6c   0x08005c6c   0x00000002   Code   RO          146    .text.MemManage_Handler  stm32f1xx_it.o
    0x08005c6e   0x08005c6e   0x00000002   PAD
    0x08005c70   0x08005c70   0x00000026   Code   RO         1966    .text.MotorResolve  dji_motor.o
    0x08005c96   0x08005c96   0x00000002   PAD
    0x08005c98   0x08005c98   0x00000036   Code   RO         1968    .text.MotorRoundResolve  dji_motor.o
    0x08005cce   0x08005cce   0x00000002   PAD
    0x08005cd0   0x08005cd0   0x00000002   Code   RO          142    .text.NMI_Handler   stm32f1xx_it.o
    0x08005cd2   0x08005cd2   0x00000002   PAD
    0x08005cd4   0x08005cd4   0x000000ac   Code   RO         1834    .text.OLED_Clear    oled.o
    0x08005d80   0x08005d80   0x0000020a   Code   RO         1854    .text.OLED_DrawBMP  oled.o
    0x08005f8a   0x08005f8a   0x00000002   PAD
    0x08005f8c   0x08005f8c   0x00000282   Code   RO         1826    .text.OLED_Init     oled.o
    0x0800620e   0x0800620e   0x00000002   PAD
    0x08006210   0x08006210   0x00000072   Code   RO         1840    .text.OLED_Set_Pos  oled.o
    0x08006282   0x08006282   0x00000002   PAD
    0x08006284   0x08006284   0x0000015a   Code   RO         1900    .text.OLED_ShowAfraidWaveform  print.o
    0x080063de   0x080063de   0x00000002   PAD
    0x080063e0   0x080063e0   0x00000826   Code   RO         1852    .text.OLED_ShowCHinese  oled.o
    0x08006c06   0x08006c06   0x00000002   PAD
    0x08006c08   0x08006c08   0x00000706   Code   RO         1844    .text.OLED_ShowChar  oled.o
    0x0800730e   0x0800730e   0x00000002   PAD
    0x08007310   0x08007310   0x0000011c   Code   RO         1848    .text.OLED_ShowNum  oled.o
    0x0800742c   0x0800742c   0x00000124   Code   RO         1902    .text.OLED_ShowRelaxedWaveform  print.o
    0x08007550   0x08007550   0x0000016c   Code   RO         1892    .text.OLED_ShowSadMoodWaveform  print.o
    0x080076bc   0x080076bc   0x0000008e   Code   RO         1846    .text.OLED_ShowString  oled.o
    0x0800774a   0x0800774a   0x00000002   PAD
    0x0800774c   0x0800774c   0x00000152   Code   RO         1898    .text.OLED_ShowSurprisedWaveform  print.o
    0x0800789e   0x0800789e   0x00000002   PAD
    0x080078a0   0x080078a0   0x0000016a   Code   RO         1886    .text.OLED_ShowWaveform  print.o
    0x08007a0a   0x08007a0a   0x00000002   PAD
    0x08007a0c   0x08007a0c   0x00000030   Code   RO         1830    .text.OLED_WR_DATA  oled.o
    0x08007a3c   0x08007a3c   0x00000046   Code   RO         1755    .text.PID_Init      controller.o
    0x08007a82   0x08007a82   0x0000000e   PAD
    0x08007a90   0x08007a90   0x00000044   Code   RO         1679    .text.PendSV_Handler  port.o
    0x08007ad4   0x08007ad4   0x0000000c   PAD
    0x08007ae0   0x08007ae0   0x00000024   Code   RO         1665    .text.SVC_Handler   port.o
    0x08007b04   0x08007b04   0x00000020   Code   RO         1707    .text.StartDefaultTask  all_task.o
    0x08007b24   0x08007b24   0x0000027e   Code   RO         1906    .text.StartDisplayTask  print.o
    0x08007da2   0x08007da2   0x00000002   PAD
    0x08007da4   0x08007da4   0x00000010   Code   RO         1709    .text.StartGimbalTask  all_task.o
    0x08007db4   0x08007db4   0x0000023a   Code   RO         1904    .text.StartKeyTask  print.o
    0x08007fee   0x08007fee   0x00000002   PAD
    0x08007ff0   0x08007ff0   0x0000000c   Code   RO         1711    .text.StartMonitorTask  all_task.o
    0x08007ffc   0x08007ffc   0x0000002e   Code   RO         1681    .text.SysTick_Handler  port.o
    0x0800802a   0x0800802a   0x00000002   PAD
    0x0800802c   0x0800802c   0x00000002   Code   RO         1210    .text.SystemInit    system_stm32f1xx.o
    0x0800802e   0x0800802e   0x00000002   PAD
    0x08008030   0x08008030   0x0000000c   Code   RO          166    .text.TIM1_UP_IRQHandler  stm32f1xx_it.o
    0x0800803c   0x0800803c   0x0000000c   Code   RO          168    .text.TIM2_IRQHandler  stm32f1xx_it.o
    0x08008048   0x08008048   0x0000000c   Code   RO         1170    .text.UART_DMAAbortOnError  stm32f1xx_hal_uart.o
    0x08008054   0x08008054   0x0000017c   Code   RO         1120    .text.UART_DMAError  stm32f1xx_hal_uart.o
    0x080081d0   0x080081d0   0x0000015e   Code   RO         1198    .text.UART_DMAReceiveCplt  stm32f1xx_hal_uart.o
    0x0800832e   0x0800832e   0x00000002   PAD
    0x08008330   0x08008330   0x00000018   Code   RO         1200    .text.UART_DMARxHalfCplt  stm32f1xx_hal_uart.o
    0x08008348   0x08008348   0x000000fe   Code   RO         1168    .text.UART_Receive_IT  stm32f1xx_hal_uart.o
    0x08008446   0x08008446   0x00000002   PAD
    0x08008448   0x08008448   0x0000001a   Code   RO          170    .text.USART1_IRQHandler  stm32f1xx_it.o
    0x08008462   0x08008462   0x00000002   PAD
    0x08008464   0x08008464   0x0000001a   Code   RO          172    .text.USART2_IRQHandler  stm32f1xx_it.o
    0x0800847e   0x0800847e   0x00000002   PAD
    0x08008480   0x08008480   0x0000000c   Code   RO          162    .text.USB_HP_CAN1_TX_IRQHandler  stm32f1xx_it.o
    0x0800848c   0x0800848c   0x0000000c   Code   RO          164    .text.USB_LP_CAN1_RX0_IRQHandler  stm32f1xx_it.o
    0x08008498   0x08008498   0x00000002   Code   RO          150    .text.UsageFault_Handler  stm32f1xx_it.o
    0x0800849a   0x0800849a   0x00000002   PAD
    0x0800849c   0x0800849c   0x0000007a   Code   RO         1724    .text.User_IRQHandler  irqn.o
    0x08008516   0x08008516   0x00000002   PAD
    0x08008518   0x08008518   0x00000086   Code   RO           11    .text.main          main.o
    0x0800859e   0x0800859e   0x00000002   PAD
    0x080085a0   0x080085a0   0x000000e0   Code   RO         1884    .text.oled_initc    print.o
    0x08008680   0x08008680   0x00000010   Code   RO         1542    .text.osDelay       cmsis_os.o
    0x08008690   0x08008690   0x0000000a   Code   RO         1524    .text.osKernelStart  cmsis_os.o
    0x0800869a   0x0800869a   0x00000002   PAD
    0x0800869c   0x0800869c   0x00000010   Code   RO         1556    .text.osMutexCreate  cmsis_os.o
    0x080086ac   0x080086ac   0x0000005c   Code   RO         1530    .text.osThreadCreate  cmsis_os.o
    0x08008708   0x08008708   0x0000007e   Code   RO         1393    .text.prvAddCurrentTaskToDelayedList  tasks.o
    0x08008786   0x08008786   0x00000002   PAD
    0x08008788   0x08008788   0x000000f4   Code   RO         1385    .text.prvAddNewTaskToReadyList  tasks.o
    0x0800887c   0x0800887c   0x00000026   Code   RO         1409    .text.prvIdleTask   tasks.o
    0x080088a2   0x080088a2   0x00000002   PAD
    0x080088a4   0x080088a4   0x00000118   Code   RO         1383    .text.prvInitialiseNewTask  tasks.o
    0x080089bc   0x080089bc   0x00000020   Code   RO         1671    .text.prvPortStartFirstTask  port.o
    0x080089dc   0x080089dc   0x0000003e   Code   RO         1663    .text.prvTaskExitError  port.o
    0x08008a1a   0x08008a1a   0x00000002   PAD
    0x08008a1c   0x08008a1c   0x00000376   Code   RO         1484    .text.prvTimerTask  timers.o
    0x08008d92   0x08008d92   0x00000002   PAD
    0x08008d94   0x08008d94   0x00000074   Code   RO         1294    .text.prvUnlockQueue  queue.o
    0x08008e08   0x08008e08   0x00000208   Code   RO         1639    .text.pvPortMalloc  heap_4.o
    0x08009010   0x08009010   0x00000020   Code   RO         1661    .text.pxPortInitialiseStack  port.o
    0x08009030   0x08009030   0x00000024   Code   RO         1262    .text.uxListRemove  list.o
    0x08009054   0x08009054   0x0000001a   Code   RO           37    .text.vApplicationGetIdleTaskMemory  freertos.o
    0x0800906e   0x0800906e   0x00000002   PAD
    0x08009070   0x08009070   0x0000001c   Code   RO           39    .text.vApplicationGetTimerTaskMemory  freertos.o
    0x0800908c   0x0800908c   0x00000016   Code   RO         1254    .text.vListInitialise  list.o
    0x080090a2   0x080090a2   0x00000002   PAD
    0x080090a4   0x080090a4   0x00000006   Code   RO         1256    .text.vListInitialiseItem  list.o
    0x080090aa   0x080090aa   0x00000002   PAD
    0x080090ac   0x080090ac   0x00000062   Code   RO         1260    .text.vListInsert   list.o
    0x0800910e   0x0800910e   0x00000002   PAD
    0x08009110   0x08009110   0x0000001c   Code   RO         1258    .text.vListInsertEnd  list.o
    0x0800912c   0x0800912c   0x00000046   Code   RO         1675    .text.vPortEnterCritical  port.o
    0x08009172   0x08009172   0x00000002   PAD
    0x08009174   0x08009174   0x0000002e   Code   RO         1677    .text.vPortExitCritical  port.o
    0x080091a2   0x080091a2   0x00000002   PAD
    0x080091a4   0x080091a4   0x000000d4   Code   RO         1641    .text.vPortFree     heap_4.o
    0x08009278   0x08009278   0x00000034   Code   RO         1669    .text.vPortSetupTimerInterrupt  port.o
    0x080092ac   0x080092ac   0x000000b0   Code   RO         1322    .text.vQueueAddToRegistry  queue.o
    0x0800935c   0x0800935c   0x00000052   Code   RO         1326    .text.vQueueWaitForMessageRestricted  queue.o
    0x080093ae   0x080093ae   0x00000002   PAD
    0x080093b0   0x080093b0   0x0000009e   Code   RO         1397    .text.vTaskDelay    tasks.o
    0x0800944e   0x0800944e   0x00000002   PAD
    0x08009450   0x08009450   0x00000012   Code   RO         1437    .text.vTaskInternalSetTimeOutState  tasks.o
    0x08009462   0x08009462   0x00000002   PAD
    0x08009464   0x08009464   0x0000000e   Code   RO         1441    .text.vTaskMissedYield  tasks.o
    0x08009472   0x08009472   0x00000002   PAD
    0x08009474   0x08009474   0x00000036   Code   RO         1425    .text.vTaskPlaceOnEventList  tasks.o
    0x080094aa   0x080094aa   0x00000002   PAD
    0x080094ac   0x080094ac   0x0000008e   Code   RO         1429    .text.vTaskPlaceOnEventListRestricted  tasks.o
    0x0800953a   0x0800953a   0x00000002   PAD
    0x0800953c   0x0800953c   0x000000f0   Code   RO         1407    .text.vTaskStartScheduler  tasks.o
    0x0800962c   0x0800962c   0x00000010   Code   RO         1391    .text.vTaskSuspendAll  tasks.o
    0x0800963c   0x0800963c   0x0000006e   Code   RO         1401    .text.vTaskSwitchContext  tasks.o
    0x080096aa   0x080096aa   0x00000002   PAD
    0x080096ac   0x080096ac   0x0000012c   Code   RO         1667    .text.xPortStartScheduler  port.o
    0x080097d8   0x080097d8   0x0000006a   Code   RO         1278    .text.xQueueCreateMutex  queue.o
    0x08009842   0x08009842   0x00000002   PAD
    0x08009844   0x08009844   0x0000009a   Code   RO         1280    .text.xQueueCreateMutexStatic  queue.o
    0x080098de   0x080098de   0x00000002   PAD
    0x080098e0   0x080098e0   0x000000d6   Code   RO         1274    .text.xQueueGenericCreateStatic  queue.o
    0x080099b6   0x080099b6   0x00000002   PAD
    0x080099b8   0x080099b8   0x0000022a   Code   RO         1284    .text.xQueueGenericSend  queue.o
    0x08009be2   0x08009be2   0x00000002   PAD
    0x08009be4   0x08009be4   0x000001aa   Code   RO         1300    .text.xQueueReceive  queue.o
    0x08009d8e   0x08009d8e   0x00000002   PAD
    0x08009d90   0x08009d90   0x000000a2   Code   RO         1439    .text.xTaskCheckForTimeOut  tasks.o
    0x08009e32   0x08009e32   0x00000002   PAD
    0x08009e34   0x08009e34   0x00000060   Code   RO         1387    .text.xTaskCreate   tasks.o
    0x08009e94   0x08009e94   0x00000076   Code   RO         1381    .text.xTaskCreateStatic  tasks.o
    0x08009f0a   0x08009f0a   0x00000002   PAD
    0x08009f0c   0x08009f0c   0x0000001e   Code   RO         1445    .text.xTaskGetSchedulerState  tasks.o
    0x08009f2a   0x08009f2a   0x00000002   PAD
    0x08009f2c   0x08009f2c   0x0000000c   Code   RO         1415    .text.xTaskGetTickCount  tasks.o
    0x08009f38   0x08009f38   0x00000106   Code   RO         1413    .text.xTaskIncrementTick  tasks.o
    0x0800a03e   0x0800a03e   0x00000002   PAD
    0x0800a040   0x0800a040   0x000000b6   Code   RO         1449    .text.xTaskPriorityDisinherit  tasks.o
    0x0800a0f6   0x0800a0f6   0x00000002   PAD
    0x0800a0f8   0x0800a0f8   0x00000074   Code   RO         1431    .text.xTaskRemoveFromEventList  tasks.o
    0x0800a16c   0x0800a16c   0x000000ea   Code   RO         1395    .text.xTaskResumeAll  tasks.o
    0x0800a256   0x0800a256   0x00000002   PAD
    0x0800a258   0x0800a258   0x000000b4   Code   RO         1482    .text.xTimerCreateTimerTask  timers.o
    0x0800a30c   0x0800a30c   0x0000003e   Code   RO         2281    CL$$btod_d2e        c_w.l(btod.o)
    0x0800a34a   0x0800a34a   0x00000046   Code   RO         2283    CL$$btod_d2e_denorm_low  c_w.l(btod.o)
    0x0800a390   0x0800a390   0x00000060   Code   RO         2282    CL$$btod_d2e_norm_op1  c_w.l(btod.o)
    0x0800a3f0   0x0800a3f0   0x00000338   Code   RO         2291    CL$$btod_div_common  c_w.l(btod.o)
    0x0800a728   0x0800a728   0x00000084   Code   RO         2289    CL$$btod_e2d        c_w.l(btod.o)
    0x0800a7ac   0x0800a7ac   0x000000dc   Code   RO         2288    CL$$btod_e2e        c_w.l(btod.o)
    0x0800a888   0x0800a888   0x0000002a   Code   RO         2285    CL$$btod_ediv       c_w.l(btod.o)
    0x0800a8b2   0x0800a8b2   0x0000002a   Code   RO         2287    CL$$btod_edivd      c_w.l(btod.o)
    0x0800a8dc   0x0800a8dc   0x0000002a   Code   RO         2284    CL$$btod_emul       c_w.l(btod.o)
    0x0800a906   0x0800a906   0x0000002a   Code   RO         2286    CL$$btod_emuld      c_w.l(btod.o)
    0x0800a930   0x0800a930   0x00000244   Code   RO         2290    CL$$btod_mult_common  c_w.l(btod.o)
    0x0800ab74   0x0800ab74   0x00000028   Code   RO         2320    i.__ARM_fpclassify  m_ws.l(fpclassify.o)
    0x0800ab9c   0x0800ab9c   0x00000026   Code   RO         2220    i.__ARM_fpclassifyf  m_ws.l(fpclassifyf.o)
    0x0800abc2   0x0800abc2   0x0000000e   Code   RO         2491    i.__mathlib_dbl_overflow  m_ws.l(dunder.o)
    0x0800abd0   0x0800abd0   0x00000010   Code   RO         2493    i.__mathlib_dbl_underflow  m_ws.l(dunder.o)
    0x0800abe0   0x0800abe0   0x00000006   Code   RO         2223    i.__mathlib_flt_infnan  m_ws.l(funder.o)
    0x0800abe6   0x0800abe6   0x00000008   Code   RO         2225    i.__mathlib_flt_invalid  m_ws.l(funder.o)
    0x0800abee   0x0800abee   0x0000000a   Code   RO         2228    i.__mathlib_flt_underflow  m_ws.l(funder.o)
    0x0800abf8   0x0800abf8   0x00000010   Code   RO         2394    i.__mathlib_narrow  m_ws.l(narrow.o)
    0x0800ac08   0x0800ac08   0x00000168   Code   RO         2236    i.__mathlib_rredf2  m_ws.l(rredf.o)
    0x0800ad70   0x0800ad70   0x000000bc   Code   RO         2395    i.__mathlib_tofloat  m_ws.l(narrow.o)
    0x0800ae2c   0x0800ae2c   0x00000016   Code   RO         2450    i.__support_ldexp   m_ws.l(ldexp.o)
    0x0800ae42   0x0800ae42   0x0000000e   Code   RO         2034    i._is_digit         c_w.l(__printf_wp.o)
    0x0800ae50   0x0800ae50   0x0000002c   Code   RO         2122    i.atof              m_ws.l(atof.o)
    0x0800ae7c   0x0800ae7c   0x00000058   Code   RO         2431    i.frexp             m_ws.l(frexp.o)
    0x0800aed4   0x0800aed4   0x00000074   Code   RO         2451    i.ldexp             m_ws.l(ldexp.o)
    0x0800af48   0x0800af48   0x00000188   Code   RO         2126    i.sinf              m_ws.l(sinf.o)
    0x0800b0d0   0x0800b0d0   0x0000002c   Code   RO         2306    locale$$code        c_w.l(lc_numeric_c.o)
    0x0800b0fc   0x0800b0fc   0x0000002c   Code   RO         2333    locale$$code        c_w.l(lc_ctype_c.o)
    0x0800b128   0x0800b128   0x00000062   Code   RO         2069    x$fpl$d2f           fz_ws.l(d2f.o)
    0x0800b18a   0x0800b18a   0x00000002   PAD
    0x0800b18c   0x0800b18c   0x00000150   Code   RO         2071    x$fpl$dadd          fz_ws.l(daddsub_clz.o)
    0x0800b2dc   0x0800b2dc   0x00000010   Code   RO         2485    x$fpl$dcheck1       fz_ws.l(dcheck1.o)
    0x0800b2ec   0x0800b2ec   0x00000018   Code   RO         2443    x$fpl$dcmpinf       fz_ws.l(dcmpi.o)
    0x0800b304   0x0800b304   0x000002b4   Code   RO         2078    x$fpl$ddiv          fz_ws.l(ddiv.o)
    0x0800b5b8   0x0800b5b8   0x00000078   Code   RO         2424    x$fpl$deqf          fz_ws.l(deqf.o)
    0x0800b630   0x0800b630   0x0000005e   Code   RO         2081    x$fpl$dfix          fz_ws.l(dfix.o)
    0x0800b68e   0x0800b68e   0x0000002e   Code   RO         2086    x$fpl$dflt          fz_ws.l(dflt_clz.o)
    0x0800b6bc   0x0800b6bc   0x00000078   Code   RO         2445    x$fpl$dleqf         fz_ws.l(dleqf.o)
    0x0800b734   0x0800b734   0x00000154   Code   RO         2091    x$fpl$dmul          fz_ws.l(dmul.o)
    0x0800b888   0x0800b888   0x0000009c   Code   RO         2203    x$fpl$dnaninf       fz_ws.l(dnaninf.o)
    0x0800b924   0x0800b924   0x0000000c   Code   RO         2205    x$fpl$dretinf       fz_ws.l(dretinf.o)
    0x0800b930   0x0800b930   0x0000006c   Code   RO         2426    x$fpl$drleqf        fz_ws.l(drleqf.o)
    0x0800b99c   0x0800b99c   0x000001dc   Code   RO         2073    x$fpl$dsub          fz_ws.l(daddsub_clz.o)
    0x0800bb78   0x0800bb78   0x00000056   Code   RO         2093    x$fpl$f2d           fz_ws.l(f2d.o)
    0x0800bbce   0x0800bbce   0x00000002   PAD
    0x0800bbd0   0x0800bbd0   0x000000c4   Code   RO         2095    x$fpl$fadd          fz_ws.l(faddsub_clz.o)
    0x0800bc94   0x0800bc94   0x0000000c   Code   RO         2353    x$fpl$fcheck1       fz_ws.l(fcheck1.o)
    0x0800bca0   0x0800bca0   0x00000054   Code   RO         2101    x$fpl$fcmp          fz_ws.l(fcmp.o)
    0x0800bcf4   0x0800bcf4   0x00000018   Code   RO         2310    x$fpl$fcmpinf       fz_ws.l(fcmpi.o)
    0x0800bd0c   0x0800bd0c   0x00000184   Code   RO         2104    x$fpl$fdiv          fz_ws.l(fdiv.o)
    0x0800be90   0x0800be90   0x00000068   Code   RO         2207    x$fpl$feqf          fz_ws.l(feqf.o)
    0x0800bef8   0x0800bef8   0x00000036   Code   RO         2107    x$fpl$ffix          fz_ws.l(ffix.o)
    0x0800bf2e   0x0800bf2e   0x00000002   PAD
    0x0800bf30   0x0800bf30   0x00000030   Code   RO         2112    x$fpl$fflt          fz_ws.l(fflt_clz.o)
    0x0800bf60   0x0800bf60   0x00000026   Code   RO         2111    x$fpl$ffltu         fz_ws.l(fflt_clz.o)
    0x0800bf86   0x0800bf86   0x00000002   PAD
    0x0800bf88   0x0800bf88   0x00000068   Code   RO         2209    x$fpl$fgeqf         fz_ws.l(fgeqf.o)
    0x0800bff0   0x0800bff0   0x00000068   Code   RO         2211    x$fpl$fleqf         fz_ws.l(fleqf.o)
    0x0800c058   0x0800c058   0x00000102   Code   RO         2117    x$fpl$fmul          fz_ws.l(fmul.o)
    0x0800c15a   0x0800c15a   0x0000008c   Code   RO         2213    x$fpl$fnaninf       fz_ws.l(fnaninf.o)
    0x0800c1e6   0x0800c1e6   0x0000000a   Code   RO         2215    x$fpl$fretinf       fz_ws.l(fretinf.o)
    0x0800c1f0   0x0800c1f0   0x00000060   Code   RO         2217    x$fpl$frnd          fz_ws.l(frnd.o)
    0x0800c250   0x0800c250   0x00000014   Code   RO         2096    x$fpl$frsb          fz_ws.l(faddsub_clz.o)
    0x0800c264   0x0800c264   0x000000ea   Code   RO         2097    x$fpl$fsub          fz_ws.l(faddsub_clz.o)
    0x0800c34e   0x0800c34e   0x00000006   Code   RO         2314    x$fpl$ieeestatus    fz_ws.l(istatus.o)
    0x0800c354   0x0800c354   0x00000004   Code   RO         2119    x$fpl$printf1       fz_ws.l(printf1.o)
    0x0800c358   0x0800c358   0x00000064   Code   RO         2386    x$fpl$retnan        fz_ws.l(retnan.o)
    0x0800c3bc   0x0800c3bc   0x0000005c   Code   RO         2447    x$fpl$scalbn        fz_ws.l(scalbn.o)
    0x0800c418   0x0800c418   0x0000004c   Code   RO         2316    x$fpl$scalbnf       fz_ws.l(scalbnf.o)
    0x0800c464   0x0800c464   0x00000004   Code   RO         2318    x$fpl$scanf1        fz_ws.l(scanf1.o)
    0x0800c468   0x0800c468   0x00000008   Code   RO         2388    x$fpl$scanf2        fz_ws.l(scanf2.o)
    0x0800c470   0x0800c470   0x00000030   Code   RO         2428    x$fpl$trapveneer    fz_ws.l(trapv.o)
    0x0800c4a0   0x0800c4a0   0x00000000   Code   RO         2219    x$fpl$usenofp       fz_ws.l(usenofp.o)
    0x0800c4a0   0x0800c4a0   0x00000020   Data   RO         2237    .constdata          m_ws.l(rredf.o)
    0x0800c4c0   0x0800c4c0   0x00000094   Data   RO         2279    .constdata          c_w.l(bigflt0.o)
    0x0800c554   0x0800c554   0x0000000c   Data   RO         1793    .rodata..L__const.MOTOR_PID_Gimbal_INIT.PID_P_Pitch  gimbal_task.o
    0x0800c560   0x0800c560   0x0000000c   Data   RO         1795    .rodata..L__const.MOTOR_PID_Gimbal_INIT.PID_P_Yaw  gimbal_task.o
    0x0800c56c   0x0800c56c   0x0000000c   Data   RO         1792    .rodata..L__const.MOTOR_PID_Gimbal_INIT.PID_S_Pitch  gimbal_task.o
    0x0800c578   0x0800c578   0x0000000c   Data   RO         1794    .rodata..L__const.MOTOR_PID_Gimbal_INIT.PID_S_Yaw  gimbal_task.o
    0x0800c584   0x0800c584   0x0000001c   Data   RO           54    .rodata..L__const.MX_FREERTOS_Init.os_thread_def_defaultTask  freertos.o
    0x0800c5a0   0x0800c5a0   0x0000001c   Data   RO           55    .rodata..L__const.MX_FREERTOS_Init.os_thread_def_gimbalTask  freertos.o
    0x0800c5bc   0x0800c5bc   0x0000001c   Data   RO           56    .rodata..L__const.MX_FREERTOS_Init.os_thread_def_monitorTask  freertos.o
    0x0800c5d8   0x0800c5d8   0x00000010   Data   RO         1215    .rodata.AHBPrescTable  system_stm32f1xx.o
    0x0800c5e8   0x0800c5e8   0x00000008   Data   RO         1216    .rodata.APBPrescTable  system_stm32f1xx.o
    0x0800c5f0   0x0800c5f0   0x00000228   Data   RO         1875    .rodata.F6x8        oledfont.o
    0x0800c818   0x0800c818   0x000005e0   Data   RO         1876    .rodata.F8X16       oledfont.o
    0x0800cdf8   0x0800cdf8   0x00000002   Data   RO          708    .rodata.HAL_RCC_GetSysClockFreq.aPredivFactorTable  stm32f1xx_hal_rcc.o
    0x0800cdfa   0x0800cdfa   0x000000c0   Data   RO         1877    .rodata.Hzk         oledfont.o
    0x0800ceba   0x0800ceba   0x00000010   Data   RO          707    .rodata.cst16       stm32f1xx_hal_rcc.o
    0x0800ceca   0x0800ceca   0x00000023   Data   RO           53    .rodata.str1.1      freertos.o
    0x0800ceed   0x0800ceed   0x00000005   Data   RO         1514    .rodata.str1.1      timers.o
    0x0800cef2   0x0800cef2   0x000000da   Data   RO         1909    .rodata.str1.1      print.o
    0x0800cfcc   0x0800cfcc   0x00000020   Data   RO         2502    Region$$Table       anon$$obj.o
    0x0800cfec   0x0800cfec   0x00000008   Data   RO         2382    c$$dinf             fz_ws.l(fpconst.o)
    0x0800cff4   0x0800cff4   0x00000008   Data   RO         2385    c$$dmax             fz_ws.l(fpconst.o)
    0x0800cffc   0x0800cffc   0x0000001c   Data   RO         2305    locale$$data        c_w.l(lc_numeric_c.o)
    0x0800d018   0x0800d018   0x00000110   Data   RO         2332    locale$$data        c_w.l(lc_ctype_c.o)


    Execution Region RW_IRAM1 (Exec base: 0x20000000, Load base: 0x0800d128, Size: 0x00002bc0, Max: 0x00005000, ABSOLUTE)

    Exec Addr    Load Addr    Size         Type   Attr      Idx    E Section Name        Object

    0x20000000   0x0800d128   0x00000008   Data   RW          670    .data..L_MergedGlobals  stm32f1xx_hal.o
    0x20000008   0x0800d130   0x00000018   Data   RW         1915    .data..L_MergedGlobals  print.o
    0x20000020   0x0800d148   0x00000080   Data   RW         1878    .data.BMP1          oledfont.o
    0x200000a0   0x0800d1c8   0x00000017   Data   RW         1866    .data.CMD_Data      oled.o
    0x200000b7   0x0800d1df   0x00000001   PAD
    0x200000b8   0x0800d1e0   0x00000004   Data   RW         1214    .data.SystemCoreClock  system_stm32f1xx.o
    0x200000bc   0x0800d1e4   0x00000004   Data   RW         1685    .data.uxCriticalNesting  port.o
    0x200000c0        -       0x000000e4   Zero   RW         2052    .bss                c_w.l(rand.o)
    0x200001a4        -       0x00000060   Zero   RW         2240    .bss                c_w.l(libspace.o)
    0x20000204        -       0x00000010   Zero   RW           57    .bss..L_MergedGlobals  freertos.o
    0x20000214        -       0x00000074   Zero   RW         1473    .bss..L_MergedGlobals  tasks.o
    0x20000288        -       0x0000003c   Zero   RW         1515    .bss..L_MergedGlobals  timers.o
    0x200002c4        -       0x00000020   Zero   RW         1652    .bss..L_MergedGlobals  heap_4.o
    0x200002e4        -       0x00000008   Zero   RW         1686    .bss..L_MergedGlobals  port.o
    0x200002ec        -       0x0000006c   Zero   RW         1700    .bss..L_MergedGlobals  all_init.o
    0x20000358        -       0x00000028   Zero   RW         1941    .bss..L_MergedGlobals  bsp_dwt.o
    0x20000380        -       0x00000020   Zero   RW         1916    .bss..L_MergedGlobals.29  print.o
    0x200003a0        -       0x00000780   Zero   RW         1699    .bss.ALL_MOTOR      all_init.o
    0x20000b20        -       0x00000080   Zero   RW         1912    .bss.OLED_ShowAfraidWaveform.buffer  print.o
    0x20000ba0        -       0x00000080   Zero   RW         1913    .bss.OLED_ShowRelaxedWaveform.buffer  print.o
    0x20000c20        -       0x00000080   Zero   RW         1910    .bss.OLED_ShowSadMoodWaveform.buffer  print.o
    0x20000ca0        -       0x00000080   Zero   RW         1911    .bss.OLED_ShowSurprisedWaveform.buffer  print.o
    0x20000d20        -       0x00000080   Zero   RW         1908    .bss.OLED_ShowWaveform.buffer  print.o
    0x20000da0        -       0x00000028   Zero   RW         1815    .bss.gps_data       gps.o
    0x20000dc8        -       0x00000100   Zero   RW         1816    .bss.gps_rx_buffer  gps.o
    0x20000ec8        -       0x00000028   Zero   RW           72    .bss.hcan           can.o
    0x20000ef0        -       0x00000044   Zero   RW          130    .bss.hdma_usart1_rx  usart.o
    0x20000f34        -       0x00000044   Zero   RW          131    .bss.hdma_usart1_tx  usart.o
    0x20000f78        -       0x00000044   Zero   RW          133    .bss.hdma_usart2_rx  usart.o
    0x20000fbc        -       0x00000044   Zero   RW          132    .bss.hdma_usart2_tx  usart.o
    0x20001000        -       0x00000054   Zero   RW           96    .bss.hi2c1          i2c.o
    0x20001054        -       0x00000048   Zero   RW          197    .bss.htim1          stm32f1xx_hal_timebase_tim.o
    0x2000109c        -       0x00000048   Zero   RW          111    .bss.htim2          tim.o
    0x200010e4        -       0x00000048   Zero   RW          128    .bss.huart1         usart.o
    0x2000112c        -       0x00000048   Zero   RW          129    .bss.huart2         usart.o
    0x20001174        -       0x00000078   Zero   RW         1513    .bss.prvCheckForValidListAndQueue.ucStaticTimerQueueStorage  timers.o
    0x200011ec        -       0x00000048   Zero   RW         1512    .bss.prvCheckForValidListAndQueue.xStaticTimerQueue  timers.o
    0x20001234        -       0x0000008c   Zero   RW         1471    .bss.pxReadyTasksLists  tasks.o
    0x200012c0        -       0x00000c00   Zero   RW         1651    .bss.ucHeap         heap_4.o
    0x20001ec0        -       0x00000004   Zero   RW          669    .bss.uwTick         stm32f1xx_hal.o
    0x20001ec4        -       0x00000014   Zero   RW         1472    .bss.xDelayedTaskList2  tasks.o
    0x20001ed8        -       0x00000200   Zero   RW           50    .bss.xIdleStack     freertos.o
    0x200020d8        -       0x00000054   Zero   RW           49    .bss.xIdleTaskTCBBuffer  freertos.o
    0x2000212c        -       0x00000040   Zero   RW         1328    .bss.xQueueRegistry  queue.o
    0x2000216c        -       0x00000400   Zero   RW           52    .bss.xTimerStack    freertos.o
    0x2000256c        -       0x00000054   Zero   RW           51    .bss.xTimerTaskTCBBuffer  freertos.o
    0x200025c0        -       0x00000200   Zero   RW            2    HEAP                startup_stm32f103xb.o
    0x200027c0        -       0x00000400   Zero   RW            1    STACK               startup_stm32f103xb.o


==============================================================================

Image component sizes


      Code (inc. data)   RO Data    RW Data    ZI Data      Debug   Object Name

       136          0          0          0       2028       5919   all_init.o
        60          0          0          0          0       1461   all_task.o
       314          0          0          0         40       4669   bsp_dwt.o
       224          0          0          0         40       4938   can.o
        64          0          0          0          0       4131   can_bsp.o
       134          0          0          0          0      26767   cmsis_os.o
        70          0          0          0          0       6663   controller.o
        92          0          0          0          0       5322   dji_motor.o
       100          0          0          0          0       2202   dma.o
       202          0        119          0       1720       4796   freertos.o
       262          0         48          0          0       4542   gimbal_task.o
       156          0          0          0          0       1607   gpio.o
      3584         24          0          0        296      12429   gps.o
       732          0          0          0       3104       5730   heap_4.o
       164          0          0          0         84       4455   i2c.o
       214          0          0          0          0       5876   irqn.o
       190          0          0          0          0       2352   list.o
       164          0          0          0          0       5344   main.o
      5808          0          0         23          0      23783   oled.o
         0          0       2248        128          0        526   oledfont.o
       744         12          0          4          8       3918   port.o
      3134         48        218         24        672       6241   print.o
      1828          0          0          0         64      27204   queue.o
        64         26        236          0       1536        804   startup_stm32f103xb.o
        76          0          0          8          4       5770   stm32f1xx_hal.o
      1552          6          0          0          0      13623   stm32f1xx_hal_can.o
       150          0          0          0          0       8496   stm32f1xx_hal_cortex.o
       956          0          0          0          0       8449   stm32f1xx_hal_dma.o
       566         22          0          0          0       4637   stm32f1xx_hal_gpio.o
      1988          0          0          0          0      42648   stm32f1xx_hal_i2c.o
        80          0          0          0          0       2399   stm32f1xx_hal_msp.o
      1536          0         18          0          0       7679   stm32f1xx_hal_rcc.o
      1114          0          0          0          0      55273   stm32f1xx_hal_tim.o
       126          0          0          0          0      20686   stm32f1xx_hal_tim_ex.o
       176          0          0          0         72       5805   stm32f1xx_hal_timebase_tim.o
      3530          0          0          0          0      32551   stm32f1xx_hal_uart.o
       160          0          0          0          0       7796   stm32f1xx_it.o
         2          0         24          4          0       1650   system_stm32f1xx.o
      2652          8          0          0        276      27722   tasks.o
       180          0          0          0         72       5809   tim.o
      1066         18          5          0        252      14628   timers.o
       600          0          0          0        416       6025   usart.o

    ----------------------------------------------------------------------
     35196        176       2948        192      10684     443325   Object Totals
         0          0         32          0          0          0   (incl. Generated)
       246         12          0          1          0          0   (incl. Padding)

    ----------------------------------------------------------------------

      Code (inc. data)   RO Data    RW Data    ZI Data      Debug   Library Member Name

         8          0          0          0          0         68   __main.o
       284          0          0          0          0        156   __printf_wp.o
         0          0          0          0          0          0   __rtentry.o
        12          0          0          0          0          0   __rtentry2.o
         6          0          0          0          0          0   __rtentry4.o
        52          8          0          0          0          0   __scatter.o
        26          0          0          0          0          0   __scatter_copy.o
        28          0          0          0          0          0   __scatter_zi.o
        28          0          0          0          0         68   _chval.o
        48          6          0          0          0         96   _printf_char_common.o
         6          0          0          0          0          0   _printf_f.o
      1052          0          0          0          0        148   _printf_fp_dec.o
       128         16          0          0          0         84   _printf_fp_infnan.o
         0          0          0          0          0          0   _printf_percent.o
         4          0          0          0          0          0   _printf_percent_end.o
        22          0          0          0          0        100   _rserrno.o
        64          0          0          0          0         84   _sgetc.o
        16          0          0          0          0         68   _snputc.o
       158          0          0          0          0         92   _strtoul.o
        26          0          0          0          0         80   atoi.o
        26          0          0          0          0         80   atol.o
       228          4        148          0          0         96   bigflt0.o
      2152        136          0          0          0        956   btod.o
        18          0          0          0          0         80   exit.o
         6          0          0          0          0        152   heapauxi.o
         0          0          0          0          0          0   indicate_semi.o
        18          0          0          0          0         76   isspace.o
        44         10        272          0          0         76   lc_ctype_c.o
        44         10         28          0          0         76   lc_numeric_c.o
         2          0          0          0          0          0   libinit.o
        34          0          0          0          0          0   libinit2.o
         2          0          0          0          0          0   libshutdown.o
         2          0          0          0          0          0   libshutdown2.o
         8          4          0          0         96         68   libspace.o
        38          0          0          0          0         68   llshl.o
       138          0          0          0          0         80   lludiv10.o
       240          0          0          0          0        100   lludivv7m.o
        88          0          0          0          0         76   memcmp.o
        64          6          0          0          0         84   noretval__2snprintf.o
       112         18          0          0        228        160   rand.o
        16          4          0          0          0         76   rt_ctype_table.o
         8          4          0          0          0         68   rt_errno_addr_intlibspace.o
         8          4          0          0          0         68   rt_locale_intlibspace.o
        68          0          0          0          0         68   rt_memclr.o
        78          0          0          0          0         80   rt_memclr_w.o
       138          0          0          0          0         68   rt_memcpy_v6.o
       100          0          0          0          0         80   rt_memcpy_w.o
         2          0          0          0          0          0   rtexit.o
        10          0          0          0          0          0   rtexit2.o
      1272         16          0          0          0        168   scanf_fp.o
       800         14          0          0          0        100   scanf_hexfp.o
       308         16          0          0          0        100   scanf_infnan.o
       128          0          0          0          0         68   strcmpv7m.o
       176         14          0          0          0        124   strtod.o
       112          0          0          0          0         88   strtol.o
        12          4          0          0          0         68   sys_exit.o
        74          0          0          0          0         80   sys_stackheap_outer.o
         2          0          0          0          0         68   use_no_semi.o
        98          4          0          0          0         92   d2f.o
       812         16          0          0          0        296   daddsub_clz.o
        16          4          0          0          0         68   dcheck1.o
        24          0          0          0          0         68   dcmpi.o
       692        140          0          0          0        216   ddiv.o
       120          4          0          0          0         92   deqf.o
        94          4          0          0          0         92   dfix.o
        46          0          0          0          0         68   dflt_clz.o
       120          4          0          0          0         92   dleqf.o
       340         12          0          0          0        104   dmul.o
       156          4          0          0          0         92   dnaninf.o
        12          0          0          0          0         68   dretinf.o
       108          0          0          0          0         80   drleqf.o
        86          4          0          0          0         84   f2d.o
       450          8          0          0          0        236   faddsub_clz.o
        12          4          0          0          0         68   fcheck1.o
        84          0          0          0          0        196   fcmp.o
        24          0          0          0          0         68   fcmpi.o
       388         76          0          0          0         96   fdiv.o
       104          4          0          0          0         84   feqf.o
        54          4          0          0          0         84   ffix.o
        86          0          0          0          0        136   fflt_clz.o
       104          4          0          0          0         84   fgeqf.o
       104          4          0          0          0         84   fleqf.o
       258          4          0          0          0         84   fmul.o
       140          4          0          0          0         84   fnaninf.o
         0          0         16          0          0          0   fpconst.o
        10          0          0          0          0         68   fretinf.o
        96          4          0          0          0         76   frnd.o
         6          0          0          0          0         68   istatus.o
         4          0          0          0          0         68   printf1.o
       100          0          0          0          0         68   retnan.o
        92          0          0          0          0         68   scalbn.o
        76          0          0          0          0         68   scalbnf.o
         4          0          0          0          0         68   scanf1.o
         8          0          0          0          0         84   scanf2.o
        48          0          0          0          0         68   trapv.o
         0          0          0          0          0          0   usenofp.o
        44          0          0          0          0         84   atof.o
        30          6          0          0          0        136   dunder.o
        40          0          0          0          0         68   fpclassify.o
        38          0          0          0          0         68   fpclassifyf.o
        88          8          0          0          0         76   frexp.o
        24          0          0          0          0        204   funder.o
       138          0          0          0          0        160   ldexp.o
       204          4          0          0          0        168   narrow.o
       360         16         32          0          0         88   rredf.o
       392         54          0          0          0        124   sinf.o

    ----------------------------------------------------------------------
     14904        694        496          0        324       9340   Library Totals
        26          0          0          0          0          0   (incl. Padding)

    ----------------------------------------------------------------------

      Code (inc. data)   RO Data    RW Data    ZI Data      Debug   Library Name

      8544        294        448          0        324       4644   c_w.l
      4976        312         16          0          0       3520   fz_ws.l
      1358         88         32          0          0       1176   m_ws.l

    ----------------------------------------------------------------------
     14904        694        496          0        324       9340   Library Totals

    ----------------------------------------------------------------------

==============================================================================


      Code (inc. data)   RO Data    RW Data    ZI Data      Debug   

     50100        870       3444        192      11008     446473   Grand Totals
     50100        870       3444        192      11008     446473   ELF Image Totals
     50100        870       3444        192          0          0   ROM Totals

==============================================================================

    Total RO  Size (Code + RO Data)                53544 (  52.29kB)
    Total RW  Size (RW Data + ZI Data)             11200 (  10.94kB)
    Total ROM Size (Code + RO Data + RW Data)      53736 (  52.48kB)

==============================================================================

